Archive member included to satisfy reference by file (symbol)

d:/clion_stm32/gcc-arm-none-eabi-10.3-2021.10/bin/../lib/gcc/arm-none-eabi/10.3.1/thumb/v7e-m/nofp\libgcc.a(_arm_muldf3.o)
                              CMakeFiles/lv_imp.elf.dir/ADC/adc.c.obj (__aeabi_dmul)
d:/clion_stm32/gcc-arm-none-eabi-10.3-2021.10/bin/../lib/gcc/arm-none-eabi/10.3.1/thumb/v7e-m/nofp\libgcc.a(_arm_mulsf3.o)
                              CMakeFiles/lv_imp.elf.dir/Core/Src/main.c.obj (__aeabi_fmul)
d:/clion_stm32/gcc-arm-none-eabi-10.3-2021.10/bin/../lib/gcc/arm-none-eabi/10.3.1/thumb/v7e-m/nofp\libgcc.a(_arm_addsubdf3.o)
                              CMakeFiles/lv_imp.elf.dir/ADC/adc.c.obj (__aeabi_dsub)
d:/clion_stm32/gcc-arm-none-eabi-10.3-2021.10/bin/../lib/gcc/arm-none-eabi/10.3.1/thumb/v7e-m/nofp\libgcc.a(_arm_muldivdf3.o)
                              CMakeFiles/lv_imp.elf.dir/ADC/adc.c.obj (__aeabi_ddiv)
d:/clion_stm32/gcc-arm-none-eabi-10.3-2021.10/bin/../lib/gcc/arm-none-eabi/10.3.1/thumb/v7e-m/nofp\libgcc.a(_arm_cmpdf2.o)
                              CMakeFiles/lv_imp.elf.dir/lvgl/src/misc/lv_printf.c.obj (__aeabi_dcmpeq)
d:/clion_stm32/gcc-arm-none-eabi-10.3-2021.10/bin/../lib/gcc/arm-none-eabi/10.3.1/thumb/v7e-m/nofp\libgcc.a(_arm_fixdfsi.o)
                              CMakeFiles/lv_imp.elf.dir/ADC/adc.c.obj (__aeabi_d2iz)
d:/clion_stm32/gcc-arm-none-eabi-10.3-2021.10/bin/../lib/gcc/arm-none-eabi/10.3.1/thumb/v7e-m/nofp\libgcc.a(_arm_fixunsdfsi.o)
                              CMakeFiles/lv_imp.elf.dir/lvgl/src/misc/lv_printf.c.obj (__aeabi_d2uiz)
d:/clion_stm32/gcc-arm-none-eabi-10.3-2021.10/bin/../lib/gcc/arm-none-eabi/10.3.1/thumb/v7e-m/nofp\libgcc.a(_arm_truncdfsf2.o)
                              CMakeFiles/lv_imp.elf.dir/AHT10/aht10.c.obj (__aeabi_d2f)
d:/clion_stm32/gcc-arm-none-eabi-10.3-2021.10/bin/../lib/gcc/arm-none-eabi/10.3.1/thumb/v7e-m/nofp\libgcc.a(_arm_addsubsf3.o)
                              CMakeFiles/lv_imp.elf.dir/ADC/adc.c.obj (__aeabi_ui2f)
d:/clion_stm32/gcc-arm-none-eabi-10.3-2021.10/bin/../lib/gcc/arm-none-eabi/10.3.1/thumb/v7e-m/nofp\libgcc.a(_arm_cmpsf2.o)
                              CMakeFiles/lv_imp.elf.dir/Core/Src/main.c.obj (__aeabi_fcmplt)
d:/clion_stm32/gcc-arm-none-eabi-10.3-2021.10/bin/../lib/gcc/arm-none-eabi/10.3.1/thumb/v7e-m/nofp\libgcc.a(_arm_fixunssfsi.o)
                              CMakeFiles/lv_imp.elf.dir/Core/Src/main.c.obj (__aeabi_f2uiz)
d:/clion_stm32/gcc-arm-none-eabi-10.3-2021.10/bin/../lib/gcc/arm-none-eabi/10.3.1/thumb/v7e-m/nofp\libgcc.a(_aeabi_uldivmod.o)
                              CMakeFiles/lv_imp.elf.dir/lvgl/src/misc/lv_printf.c.obj (__aeabi_uldivmod)
d:/clion_stm32/gcc-arm-none-eabi-10.3-2021.10/bin/../lib/gcc/arm-none-eabi/10.3.1/thumb/v7e-m/nofp\libgcc.a(_udivmoddi4.o)
                              d:/clion_stm32/gcc-arm-none-eabi-10.3-2021.10/bin/../lib/gcc/arm-none-eabi/10.3.1/thumb/v7e-m/nofp\libgcc.a(_aeabi_uldivmod.o) (__udivmoddi4)
d:/clion_stm32/gcc-arm-none-eabi-10.3-2021.10/bin/../lib/gcc/arm-none-eabi/10.3.1/thumb/v7e-m/nofp\libgcc.a(_dvmd_tls.o)
                              d:/clion_stm32/gcc-arm-none-eabi-10.3-2021.10/bin/../lib/gcc/arm-none-eabi/10.3.1/thumb/v7e-m/nofp\libgcc.a(_aeabi_uldivmod.o) (__aeabi_ldiv0)
d:/clion_stm32/gcc-arm-none-eabi-10.3-2021.10/bin/../lib/gcc/arm-none-eabi/10.3.1/../../../../arm-none-eabi/lib/thumb/v7e-m/nofp\libg.a(lib_a-assert.o)
                              CMakeFiles/lv_imp.elf.dir/lvgl/src/libs/qrcode/qrcodegen.c.obj (__assert_func)
d:/clion_stm32/gcc-arm-none-eabi-10.3-2021.10/bin/../lib/gcc/arm-none-eabi/10.3.1/../../../../arm-none-eabi/lib/thumb/v7e-m/nofp\libg.a(lib_a-errno.o)
                              CMakeFiles/lv_imp.elf.dir/Core/Src/syscalls.c.obj (__errno)
d:/clion_stm32/gcc-arm-none-eabi-10.3-2021.10/bin/../lib/gcc/arm-none-eabi/10.3.1/../../../../arm-none-eabi/lib/thumb/v7e-m/nofp\libg.a(lib_a-exit.o)
                              d:/clion_stm32/gcc-arm-none-eabi-10.3-2021.10/bin/../lib/gcc/arm-none-eabi/10.3.1/../../../../arm-none-eabi/lib/thumb/v7e-m/nofp/crt0.o (exit)
d:/clion_stm32/gcc-arm-none-eabi-10.3-2021.10/bin/../lib/gcc/arm-none-eabi/10.3.1/../../../../arm-none-eabi/lib/thumb/v7e-m/nofp\libg.a(lib_a-fiprintf.o)
                              d:/clion_stm32/gcc-arm-none-eabi-10.3-2021.10/bin/../lib/gcc/arm-none-eabi/10.3.1/../../../../arm-none-eabi/lib/thumb/v7e-m/nofp\libg.a(lib_a-assert.o) (fiprintf)
d:/clion_stm32/gcc-arm-none-eabi-10.3-2021.10/bin/../lib/gcc/arm-none-eabi/10.3.1/../../../../arm-none-eabi/lib/thumb/v7e-m/nofp\libg.a(lib_a-impure.o)
                              d:/clion_stm32/gcc-arm-none-eabi-10.3-2021.10/bin/../lib/gcc/arm-none-eabi/10.3.1/../../../../arm-none-eabi/lib/thumb/v7e-m/nofp\libg.a(lib_a-exit.o) (_global_impure_ptr)
d:/clion_stm32/gcc-arm-none-eabi-10.3-2021.10/bin/../lib/gcc/arm-none-eabi/10.3.1/../../../../arm-none-eabi/lib/thumb/v7e-m/nofp\libg.a(lib_a-init.o)
[...]
Memory Configuration

Name             Origin             Length             Attributes
RAM              0x20000000         0x00018000         xrw
RAM2             0x10000000         0x00008000         xrw
FLASH            0x08000000         0x00080000         xr
*default*        0x00000000         0xffffffff

Linker script and memory map

LOAD d:/clion_stm32/gcc-arm-none-eabi-10.3-2021.10/bin/../lib/gcc/arm-none-eabi/10.3.1/thumb/v7e-m/nofp/crti.o
LOAD d:/clion_stm32/gcc-arm-none-eabi-10.3-2021.10/bin/../lib/gcc/arm-none-eabi/10.3.1/thumb/v7e-m/nofp/crtbegin.o
LOAD d:/clion_stm32/gcc-arm-none-eabi-10.3-2021.10/bin/../lib/gcc/arm-none-eabi/10.3.1/../../../../arm-none-eabi/lib/thumb/v7e-m/nofp/crt0.o
LOAD CMakeFiles/lv_imp.elf.dir/ADC/adc.c.obj
LOAD CMakeFiles/lv_imp.elf.dir/AHT10/aht10.c.obj
LOAD CMakeFiles/lv_imp.elf.dir/Core/Src/main.c.obj
LOAD CMakeFiles/lv_imp.elf.dir/Core/Src/stm32l4xx_hal_msp.c.obj
LOAD CMakeFiles/lv_imp.elf.dir/Core/Src/stm32l4xx_it.c.obj
LOAD CMakeFiles/lv_imp.elf.dir/Core/Src/syscalls.c.obj
LOAD CMakeFiles/lv_imp.elf.dir/Core/Src/system_stm32l4xx.c.obj
LOAD CMakeFiles/lv_imp.elf.dir/Drivers/STM32L4xx_HAL_Driver/Src/stm32l4xx_hal.c.obj
LOAD CMakeFiles/lv_imp.elf.dir/Drivers/STM32L4xx_HAL_Driver/Src/stm32l4xx_hal_adc.c.obj
LOAD CMakeFiles/lv_imp.elf.dir/Drivers/STM32L4xx_HAL_Driver/Src/stm32l4xx_hal_adc_ex.c.obj
LOAD CMakeFiles/lv_imp.elf.dir/Drivers/STM32L4xx_HAL_Driver/Src/stm32l4xx_hal_cortex.c.obj
LOAD CMakeFiles/lv_imp.elf.dir/Drivers/STM32L4xx_HAL_Driver/Src/stm32l4xx_hal_dma.c.obj
LOAD CMakeFiles/lv_imp.elf.dir/Drivers/STM32L4xx_HAL_Driver/Src/stm32l4xx_hal_dma_ex.c.obj
LOAD CMakeFiles/lv_imp.elf.dir/Drivers/STM32L4xx_HAL_Driver/Src/stm32l4xx_hal_exti.c.obj
LOAD CMakeFiles/lv_imp.elf.dir/Drivers/STM32L4xx_HAL_Driver/Src/stm32l4xx_hal_flash.c.obj
LOAD CMakeFiles/lv_imp.elf.dir/Drivers/STM32L4xx_HAL_Driver/Src/stm32l4xx_hal_flash_ex.c.obj
LOAD CMakeFiles/lv_imp.elf.dir/Drivers/STM32L4xx_HAL_Driver/Src/stm32l4xx_hal_flash_ramfunc.c.obj
LOAD CMakeFiles/lv_imp.elf.dir/Drivers/STM32L4xx_HAL_Driver/Src/stm32l4xx_hal_gpio.c.obj
LOAD CMakeFiles/lv_imp.elf.dir/Drivers/STM32L4xx_HAL_Driver/Src/stm32l4xx_hal_i2c.c.obj
LOAD CMakeFiles/lv_imp.elf.dir/Drivers/STM32L4xx_HAL_Driver/Src/stm32l4xx_hal_i2c_ex.c.obj
LOAD CMakeFiles/lv_imp.elf.dir/Drivers/STM32L4xx_HAL_Driver/Src/stm32l4xx_hal_pwr.c.obj
LOAD CMakeFiles/lv_imp.elf.dir/Drivers/STM32L4xx_HAL_Driver/Src/stm32l4xx_hal_pwr_ex.c.obj
LOAD CMakeFiles/lv_imp.elf.dir/Drivers/STM32L4xx_HAL_Driver/Src/stm32l4xx_hal_rcc.c.obj
LOAD CMakeFiles/lv_imp.elf.dir/Drivers/STM32L4xx_HAL_Driver/Src/stm32l4xx_hal_rcc_ex.c.obj
LOAD CMakeFiles/lv_imp.elf.dir/Drivers/STM32L4xx_HAL_Driver/Src/stm32l4xx_hal_spi.c.obj
LOAD CMakeFiles/lv_imp.elf.dir/Drivers/STM32L4xx_HAL_Driver/Src/stm32l4xx_hal_spi_ex.c.obj
LOAD CMakeFiles/lv_imp.elf.dir/Drivers/STM32L4xx_HAL_Driver/Src/stm32l4xx_hal_tim.c.obj
LOAD CMakeFiles/lv_imp.elf.dir/Drivers/STM32L4xx_HAL_Driver/Src/stm32l4xx_hal_tim_ex.c.obj
LOAD CMakeFiles/lv_imp.elf.dir/Drivers/STM32L4xx_HAL_Driver/Src/stm32l4xx_hal_usart.c.obj
LOAD CMakeFiles/lv_imp.elf.dir/Drivers/STM32L4xx_HAL_Driver/Src/stm32l4xx_hal_usart_ex.c.obj
LOAD CMakeFiles/lv_imp.elf.dir/KEY/key.c.obj
LOAD CMakeFiles/lv_imp.elf.dir/LCD/delay.c.obj
LOAD CMakeFiles/lv_imp.elf.dir/LCD/lcd.c.obj
LOAD CMakeFiles/lv_imp.elf.dir/LCD/spi3.c.obj
LOAD CMakeFiles/lv_imp.elf.dir/LED/led.c.obj
LOAD CMakeFiles/lv_imp.elf.dir/MYIIC/myiic.c.obj
LOAD CMakeFiles/lv_imp.elf.dir/TIMER/timer.c.obj
LOAD CMakeFiles/lv_imp.elf.dir/lvgl/lv_port_disp.c.obj
LOAD CMakeFiles/lv_imp.elf.dir/lvgl/lv_port_indev.c.obj
LOAD CMakeFiles/lv_imp.elf.dir/lvgl/src/core/lv_disp.c.obj
LOAD CMakeFiles/lv_imp.elf.dir/lvgl/src/core/lv_group.c.obj
LOAD CMakeFiles/lv_imp.elf.dir/lvgl/src/core/lv_indev.c.obj
LOAD CMakeFiles/lv_imp.elf.dir/lvgl/src/core/lv_indev_scroll.c.obj
LOAD CMakeFiles/lv_imp.elf.dir/lvgl/src/core/lv_obj.c.obj
LOAD CMakeFiles/lv_imp.elf.dir/lvgl/src/core/lv_obj_class.c.obj
LOAD CMakeFiles/lv_imp.elf.dir/lvgl/src/core/lv_obj_draw.c.obj
LOAD CMakeFiles/lv_imp.elf.dir/lvgl/src/core/lv_obj_event.c.obj
LOAD CMakeFiles/lv_imp.elf.dir/lvgl/src/core/lv_obj_pos.c.obj
LOAD CMakeFiles/lv_imp.elf.dir/lvgl/src/core/lv_obj_scroll.c.obj
LOAD CMakeFiles/lv_imp.elf.dir/lvgl/src/core/lv_obj_style.c.obj
LOAD CMakeFiles/lv_imp.elf.dir/lvgl/src/core/lv_obj_style_gen.c.obj
LOAD CMakeFiles/lv_imp.elf.dir/lvgl/src/core/lv_obj_tree.c.obj
LOAD CMakeFiles/lv_imp.elf.dir/lvgl/src/core/lv_refr.c.obj
LOAD CMakeFiles/lv_imp.elf.dir/lvgl/src/core/lv_theme.c.obj
LOAD CMakeFiles/lv_imp.elf.dir/lvgl/src/dev/disp/fb/lv_linux_fbdev.c.obj
LOAD CMakeFiles/lv_imp.elf.dir/lvgl/src/dev/disp/tft_espi/lv_tft_espi.cpp.obj
LOAD CMakeFiles/lv_imp.elf.dir/lvgl/src/dev/sdl/lv_sdl_keyboard.c.obj
LOAD CMakeFiles/lv_imp.elf.dir/lvgl/src/dev/sdl/lv_sdl_mouse.c.obj
LOAD CMakeFiles/lv_imp.elf.dir/lvgl/src/dev/sdl/lv_sdl_mousewheel.c.obj
LOAD CMakeFiles/lv_imp.elf.dir/lvgl/src/dev/sdl/lv_sdl_window.c.obj
LOAD CMakeFiles/lv_imp.elf.dir/lvgl/src/draw/arm2d/lv_gpu_arm2d.c.obj
LOAD CMakeFiles/lv_imp.elf.dir/lvgl/src/draw/gd32_ipa/lv_gpu_gd32_ipa.c.obj
LOAD CMakeFiles/lv_imp.elf.dir/lvgl/src/draw/lv_draw.c.obj
LOAD CMakeFiles/lv_imp.elf.dir/lvgl/src/draw/lv_draw_arc.c.obj
LOAD CMakeFiles/lv_imp.elf.dir/lvgl/src/draw/lv_draw_img.c.obj
LOAD CMakeFiles/lv_imp.elf.dir/lvgl/src/draw/lv_draw_label.c.obj
LOAD CMakeFiles/lv_imp.elf.dir/lvgl/src/draw/lv_draw_layer.c.obj
LOAD CMakeFiles/lv_imp.elf.dir/lvgl/src/draw/lv_draw_line.c.obj
LOAD CMakeFiles/lv_imp.elf.dir/lvgl/src/draw/lv_draw_mask.c.obj
LOAD CMakeFiles/lv_imp.elf.dir/lvgl/src/draw/lv_draw_rect.c.obj
LOAD CMakeFiles/lv_imp.elf.dir/lvgl/src/draw/lv_draw_transform.c.obj
LOAD CMakeFiles/lv_imp.elf.dir/lvgl/src/draw/lv_draw_triangle.c.obj
LOAD CMakeFiles/lv_imp.elf.dir/lvgl/src/draw/lv_img_buf.c.obj
LOAD CMakeFiles/lv_imp.elf.dir/lvgl/src/draw/lv_img_cache.c.obj
LOAD CMakeFiles/lv_imp.elf.dir/lvgl/src/draw/lv_img_cache_builtin.c.obj
LOAD CMakeFiles/lv_imp.elf.dir/lvgl/src/draw/lv_img_decoder.c.obj
LOAD CMakeFiles/lv_imp.elf.dir/lvgl/src/draw/nxp/pxp/lv_draw_pxp.c.obj
LOAD CMakeFiles/lv_imp.elf.dir/lvgl/src/draw/nxp/pxp/lv_draw_pxp_blend.c.obj
LOAD CMakeFiles/lv_imp.elf.dir/lvgl/src/draw/nxp/pxp/lv_gpu_nxp_pxp.c.obj
LOAD CMakeFiles/lv_imp.elf.dir/lvgl/src/draw/nxp/pxp/lv_gpu_nxp_pxp_osa.c.obj
LOAD CMakeFiles/lv_imp.elf.dir/lvgl/src/draw/nxp/vglite/lv_draw_vglite.c.obj
LOAD CMakeFiles/lv_imp.elf.dir/lvgl/src/draw/nxp/vglite/lv_draw_vglite_arc.c.obj
LOAD CMakeFiles/lv_imp.elf.dir/lvgl/src/draw/nxp/vglite/lv_draw_vglite_blend.c.obj
LOAD CMakeFiles/lv_imp.elf.dir/lvgl/src/draw/nxp/vglite/lv_draw_vglite_line.c.obj
LOAD CMakeFiles/lv_imp.elf.dir/lvgl/src/draw/nxp/vglite/lv_draw_vglite_rect.c.obj
LOAD CMakeFiles/lv_imp.elf.dir/lvgl/src/draw/nxp/vglite/lv_vglite_buf.c.obj
LOAD CMakeFiles/lv_imp.elf.dir/lvgl/src/draw/nxp/vglite/lv_vglite_utils.c.obj
LOAD CMakeFiles/lv_imp.elf.dir/lvgl/src/draw/sdl/lv_draw_sdl.c.obj
LOAD CMakeFiles/lv_imp.elf.dir/lvgl/src/draw/sdl/lv_draw_sdl_arc.c.obj
LOAD CMakeFiles/lv_imp.elf.dir/lvgl/src/draw/sdl/lv_draw_sdl_bg.c.obj
LOAD CMakeFiles/lv_imp.elf.dir/lvgl/src/draw/sdl/lv_draw_sdl_composite.c.obj
LOAD CMakeFiles/lv_imp.elf.dir/lvgl/src/draw/sdl/lv_draw_sdl_img.c.obj
LOAD CMakeFiles/lv_imp.elf.dir/lvgl/src/draw/sdl/lv_draw_sdl_label.c.obj
LOAD CMakeFiles/lv_imp.elf.dir/lvgl/src/draw/sdl/lv_draw_sdl_layer.c.obj
LOAD CMakeFiles/lv_imp.elf.dir/lvgl/src/draw/sdl/lv_draw_sdl_line.c.obj
LOAD CMakeFiles/lv_imp.elf.dir/lvgl/src/draw/sdl/lv_draw_sdl_mask.c.obj
LOAD CMakeFiles/lv_imp.elf.dir/lvgl/src/draw/sdl/lv_draw_sdl_polygon.c.obj
LOAD CMakeFiles/lv_imp.elf.dir/lvgl/src/draw/sdl/lv_draw_sdl_rect.c.obj
LOAD CMakeFiles/lv_imp.elf.dir/lvgl/src/draw/sdl/lv_draw_sdl_stack_blur.c.obj
LOAD CMakeFiles/lv_imp.elf.dir/lvgl/src/draw/sdl/lv_draw_sdl_texture_cache.c.obj
LOAD CMakeFiles/lv_imp.elf.dir/lvgl/src/draw/sdl/lv_draw_sdl_utils.c.obj
LOAD CMakeFiles/lv_imp.elf.dir/lvgl/src/draw/stm32_dma2d/lv_gpu_stm32_dma2d.c.obj
LOAD CMakeFiles/lv_imp.elf.dir/lvgl/src/draw/sw/lv_draw_sw.c.obj
LOAD CMakeFiles/lv_imp.elf.dir/lvgl/src/draw/sw/lv_draw_sw_arc.c.obj
LOAD CMakeFiles/lv_imp.elf.dir/lvgl/src/draw/sw/lv_draw_sw_blend.c.obj
LOAD CMakeFiles/lv_imp.elf.dir/lvgl/src/draw/sw/lv_draw_sw_dither.c.obj
LOAD CMakeFiles/lv_imp.elf.dir/lvgl/src/draw/sw/lv_draw_sw_gradient.c.obj
LOAD CMakeFiles/lv_imp.elf.dir/lvgl/src/draw/sw/lv_draw_sw_img.c.obj
LOAD CMakeFiles/lv_imp.elf.dir/lvgl/src/draw/sw/lv_draw_sw_layer.c.obj
LOAD CMakeFiles/lv_imp.elf.dir/lvgl/src/draw/sw/lv_draw_sw_letter.c.obj
LOAD CMakeFiles/lv_imp.elf.dir/lvgl/src/draw/sw/lv_draw_sw_line.c.obj
LOAD CMakeFiles/lv_imp.elf.dir/lvgl/src/draw/sw/lv_draw_sw_polygon.c.obj
LOAD CMakeFiles/lv_imp.elf.dir/lvgl/src/draw/sw/lv_draw_sw_rect.c.obj
LOAD CMakeFiles/lv_imp.elf.dir/lvgl/src/draw/sw/lv_draw_sw_transform.c.obj
LOAD CMakeFiles/lv_imp.elf.dir/lvgl/src/draw/swm341_dma2d/lv_gpu_swm341_dma2d.c.obj
LOAD CMakeFiles/lv_imp.elf.dir/lvgl/src/font/lv_font.c.obj
LOAD CMakeFiles/lv_imp.elf.dir/lvgl/src/font/lv_font_dejavu_16_persian_hebrew.c.obj
LOAD CMakeFiles/lv_imp.elf.dir/lvgl/src/font/lv_font_fmt_txt.c.obj
LOAD CMakeFiles/lv_imp.elf.dir/lvgl/src/font/lv_font_loader.c.obj
LOAD CMakeFiles/lv_imp.elf.dir/lvgl/src/font/lv_font_montserrat_10.c.obj
LOAD CMakeFiles/lv_imp.elf.dir/lvgl/src/font/lv_font_montserrat_12.c.obj
LOAD CMakeFiles/lv_imp.elf.dir/lvgl/src/font/lv_font_montserrat_12_subpx.c.obj
LOAD CMakeFiles/lv_imp.elf.dir/lvgl/src/font/lv_font_montserrat_14.c.obj
LOAD CMakeFiles/lv_imp.elf.dir/lvgl/src/font/lv_font_montserrat_16.c.obj
LOAD CMakeFiles/lv_imp.elf.dir/lvgl/src/font/lv_font_montserrat_18.c.obj
LOAD CMakeFiles/lv_imp.elf.dir/lvgl/src/font/lv_font_montserrat_20.c.obj
LOAD CMakeFiles/lv_imp.elf.dir/lvgl/src/font/lv_font_montserrat_22.c.obj
LOAD CMakeFiles/lv_imp.elf.dir/lvgl/src/font/lv_font_montserrat_24.c.obj
LOAD CMakeFiles/lv_imp.elf.dir/lvgl/src/font/lv_font_montserrat_26.c.obj
LOAD CMakeFiles/lv_imp.elf.dir/lvgl/src/font/lv_font_montserrat_28.c.obj
LOAD CMakeFiles/lv_imp.elf.dir/lvgl/src/font/lv_font_montserrat_28_compressed.c.obj
LOAD CMakeFiles/lv_imp.elf.dir/lvgl/src/font/lv_font_montserrat_30.c.obj
LOAD CMakeFiles/lv_imp.elf.dir/lvgl/src/font/lv_font_montserrat_32.c.obj
LOAD CMakeFiles/lv_imp.elf.dir/lvgl/src/font/lv_font_montserrat_34.c.obj
LOAD CMakeFiles/lv_imp.elf.dir/lvgl/src/font/lv_font_montserrat_36.c.obj
LOAD CMakeFiles/lv_imp.elf.dir/lvgl/src/font/lv_font_montserrat_38.c.obj
LOAD CMakeFiles/lv_imp.elf.dir/lvgl/src/font/lv_font_montserrat_40.c.obj
LOAD CMakeFiles/lv_imp.elf.dir/lvgl/src/font/lv_font_montserrat_42.c.obj
LOAD CMakeFiles/lv_imp.elf.dir/lvgl/src/font/lv_font_montserrat_44.c.obj
LOAD CMakeFiles/lv_imp.elf.dir/lvgl/src/font/lv_font_montserrat_46.c.obj
LOAD CMakeFiles/lv_imp.elf.dir/lvgl/src/font/lv_font_montserrat_48.c.obj
LOAD CMakeFiles/lv_imp.elf.dir/lvgl/src/font/lv_font_montserrat_8.c.obj
LOAD CMakeFiles/lv_imp.elf.dir/lvgl/src/font/lv_font_simsun_16_cjk.c.obj
LOAD CMakeFiles/lv_imp.elf.dir/lvgl/src/font/lv_font_unscii_16.c.obj
LOAD CMakeFiles/lv_imp.elf.dir/lvgl/src/font/lv_font_unscii_8.c.obj
LOAD CMakeFiles/lv_imp.elf.dir/lvgl/src/hal/lv_hal_tick.c.obj
LOAD CMakeFiles/lv_imp.elf.dir/lvgl/src/layouts/flex/lv_flex.c.obj
LOAD CMakeFiles/lv_imp.elf.dir/lvgl/src/layouts/grid/lv_grid.c.obj
LOAD CMakeFiles/lv_imp.elf.dir/lvgl/src/libs/barcode/code128.c.obj
LOAD CMakeFiles/lv_imp.elf.dir/lvgl/src/libs/barcode/lv_barcode.c.obj
LOAD CMakeFiles/lv_imp.elf.dir/lvgl/src/libs/bmp/lv_bmp.c.obj
LOAD CMakeFiles/lv_imp.elf.dir/lvgl/src/libs/ffmpeg/lv_ffmpeg.c.obj
LOAD CMakeFiles/lv_imp.elf.dir/lvgl/src/libs/freetype/lv_freetype.c.obj
LOAD CMakeFiles/lv_imp.elf.dir/lvgl/src/libs/freetype/lv_ftsystem.c.obj
LOAD CMakeFiles/lv_imp.elf.dir/lvgl/src/libs/fsdrv/lv_fs_cbfs.c.obj
LOAD CMakeFiles/lv_imp.elf.dir/lvgl/src/libs/fsdrv/lv_fs_fatfs.c.obj
LOAD CMakeFiles/lv_imp.elf.dir/lvgl/src/libs/fsdrv/lv_fs_posix.c.obj
LOAD CMakeFiles/lv_imp.elf.dir/lvgl/src/libs/fsdrv/lv_fs_stdio.c.obj
LOAD CMakeFiles/lv_imp.elf.dir/lvgl/src/libs/fsdrv/lv_fs_win32.c.obj
LOAD CMakeFiles/lv_imp.elf.dir/lvgl/src/libs/gif/gifdec.c.obj
LOAD CMakeFiles/lv_imp.elf.dir/lvgl/src/libs/gif/lv_gif.c.obj
LOAD CMakeFiles/lv_imp.elf.dir/lvgl/src/libs/png/lodepng.c.obj
LOAD CMakeFiles/lv_imp.elf.dir/lvgl/src/libs/png/lv_png.c.obj
LOAD CMakeFiles/lv_imp.elf.dir/lvgl/src/libs/qrcode/lv_qrcode.c.obj
LOAD CMakeFiles/lv_imp.elf.dir/lvgl/src/libs/qrcode/qrcodegen.c.obj
LOAD CMakeFiles/lv_imp.elf.dir/lvgl/src/libs/rlottie/lv_rlottie.c.obj
LOAD CMakeFiles/lv_imp.elf.dir/lvgl/src/libs/sjpg/lv_sjpg.c.obj
LOAD CMakeFiles/lv_imp.elf.dir/lvgl/src/libs/sjpg/tjpgd.c.obj
LOAD CMakeFiles/lv_imp.elf.dir/lvgl/src/libs/tiny_ttf/lv_tiny_ttf.c.obj
LOAD CMakeFiles/lv_imp.elf.dir/lvgl/src/misc/lv_anim.c.obj
LOAD CMakeFiles/lv_imp.elf.dir/lvgl/src/misc/lv_anim_timeline.c.obj
LOAD CMakeFiles/lv_imp.elf.dir/lvgl/src/misc/lv_area.c.obj
LOAD CMakeFiles/lv_imp.elf.dir/lvgl/src/misc/lv_async.c.obj
LOAD CMakeFiles/lv_imp.elf.dir/lvgl/src/misc/lv_bidi.c.obj
LOAD CMakeFiles/lv_imp.elf.dir/lvgl/src/misc/lv_color.c.obj
LOAD CMakeFiles/lv_imp.elf.dir/lvgl/src/misc/lv_event.c.obj
LOAD CMakeFiles/lv_imp.elf.dir/lvgl/src/misc/lv_fs.c.obj
LOAD CMakeFiles/lv_imp.elf.dir/lvgl/src/misc/lv_gc.c.obj
LOAD CMakeFiles/lv_imp.elf.dir/lvgl/src/misc/lv_ll.c.obj
LOAD CMakeFiles/lv_imp.elf.dir/lvgl/src/misc/lv_log.c.obj
LOAD CMakeFiles/lv_imp.elf.dir/lvgl/src/misc/lv_lru.c.obj
LOAD CMakeFiles/lv_imp.elf.dir/lvgl/src/misc/lv_malloc_builtin.c.obj
LOAD CMakeFiles/lv_imp.elf.dir/lvgl/src/misc/lv_math.c.obj
LOAD CMakeFiles/lv_imp.elf.dir/lvgl/src/misc/lv_mem.c.obj
LOAD CMakeFiles/lv_imp.elf.dir/lvgl/src/misc/lv_memcpy_builtin.c.obj
LOAD CMakeFiles/lv_imp.elf.dir/lvgl/src/misc/lv_printf.c.obj
LOAD CMakeFiles/lv_imp.elf.dir/lvgl/src/misc/lv_style.c.obj
LOAD CMakeFiles/lv_imp.elf.dir/lvgl/src/misc/lv_style_gen.c.obj
LOAD CMakeFiles/lv_imp.elf.dir/lvgl/src/misc/lv_templ.c.obj
LOAD CMakeFiles/lv_imp.elf.dir/lvgl/src/misc/lv_timer.c.obj
LOAD CMakeFiles/lv_imp.elf.dir/lvgl/src/misc/lv_tlsf.c.obj
LOAD CMakeFiles/lv_imp.elf.dir/lvgl/src/misc/lv_txt.c.obj
LOAD CMakeFiles/lv_imp.elf.dir/lvgl/src/misc/lv_txt_ap.c.obj
LOAD CMakeFiles/lv_imp.elf.dir/lvgl/src/misc/lv_utils.c.obj
LOAD CMakeFiles/lv_imp.elf.dir/lvgl/src/others/file_explorer/lv_file_explorer.c.obj
LOAD CMakeFiles/lv_imp.elf.dir/lvgl/src/others/fragment/lv_fragment.c.obj
LOAD CMakeFiles/lv_imp.elf.dir/lvgl/src/others/fragment/lv_fragment_manager.c.obj
LOAD CMakeFiles/lv_imp.elf.dir/lvgl/src/others/gridnav/lv_gridnav.c.obj
LOAD CMakeFiles/lv_imp.elf.dir/lvgl/src/others/ime/lv_ime_pinyin.c.obj
LOAD CMakeFiles/lv_imp.elf.dir/lvgl/src/others/imgfont/lv_imgfont.c.obj
LOAD CMakeFiles/lv_imp.elf.dir/lvgl/src/others/monkey/lv_monkey.c.obj
LOAD CMakeFiles/lv_imp.elf.dir/lvgl/src/others/msg/lv_msg.c.obj
LOAD CMakeFiles/lv_imp.elf.dir/lvgl/src/others/snapshot/lv_snapshot.c.obj
LOAD CMakeFiles/lv_imp.elf.dir/lvgl/src/themes/basic/lv_theme_basic.c.obj
LOAD CMakeFiles/lv_imp.elf.dir/lvgl/src/themes/default/lv_theme_default.c.obj
LOAD CMakeFiles/lv_imp.elf.dir/lvgl/src/themes/mono/lv_theme_mono.c.obj
LOAD CMakeFiles/lv_imp.elf.dir/lvgl/src/widgets/animimg/lv_animimg.c.obj
LOAD CMakeFiles/lv_imp.elf.dir/lvgl/src/widgets/arc/lv_arc.c.obj
LOAD CMakeFiles/lv_imp.elf.dir/lvgl/src/widgets/bar/lv_bar.c.obj
LOAD CMakeFiles/lv_imp.elf.dir/lvgl/src/widgets/btn/lv_btn.c.obj
LOAD CMakeFiles/lv_imp.elf.dir/lvgl/src/widgets/btnmatrix/lv_btnmatrix.c.obj
LOAD CMakeFiles/lv_imp.elf.dir/lvgl/src/widgets/calendar/lv_calendar.c.obj
LOAD CMakeFiles/lv_imp.elf.dir/lvgl/src/widgets/calendar/lv_calendar_header_arrow.c.obj
LOAD CMakeFiles/lv_imp.elf.dir/lvgl/src/widgets/calendar/lv_calendar_header_dropdown.c.obj
LOAD CMakeFiles/lv_imp.elf.dir/lvgl/src/widgets/canvas/lv_canvas.c.obj
LOAD CMakeFiles/lv_imp.elf.dir/lvgl/src/widgets/chart/lv_chart.c.obj
LOAD CMakeFiles/lv_imp.elf.dir/lvgl/src/widgets/checkbox/lv_checkbox.c.obj
LOAD CMakeFiles/lv_imp.elf.dir/lvgl/src/widgets/colorwheel/lv_colorwheel.c.obj
LOAD CMakeFiles/lv_imp.elf.dir/lvgl/src/widgets/dropdown/lv_dropdown.c.obj
LOAD CMakeFiles/lv_imp.elf.dir/lvgl/src/widgets/img/lv_img.c.obj
LOAD CMakeFiles/lv_imp.elf.dir/lvgl/src/widgets/imgbtn/lv_imgbtn.c.obj
LOAD CMakeFiles/lv_imp.elf.dir/lvgl/src/widgets/keyboard/lv_keyboard.c.obj
LOAD CMakeFiles/lv_imp.elf.dir/lvgl/src/widgets/label/lv_label.c.obj
LOAD CMakeFiles/lv_imp.elf.dir/lvgl/src/widgets/led/lv_led.c.obj
LOAD CMakeFiles/lv_imp.elf.dir/lvgl/src/widgets/line/lv_line.c.obj
LOAD CMakeFiles/lv_imp.elf.dir/lvgl/src/widgets/list/lv_list.c.obj
LOAD CMakeFiles/lv_imp.elf.dir/lvgl/src/widgets/menu/lv_menu.c.obj
LOAD CMakeFiles/lv_imp.elf.dir/lvgl/src/widgets/meter/lv_meter.c.obj
LOAD CMakeFiles/lv_imp.elf.dir/lvgl/src/widgets/msgbox/lv_msgbox.c.obj
LOAD CMakeFiles/lv_imp.elf.dir/lvgl/src/widgets/objx_templ/lv_objx_templ.c.obj
LOAD CMakeFiles/lv_imp.elf.dir/lvgl/src/widgets/roller/lv_roller.c.obj
LOAD CMakeFiles/lv_imp.elf.dir/lvgl/src/widgets/slider/lv_slider.c.obj
LOAD CMakeFiles/lv_imp.elf.dir/lvgl/src/widgets/span/lv_span.c.obj
LOAD CMakeFiles/lv_imp.elf.dir/lvgl/src/widgets/spinbox/lv_spinbox.c.obj
LOAD CMakeFiles/lv_imp.elf.dir/lvgl/src/widgets/spinner/lv_spinner.c.obj
LOAD CMakeFiles/lv_imp.elf.dir/lvgl/src/widgets/switch/lv_switch.c.obj
LOAD CMakeFiles/lv_imp.elf.dir/lvgl/src/widgets/table/lv_table.c.obj
LOAD CMakeFiles/lv_imp.elf.dir/lvgl/src/widgets/tabview/lv_tabview.c.obj
LOAD CMakeFiles/lv_imp.elf.dir/lvgl/src/widgets/textarea/lv_textarea.c.obj
LOAD CMakeFiles/lv_imp.elf.dir/lvgl/src/widgets/tileview/lv_tileview.c.obj
LOAD CMakeFiles/lv_imp.elf.dir/lvgl/src/widgets/win/lv_win.c.obj
LOAD CMakeFiles/lv_imp.elf.dir/myGui/myGui.c.obj
LOAD CMakeFiles/lv_imp.elf.dir/startup/startup_stm32l475xx.s.obj
LOAD d:/clion_stm32/gcc-arm-none-eabi-10.3-2021.10/bin/../lib/gcc/arm-none-eabi/10.3.1/../../../../arm-none-eabi/lib/thumb/v7e-m/nofp\libstdc++.a
LOAD d:/clion_stm32/gcc-arm-none-eabi-10.3-2021.10/bin/../lib/gcc/arm-none-eabi/10.3.1/../../../../arm-none-eabi/lib/thumb/v7e-m/nofp\libm.a
START GROUP
LOAD d:/clion_stm32/gcc-arm-none-eabi-10.3-2021.10/bin/../lib/gcc/arm-none-eabi/10.3.1/thumb/v7e-m/nofp\libgcc.a
LOAD d:/clion_stm32/gcc-arm-none-eabi-10.3-2021.10/bin/../lib/gcc/arm-none-eabi/10.3.1/../../../../arm-none-eabi/lib/thumb/v7e-m/nofp\libg.a
LOAD d:/clion_stm32/gcc-arm-none-eabi-10.3-2021.10/bin/../lib/gcc/arm-none-eabi/10.3.1/../../../../arm-none-eabi/lib/thumb/v7e-m/nofp\libc.a
END GROUP
LOAD d:/clion_stm32/gcc-arm-none-eabi-10.3-2021.10/bin/../lib/gcc/arm-none-eabi/10.3.1/thumb/v7e-m/nofp/crtend.o
LOAD d:/clion_stm32/gcc-arm-none-eabi-10.3-2021.10/bin/../lib/gcc/arm-none-eabi/10.3.1/thumb/v7e-m/nofp/crtn.o
                0x20018000                _estack = 0x20018000
                0x00000200                _Min_Heap_Size = 0x200
                0x00000400                _Min_Stack_Size = 0x400

.isr_vector     0x08000000      0x188
                0x08000000                . = ALIGN (0x8)
 *(.isr_vector)
 .isr_vector    0x08000000      0x188 CMakeFiles/lv_imp.elf.dir/startup/startup_stm32l475xx.s.obj
                0x08000000                g_pfnVectors
                0x08000188                . = ALIGN (0x8)

.text           0x080001c0    0x32280
                0x080001c0                . = ALIGN (0x8)
 *(.text)
 .text          0x080001c0       0x40 d:/clion_stm32/gcc-arm-none-eabi-10.3-2021.10/bin/../lib/gcc/arm-none-eabi/10.3.1/thumb/v7e-m/nofp/crtbegin.o
 .text          0x08000200      0x168 d:/clion_stm32/gcc-arm-none-eabi-10.3-2021.10/bin/../lib/gcc/arm-none-eabi/10.3.1/thumb/v7e-m/nofp\libgcc.a(_arm_mulsf3.o)
                0x08000200                __aeabi_fmul
                0x08000200                __mulsf3
 .text          0x08000368      0x378 d:/clion_stm32/gcc-arm-none-eabi-10.3-2021.10/bin/../lib/gcc/arm-none-eabi/10.3.1/thumb/v7e-m/nofp\libgcc.a(_arm_addsubdf3.o)
                0x08000368                __aeabi_drsub
                0x08000370                __aeabi_dsub
                0x08000370                __subdf3
                0x08000374                __aeabi_dadd
                0x08000374                __adddf3
                0x080005ec                __floatunsidf
                0x080005ec                __aeabi_ui2d
                0x0800060c                __floatsidf
                0x0800060c                __aeabi_i2d
                0x08000630                __aeabi_f2d
                0x08000630                __extendsfdf2
                0x08000674                __floatundidf
                0x08000674                __aeabi_ul2d
                0x08000684                __floatdidf
                0x08000684                __aeabi_l2d
 .text          0x080006e0      0x424 d:/clion_stm32/gcc-arm-none-eabi-10.3-2021.10/bin/../lib/gcc/arm-none-eabi/10.3.1/thumb/v7e-m/nofp\libgcc.a(_arm_muldivdf3.o)
                0x080006e0                __aeabi_dmul
                0x080006e0                __muldf3
                0x08000934                __divdf3
                0x08000934                __aeabi_ddiv
 .text          0x08000b04      0x110 d:/clion_stm32/gcc-arm-none-eabi-10.3-2021.10/bin/../lib/gcc/arm-none-eabi/10.3.1/thumb/v7e-m/nofp\libgcc.a(_arm_cmpdf2.o)
                0x08000b04                __gtdf2
                0x08000b04                __gedf2
                0x08000b0c                __ltdf2
                0x08000b0c                __ledf2
                0x08000b14                __nedf2
                0x08000b14                __eqdf2
                0x08000b14                __cmpdf2
                0x08000b90                __aeabi_cdrcmple
                0x08000ba0                __aeabi_cdcmpeq
                0x08000ba0                __aeabi_cdcmple
                0x08000bb0                __aeabi_dcmpeq
                0x08000bc4                __aeabi_dcmplt
                0x08000bd8                __aeabi_dcmple
                0x08000bec                __aeabi_dcmpge
                0x08000c00                __aeabi_dcmpgt
 .text          0x08000c14       0x50 d:/clion_stm32/gcc-arm-none-eabi-10.3-2021.10/bin/../lib/gcc/arm-none-eabi/10.3.1/thumb/v7e-m/nofp\libgcc.a(_arm_fixdfsi.o)
                0x08000c14                __aeabi_d2iz
                0x08000c14                __fixdfsi
 .text          0x08000c64       0x40 d:/clion_stm32/gcc-arm-none-eabi-10.3-2021.10/bin/../lib/gcc/arm-none-eabi/10.3.1/thumb/v7e-m/nofp\libgcc.a(_arm_fixunsdfsi.o)
                0x08000c64                __aeabi_d2uiz
                0x08000c64                __fixunsdfsi
 .text          0x08000ca4       0xa0 d:/clion_stm32/gcc-arm-none-eabi-10.3-2021.10/bin/../lib/gcc/arm-none-eabi/10.3.1/thumb/v7e-m/nofp\libgcc.a(_arm_truncdfsf2.o)
                0x08000ca4                __truncdfsf2
                0x08000ca4                __aeabi_d2f
 .text          0x08000d44       0xec d:/clion_stm32/gcc-arm-none-eabi-10.3-2021.10/bin/../lib/gcc/arm-none-eabi/10.3.1/thumb/v7e-m/nofp\libgcc.a(_arm_cmpsf2.o)
                0x08000d44                __gesf2
                0x08000d44                __gtsf2
                0x08000d4c                __lesf2
                0x08000d4c                __ltsf2
                0x08000d54                __nesf2
                0x08000d54                __eqsf2
                0x08000d54                __cmpsf2
                0x08000db4                __aeabi_cfrcmple
                0x08000dbc                __aeabi_cfcmpeq
                0x08000dbc                __aeabi_cfcmple
                0x08000dcc                __aeabi_fcmpeq
                0x08000de0                __aeabi_fcmplt
                0x08000df4                __aeabi_fcmple
                0x08000e08                __aeabi_fcmpge
                0x08000e1c                __aeabi_fcmpgt
 .text          0x08000e30       0x40 d:/clion_stm32/gcc-arm-none-eabi-10.3-2021.10/bin/../lib/gcc/arm-none-eabi/10.3.1/thumb/v7e-m/nofp\libgcc.a(_arm_fixunssfsi.o)
                0x08000e30                __fixunssfsi
                0x08000e30                __aeabi_f2uiz
 .text          0x08000e70       0x30 d:/clion_stm32/gcc-arm-none-eabi-10.3-2021.10/bin/../lib/gcc/arm-none-eabi/10.3.1/thumb/v7e-m/nofp\libgcc.a(_aeabi_uldivmod.o)
                0x08000e70                __aeabi_uldivmod
 .text          0x08000ea0      0x2d0 d:/clion_stm32/gcc-arm-none-eabi-10.3-2021.10/bin/../lib/gcc/arm-none-eabi/10.3.1/thumb/v7e-m/nofp\libgcc.a(_udivmoddi4.o)
                0x08000ea0                __udivmoddi4
 .text          0x08001170        0x4 d:/clion_stm32/gcc-arm-none-eabi-10.3-2021.10/bin/../lib/gcc/arm-none-eabi/10.3.1/thumb/v7e-m/nofp\libgcc.a(_dvmd_tls.o)
                0x08001170                __aeabi_idiv0
                0x08001170                __aeabi_ldiv0
 *fill*         0x08001174        0xc 
 .text          0x08001180      0x2dc d:/clion_stm32/gcc-arm-none-eabi-10.3-2021.10/bin/../lib/gcc/arm-none-eabi/10.3.1/../../../../arm-none-eabi/lib/thumb/v7e-m/nofp\libg.a(lib_a-strcmp.o)
                0x08001188                strcmp
 *fill*         0x0800145c       0x24 
 .text          0x08001480       0xdc d:/clion_stm32/gcc-arm-none-eabi-10.3-2021.10/bin/../lib/gcc/arm-none-eabi/10.3.1/../../../../arm-none-eabi/lib/thumb/v7e-m/nofp\libg.a(lib_a-strlen.o)
                0x08001480                strlen
 *(.text*)
 .text.MY_ADC_Init
                0x0800155c       0x44 CMakeFiles/lv_imp.elf.dir/ADC/adc.c.obj
                0x0800155c                MY_ADC_Init
 .text.Get_Adc  0x080015a0       0x40 CMakeFiles/lv_imp.elf.dir/ADC/adc.c.obj
                0x080015a0                Get_Adc
 .text.Get_Adc_Average
                0x080015e0       0x2a CMakeFiles/lv_imp.elf.dir/ADC/adc.c.obj
                0x080015e0                Get_Adc_Average
 .text.AHT10_Write_Data
                0x0800160a       0x4a CMakeFiles/lv_imp.elf.dir/AHT10/aht10.c.obj
                0x0800160a                AHT10_Write_Data
 .text.AHT10_Read_Data
                0x08001654       0x4c CMakeFiles/lv_imp.elf.dir/AHT10/aht10.c.obj
                0x08001654                AHT10_Read_Data
 .text.AHT10_Read_Temperature
                0x080016a0       0x78 CMakeFiles/lv_imp.elf.dir/AHT10/aht10.c.obj
                0x080016a0                AHT10_Read_Temperature
 .text.AHT10_Read_Humidity
                0x08001718       0x6c CMakeFiles/lv_imp.elf.dir/AHT10/aht10.c.obj
                0x08001718                AHT10_Read_Humidity
 .text.AHT10_Init
                0x08001784       0x52 CMakeFiles/lv_imp.elf.dir/AHT10/aht10.c.obj
                0x08001784                AHT10_Init
 *fill*         0x080017d6        0x2 
 .text.MX_GPIO_Init
                0x080017d8      0x128 CMakeFiles/lv_imp.elf.dir/Core/Src/main.c.obj
 .text.lvgl_init
                0x08001900       0x14 CMakeFiles/lv_imp.elf.dir/Core/Src/main.c.obj
 .text.Error_Handler
                0x08001914        0x4 CMakeFiles/lv_imp.elf.dir/Core/Src/main.c.obj
                0x08001914                Error_Handler
 .text.MX_SPI3_Init
                0x08001918       0x4c CMakeFiles/lv_imp.elf.dir/Core/Src/main.c.obj
 .text.MX_DMA_Init
                0x08001964       0x6c CMakeFiles/lv_imp.elf.dir/Core/Src/main.c.obj
 .text.MX_TIM3_Init
                0x080019d0       0x68 CMakeFiles/lv_imp.elf.dir/Core/Src/main.c.obj
 .text.MX_USART1_Init
                0x08001a38       0x34 CMakeFiles/lv_imp.elf.dir/Core/Src/main.c.obj
 .text.MX_ADC1_Init
                0x08001a6c       0x98 CMakeFiles/lv_imp.elf.dir/Core/Src/main.c.obj
 .text.SystemClock_Config
                0x08001b04       0x7a CMakeFiles/lv_imp.elf.dir/Core/Src/main.c.obj
                0x08001b04                SystemClock_Config
 *fill*         0x08001b7e        0x2 
 .text.main     0x08001b80      0x1d8 CMakeFiles/lv_imp.elf.dir/Core/Src/main.c.obj
                0x08001b80                main
 .text.HAL_MspInit
                0x08001d58       0x30 CMakeFiles/lv_imp.elf.dir/Core/Src/stm32l4xx_hal_msp.c.obj
                0x08001d58                HAL_MspInit
 .text.HAL_ADC_MspInit
                0x08001d88       0xa4 CMakeFiles/lv_imp.elf.dir/Core/Src/stm32l4xx_hal_msp.c.obj
                0x08001d88                HAL_ADC_MspInit
 .text.HAL_USART_MspInit
                0x08001e2c       0x88 CMakeFiles/lv_imp.elf.dir/Core/Src/stm32l4xx_hal_msp.c.obj
                0x08001e2c                HAL_USART_MspInit
 .text.NMI_Handler
                0x08001eb4        0x2 CMakeFiles/lv_imp.elf.dir/Core/Src/stm32l4xx_it.c.obj
                0x08001eb4                NMI_Handler
 .text.HardFault_Handler
                0x08001eb6        0x2 CMakeFiles/lv_imp.elf.dir/Core/Src/stm32l4xx_it.c.obj
                0x08001eb6                HardFault_Handler
 .text.MemManage_Handler
                0x08001eb8        0x2 CMakeFiles/lv_imp.elf.dir/Core/Src/stm32l4xx_it.c.obj
                0x08001eb8                MemManage_Handler
 .text.BusFault_Handler
                0x08001eba        0x2 CMakeFiles/lv_imp.elf.dir/Core/Src/stm32l4xx_it.c.obj
                0x08001eba                BusFault_Handler
 .text.UsageFault_Handler
                0x08001ebc        0x2 CMakeFiles/lv_imp.elf.dir/Core/Src/stm32l4xx_it.c.obj
                0x08001ebc                UsageFault_Handler
 .text.SVC_Handler
                0x08001ebe        0x2 CMakeFiles/lv_imp.elf.dir/Core/Src/stm32l4xx_it.c.obj
                0x08001ebe                SVC_Handler
 .text.DebugMon_Handler
                0x08001ec0        0x2 CMakeFiles/lv_imp.elf.dir/Core/Src/stm32l4xx_it.c.obj
                0x08001ec0                DebugMon_Handler
 .text.PendSV_Handler
                0x08001ec2        0x2 CMakeFiles/lv_imp.elf.dir/Core/Src/stm32l4xx_it.c.obj
                0x08001ec2                PendSV_Handler
 .text.SysTick_Handler
                0x08001ec4        0x8 CMakeFiles/lv_imp.elf.dir/Core/Src/stm32l4xx_it.c.obj
                0x08001ec4                SysTick_Handler
 .text.EXTI9_5_IRQHandler
                0x08001ecc       0x14 CMakeFiles/lv_imp.elf.dir/Core/Src/stm32l4xx_it.c.obj
                0x08001ecc                EXTI9_5_IRQHandler
 .text.EXTI15_10_IRQHandler
                0x08001ee0        0xc CMakeFiles/lv_imp.elf.dir/Core/Src/stm32l4xx_it.c.obj
                0x08001ee0                EXTI15_10_IRQHandler
 .text.DMA2_Channel7_IRQHandler
                0x08001eec       0x10 CMakeFiles/lv_imp.elf.dir/Core/Src/stm32l4xx_it.c.obj
                0x08001eec                DMA2_Channel7_IRQHandler
 .text.SystemInit
                0x08001efc        0x2 CMakeFiles/lv_imp.elf.dir/Core/Src/system_stm32l4xx.c.obj
                0x08001efc                SystemInit
 *fill*         0x08001efe        0x2 
 .text.HAL_InitTick
                0x08001f00       0x50 CMakeFiles/lv_imp.elf.dir/Drivers/STM32L4xx_HAL_Driver/Src/stm32l4xx_hal.c.obj
                0x08001f00                HAL_InitTick
 .text.HAL_Init
                0x08001f50       0x1e CMakeFiles/lv_imp.elf.dir/Drivers/STM32L4xx_HAL_Driver/Src/stm32l4xx_hal.c.obj
                0x08001f50                HAL_Init
 *fill*         0x08001f6e        0x2 
 .text.HAL_IncTick
                0x08001f70       0x18 CMakeFiles/lv_imp.elf.dir/Drivers/STM32L4xx_HAL_Driver/Src/stm32l4xx_hal.c.obj
                0x08001f70                HAL_IncTick
 .text.HAL_GetTick
                0x08001f88        0xc CMakeFiles/lv_imp.elf.dir/Drivers/STM32L4xx_HAL_Driver/Src/stm32l4xx_hal.c.obj
                0x08001f88                HAL_GetTick
 .text.HAL_Delay
                0x08001f94       0x28 CMakeFiles/lv_imp.elf.dir/Drivers/STM32L4xx_HAL_Driver/Src/stm32l4xx_hal.c.obj
                0x08001f94                HAL_Delay
 .text.HAL_ADC_Init
                0x08001fbc      0x204 CMakeFiles/lv_imp.elf.dir/Drivers/STM32L4xx_HAL_Driver/Src/stm32l4xx_hal_adc.c.obj
                0x08001fbc                HAL_ADC_Init
 .text.HAL_ADC_PollForConversion
                0x080021c0      0x110 CMakeFiles/lv_imp.elf.dir/Drivers/STM32L4xx_HAL_Driver/Src/stm32l4xx_hal_adc.c.obj
                0x080021c0                HAL_ADC_PollForConversion
 .text.HAL_ADC_GetValue
                0x080022d0        0x6 CMakeFiles/lv_imp.elf.dir/Drivers/STM32L4xx_HAL_Driver/Src/stm32l4xx_hal_adc.c.obj
                0x080022d0                HAL_ADC_GetValue
 *fill*         0x080022d6        0x2 
 .text.HAL_ADC_ConfigChannel
                0x080022d8      0x4b0 CMakeFiles/lv_imp.elf.dir/Drivers/STM32L4xx_HAL_Driver/Src/stm32l4xx_hal_adc.c.obj
                0x080022d8                HAL_ADC_ConfigChannel
 .text.ADC_Enable
                0x08002788       0xdc CMakeFiles/lv_imp.elf.dir/Drivers/STM32L4xx_HAL_Driver/Src/stm32l4xx_hal_adc.c.obj
                0x08002788                ADC_Enable
 .text.HAL_ADC_Start
                0x08002864       0xf4 CMakeFiles/lv_imp.elf.dir/Drivers/STM32L4xx_HAL_Driver/Src/stm32l4xx_hal_adc.c.obj
                0x08002864                HAL_ADC_Start
 .text.HAL_ADCEx_MultiModeConfigChannel
                0x08002958      0x138 CMakeFiles/lv_imp.elf.dir/Drivers/STM32L4xx_HAL_Driver/Src/stm32l4xx_hal_adc_ex.c.obj
                0x08002958                HAL_ADCEx_MultiModeConfigChannel
 .text.HAL_NVIC_SetPriorityGrouping
                0x08002a90       0x24 CMakeFiles/lv_imp.elf.dir/Drivers/STM32L4xx_HAL_Driver/Src/stm32l4xx_hal_cortex.c.obj
                0x08002a90                HAL_NVIC_SetPriorityGrouping
 .text.HAL_NVIC_SetPriority
                0x08002ab4       0x70 CMakeFiles/lv_imp.elf.dir/Drivers/STM32L4xx_HAL_Driver/Src/stm32l4xx_hal_cortex.c.obj
                0x08002ab4                HAL_NVIC_SetPriority
 .text.HAL_NVIC_EnableIRQ
                0x08002b24       0x1c CMakeFiles/lv_imp.elf.dir/Drivers/STM32L4xx_HAL_Driver/Src/stm32l4xx_hal_cortex.c.obj
                0x08002b24                HAL_NVIC_EnableIRQ
 .text.HAL_SYSTICK_Config
                0x08002b40       0x28 CMakeFiles/lv_imp.elf.dir/Drivers/STM32L4xx_HAL_Driver/Src/stm32l4xx_hal_cortex.c.obj
                0x08002b40                HAL_SYSTICK_Config
 .text.HAL_SYSTICK_CLKSourceConfig
                0x08002b68       0x20 CMakeFiles/lv_imp.elf.dir/Drivers/STM32L4xx_HAL_Driver/Src/stm32l4xx_hal_cortex.c.obj
                0x08002b68                HAL_SYSTICK_CLKSourceConfig
 .text.HAL_DMA_Init
                0x08002b88      0x108 CMakeFiles/lv_imp.elf.dir/Drivers/STM32L4xx_HAL_Driver/Src/stm32l4xx_hal_dma.c.obj
                0x08002b88                HAL_DMA_Init
 .text.HAL_DMA_IRQHandler
                0x08002c90       0xc4 CMakeFiles/lv_imp.elf.dir/Drivers/STM32L4xx_HAL_Driver/Src/stm32l4xx_hal_dma.c.obj
                0x08002c90                HAL_DMA_IRQHandler
 .text.HAL_GPIO_Init
                0x08002d54      0x20c CMakeFiles/lv_imp.elf.dir/Drivers/STM32L4xx_HAL_Driver/Src/stm32l4xx_hal_gpio.c.obj
                0x08002d54                HAL_GPIO_Init
 .text.HAL_GPIO_ReadPin
                0x08002f60        0xe CMakeFiles/lv_imp.elf.dir/Drivers/STM32L4xx_HAL_Driver/Src/stm32l4xx_hal_gpio.c.obj
                0x08002f60                HAL_GPIO_ReadPin
 .text.HAL_GPIO_WritePin
                0x08002f6e        0xa CMakeFiles/lv_imp.elf.dir/Drivers/STM32L4xx_HAL_Driver/Src/stm32l4xx_hal_gpio.c.obj
                0x08002f6e                HAL_GPIO_WritePin
 .text.HAL_GPIO_EXTI_Callback
                0x08002f78        0x2 CMakeFiles/lv_imp.elf.dir/Drivers/STM32L4xx_HAL_Driver/Src/stm32l4xx_hal_gpio.c.obj
                0x08002f78                HAL_GPIO_EXTI_Callback
 *fill*         0x08002f7a        0x2 
 .text.HAL_GPIO_EXTI_IRQHandler
                0x08002f7c       0x1c CMakeFiles/lv_imp.elf.dir/Drivers/STM32L4xx_HAL_Driver/Src/stm32l4xx_hal_gpio.c.obj
                0x08002f7c                HAL_GPIO_EXTI_IRQHandler
 .text.HAL_PWREx_GetVoltageRange
                0x08002f98       0x10 CMakeFiles/lv_imp.elf.dir/Drivers/STM32L4xx_HAL_Driver/Src/stm32l4xx_hal_pwr_ex.c.obj
                0x08002f98                HAL_PWREx_GetVoltageRange
 .text.HAL_PWREx_ControlVoltageScaling
                0x08002fa8       0x90 CMakeFiles/lv_imp.elf.dir/Drivers/STM32L4xx_HAL_Driver/Src/stm32l4xx_hal_pwr_ex.c.obj
                0x08002fa8                HAL_PWREx_ControlVoltageScaling
 .text.RCC_SetFlashLatencyFromMSIRange
                0x08003038       0x90 CMakeFiles/lv_imp.elf.dir/Drivers/STM32L4xx_HAL_Driver/Src/stm32l4xx_hal_rcc.c.obj
 .text.HAL_RCC_GetSysClockFreq
                0x080030c8       0xb4 CMakeFiles/lv_imp.elf.dir/Drivers/STM32L4xx_HAL_Driver/Src/stm32l4xx_hal_rcc.c.obj
                0x080030c8                HAL_RCC_GetSysClockFreq
 .text.HAL_RCC_OscConfig
                0x0800317c      0x61c CMakeFiles/lv_imp.elf.dir/Drivers/STM32L4xx_HAL_Driver/Src/stm32l4xx_hal_rcc.c.obj
                0x0800317c                HAL_RCC_OscConfig
 .text.HAL_RCC_ClockConfig
                0x08003798      0x188 CMakeFiles/lv_imp.elf.dir/Drivers/STM32L4xx_HAL_Driver/Src/stm32l4xx_hal_rcc.c.obj
                0x08003798                HAL_RCC_ClockConfig
 .text.HAL_RCC_GetHCLKFreq
                0x08003920        0xc CMakeFiles/lv_imp.elf.dir/Drivers/STM32L4xx_HAL_Driver/Src/stm32l4xx_hal_rcc.c.obj
                0x08003920                HAL_RCC_GetHCLKFreq
 .text.HAL_RCC_GetPCLK1Freq
                0x0800392c       0x24 CMakeFiles/lv_imp.elf.dir/Drivers/STM32L4xx_HAL_Driver/Src/stm32l4xx_hal_rcc.c.obj
                0x0800392c                HAL_RCC_GetPCLK1Freq
 .text.HAL_RCC_GetPCLK2Freq
                0x08003950       0x24 CMakeFiles/lv_imp.elf.dir/Drivers/STM32L4xx_HAL_Driver/Src/stm32l4xx_hal_rcc.c.obj
                0x08003950                HAL_RCC_GetPCLK2Freq
 .text.RCCEx_PLLSAI1_Config
                0x08003974      0x170 CMakeFiles/lv_imp.elf.dir/Drivers/STM32L4xx_HAL_Driver/Src/stm32l4xx_hal_rcc_ex.c.obj
 .text.RCCEx_PLLSAI2_Config
                0x08003ae4      0x14c CMakeFiles/lv_imp.elf.dir/Drivers/STM32L4xx_HAL_Driver/Src/stm32l4xx_hal_rcc_ex.c.obj
 .text.HAL_RCCEx_PeriphCLKConfig
                0x08003c30      0x454 CMakeFiles/lv_imp.elf.dir/Drivers/STM32L4xx_HAL_Driver/Src/stm32l4xx_hal_rcc_ex.c.obj
                0x08003c30                HAL_RCCEx_PeriphCLKConfig
 .text.SPI_WaitFlagStateUntilTimeout
                0x08004084       0xd4 CMakeFiles/lv_imp.elf.dir/Drivers/STM32L4xx_HAL_Driver/Src/stm32l4xx_hal_spi.c.obj
 .text.SPI_WaitFifoStateUntilTimeout
                0x08004158       0xf4 CMakeFiles/lv_imp.elf.dir/Drivers/STM32L4xx_HAL_Driver/Src/stm32l4xx_hal_spi.c.obj
 .text.SPI_EndRxTxTransaction
                0x0800424c       0x62 CMakeFiles/lv_imp.elf.dir/Drivers/STM32L4xx_HAL_Driver/Src/stm32l4xx_hal_spi.c.obj
 .text.HAL_SPI_Init
                0x080042ae       0xde CMakeFiles/lv_imp.elf.dir/Drivers/STM32L4xx_HAL_Driver/Src/stm32l4xx_hal_spi.c.obj
                0x080042ae                HAL_SPI_Init
 .text.HAL_SPI_Transmit
                0x0800438c      0x202 CMakeFiles/lv_imp.elf.dir/Drivers/STM32L4xx_HAL_Driver/Src/stm32l4xx_hal_spi.c.obj
                0x0800438c                HAL_SPI_Transmit
 .text.TIM_TI1_ConfigInputStage
                0x0800458e       0x24 CMakeFiles/lv_imp.elf.dir/Drivers/STM32L4xx_HAL_Driver/Src/stm32l4xx_hal_tim.c.obj
 .text.TIM_TI2_ConfigInputStage
                0x080045b2       0x26 CMakeFiles/lv_imp.elf.dir/Drivers/STM32L4xx_HAL_Driver/Src/stm32l4xx_hal_tim.c.obj
 .text.TIM_ITRx_SetConfig
                0x080045d8       0x10 CMakeFiles/lv_imp.elf.dir/Drivers/STM32L4xx_HAL_Driver/Src/stm32l4xx_hal_tim.c.obj
 .text.HAL_TIM_Base_Start_IT
                0x080045e8       0x8c CMakeFiles/lv_imp.elf.dir/Drivers/STM32L4xx_HAL_Driver/Src/stm32l4xx_hal_tim.c.obj
                0x080045e8                HAL_TIM_Base_Start_IT
 .text.HAL_TIM_OC_DelayElapsedCallback
                0x08004674        0x2 CMakeFiles/lv_imp.elf.dir/Drivers/STM32L4xx_HAL_Driver/Src/stm32l4xx_hal_tim.c.obj
                0x08004674                HAL_TIM_OC_DelayElapsedCallback
 .text.HAL_TIM_IC_CaptureCallback
                0x08004676        0x2 CMakeFiles/lv_imp.elf.dir/Drivers/STM32L4xx_HAL_Driver/Src/stm32l4xx_hal_tim.c.obj
                0x08004676                HAL_TIM_IC_CaptureCallback
 .text.HAL_TIM_PWM_PulseFinishedCallback
                0x08004678        0x2 CMakeFiles/lv_imp.elf.dir/Drivers/STM32L4xx_HAL_Driver/Src/stm32l4xx_hal_tim.c.obj
                0x08004678                HAL_TIM_PWM_PulseFinishedCallback
 .text.HAL_TIM_TriggerCallback
                0x0800467a        0x2 CMakeFiles/lv_imp.elf.dir/Drivers/STM32L4xx_HAL_Driver/Src/stm32l4xx_hal_tim.c.obj
                0x0800467a                HAL_TIM_TriggerCallback
 .text.HAL_TIM_IRQHandler
                0x0800467c      0x19a CMakeFiles/lv_imp.elf.dir/Drivers/STM32L4xx_HAL_Driver/Src/stm32l4xx_hal_tim.c.obj
                0x0800467c                HAL_TIM_IRQHandler
 *fill*         0x08004816        0x2 
 .text.TIM_Base_SetConfig
                0x08004818       0xc8 CMakeFiles/lv_imp.elf.dir/Drivers/STM32L4xx_HAL_Driver/Src/stm32l4xx_hal_tim.c.obj
                0x08004818                TIM_Base_SetConfig
 .text.HAL_TIM_Base_Init
                0x080048e0       0x60 CMakeFiles/lv_imp.elf.dir/Drivers/STM32L4xx_HAL_Driver/Src/stm32l4xx_hal_tim.c.obj
                0x080048e0                HAL_TIM_Base_Init
 .text.TIM_ETR_SetConfig
                0x08004940       0x18 CMakeFiles/lv_imp.elf.dir/Drivers/STM32L4xx_HAL_Driver/Src/stm32l4xx_hal_tim.c.obj
                0x08004940                TIM_ETR_SetConfig
 .text.HAL_TIM_ConfigClockSource
                0x08004958      0x100 CMakeFiles/lv_imp.elf.dir/Drivers/STM32L4xx_HAL_Driver/Src/stm32l4xx_hal_tim.c.obj
                0x08004958                HAL_TIM_ConfigClockSource
 .text.HAL_TIMEx_MasterConfigSynchronization
                0x08004a58       0x98 CMakeFiles/lv_imp.elf.dir/Drivers/STM32L4xx_HAL_Driver/Src/stm32l4xx_hal_tim_ex.c.obj
                0x08004a58                HAL_TIMEx_MasterConfigSynchronization
 .text.HAL_TIMEx_CommutCallback
                0x08004af0        0x2 CMakeFiles/lv_imp.elf.dir/Drivers/STM32L4xx_HAL_Driver/Src/stm32l4xx_hal_tim_ex.c.obj
                0x08004af0                HAL_TIMEx_CommutCallback
 .text.HAL_TIMEx_BreakCallback
                0x08004af2        0x2 CMakeFiles/lv_imp.elf.dir/Drivers/STM32L4xx_HAL_Driver/Src/stm32l4xx_hal_tim_ex.c.obj
                0x08004af2                HAL_TIMEx_BreakCallback
 .text.HAL_TIMEx_Break2Callback
                0x08004af4        0x2 CMakeFiles/lv_imp.elf.dir/Drivers/STM32L4xx_HAL_Driver/Src/stm32l4xx_hal_tim_ex.c.obj
                0x08004af4                HAL_TIMEx_Break2Callback
 *fill*         0x08004af6        0x2 
 .text.USART_SetConfig
                0x08004af8      0x158 CMakeFiles/lv_imp.elf.dir/Drivers/STM32L4xx_HAL_Driver/Src/stm32l4xx_hal_usart.c.obj
 .text.USART_WaitOnFlagUntilTimeout
                0x08004c50       0x54 CMakeFiles/lv_imp.elf.dir/Drivers/STM32L4xx_HAL_Driver/Src/stm32l4xx_hal_usart.c.obj
 .text.USART_CheckIdleState
                0x08004ca4       0x6c CMakeFiles/lv_imp.elf.dir/Drivers/STM32L4xx_HAL_Driver/Src/stm32l4xx_hal_usart.c.obj
 .text.HAL_USART_Init
                0x08004d10       0x5a CMakeFiles/lv_imp.elf.dir/Drivers/STM32L4xx_HAL_Driver/Src/stm32l4xx_hal_usart.c.obj
                0x08004d10                HAL_USART_Init
 *fill*         0x08004d6a        0x2 
 .text.KEY_Init
                0x08004d6c       0x6c CMakeFiles/lv_imp.elf.dir/KEY/key.c.obj
                0x08004d6c                KEY_Init
 .text.KEY_Scan
                0x08004dd8       0xf4 CMakeFiles/lv_imp.elf.dir/KEY/key.c.obj
                0x08004dd8                KEY_Scan
 .text.delay_init
                0x08004ecc       0x14 CMakeFiles/lv_imp.elf.dir/LCD/delay.c.obj
                0x08004ecc                delay_init
 .text.delay_us
                0x08004ee0       0x3c CMakeFiles/lv_imp.elf.dir/LCD/delay.c.obj
                0x08004ee0                delay_us
 .text.delay_ms
                0x08004f1c       0x18 CMakeFiles/lv_imp.elf.dir/LCD/delay.c.obj
                0x08004f1c                delay_ms
 .text.LCD_Pow  0x08004f34       0x16 CMakeFiles/lv_imp.elf.dir/LCD/lcd.c.obj
 *fill*         0x08004f4a        0x2 
 .text.LCD_SPI_Send
                0x08004f4c       0x4c CMakeFiles/lv_imp.elf.dir/LCD/lcd.c.obj
 .text.LCD_Write_Data
                0x08004f98       0x28 CMakeFiles/lv_imp.elf.dir/LCD/lcd.c.obj
 .text.LCD_Write_Cmd
                0x08004fc0       0x28 CMakeFiles/lv_imp.elf.dir/LCD/lcd.c.obj
 .text.LCD_Gpio_Init
                0x08004fe8       0xa0 CMakeFiles/lv_imp.elf.dir/LCD/lcd.c.obj
 .text.LCD_Write_HalfWord
                0x08005088       0x30 CMakeFiles/lv_imp.elf.dir/LCD/lcd.c.obj
                0x08005088                LCD_Write_HalfWord
 .text.LCD_Address_Set
                0x080050b8       0x4e CMakeFiles/lv_imp.elf.dir/LCD/lcd.c.obj
                0x080050b8                LCD_Address_Set
 *fill*         0x08005106        0x2 
 .text.LCD_Clear
                0x08005108       0x68 CMakeFiles/lv_imp.elf.dir/LCD/lcd.c.obj
                0x08005108                LCD_Clear
 .text.LCD_ShowChar
                0x08005170      0x160 CMakeFiles/lv_imp.elf.dir/LCD/lcd.c.obj
                0x08005170                LCD_ShowChar
 .text.LCD_ShowNum
                0x080052d0       0x88 CMakeFiles/lv_imp.elf.dir/LCD/lcd.c.obj
                0x080052d0                LCD_ShowNum
 .text.LCD_ShowxNum
                0x08005358       0xa4 CMakeFiles/lv_imp.elf.dir/LCD/lcd.c.obj
                0x08005358                LCD_ShowxNum
 .text.LCD_ShowString
                0x080053fc       0x52 CMakeFiles/lv_imp.elf.dir/LCD/lcd.c.obj
                0x080053fc                LCD_ShowString
 *fill*         0x0800544e        0x2 
 .text.LCD_Init
                0x08005450      0x1a0 CMakeFiles/lv_imp.elf.dir/LCD/lcd.c.obj
                0x08005450                LCD_Init
 .text.LCD_ColorFill
                0x080055f0       0x3c CMakeFiles/lv_imp.elf.dir/LCD/lcd.c.obj
                0x080055f0                LCD_ColorFill
 .text.SPI3_Init
                0x0800562c       0x4c CMakeFiles/lv_imp.elf.dir/LCD/spi3.c.obj
                0x0800562c                SPI3_Init
 .text.HAL_SPI_MspInit
                0x08005678       0x54 CMakeFiles/lv_imp.elf.dir/LCD/spi3.c.obj
                0x08005678                HAL_SPI_MspInit
 .text.SPI3_WriteByte
                0x080056cc       0x18 CMakeFiles/lv_imp.elf.dir/LCD/spi3.c.obj
                0x080056cc                SPI3_WriteByte
 .text.IIC_Delay
                0x080056e4        0xc CMakeFiles/lv_imp.elf.dir/MYIIC/myiic.c.obj
                0x080056e4                IIC_Delay
 .text.IIC_Init
                0x080056f0       0x80 CMakeFiles/lv_imp.elf.dir/MYIIC/myiic.c.obj
                0x080056f0                IIC_Init
 .text.IIC_Start
                0x08005770       0x50 CMakeFiles/lv_imp.elf.dir/MYIIC/myiic.c.obj
                0x08005770                IIC_Start
 .text.IIC_Stop
                0x080057c0       0x50 CMakeFiles/lv_imp.elf.dir/MYIIC/myiic.c.obj
                0x080057c0                IIC_Stop
 .text.IIC_Wait_Ack
                0x08005810       0x60 CMakeFiles/lv_imp.elf.dir/MYIIC/myiic.c.obj
                0x08005810                IIC_Wait_Ack
 .text.IIC_Ack  0x08005870       0x50 CMakeFiles/lv_imp.elf.dir/MYIIC/myiic.c.obj
                0x08005870                IIC_Ack
 .text.IIC_NAck
                0x080058c0       0x50 CMakeFiles/lv_imp.elf.dir/MYIIC/myiic.c.obj
                0x080058c0                IIC_NAck
 .text.IIC_Send_Byte
                0x08005910       0x74 CMakeFiles/lv_imp.elf.dir/MYIIC/myiic.c.obj
                0x08005910                IIC_Send_Byte
 .text.IIC_Read_Byte
                0x08005984       0x6c CMakeFiles/lv_imp.elf.dir/MYIIC/myiic.c.obj
                0x08005984                IIC_Read_Byte
 .text.TIM3_Init
                0x080059f0       0x28 CMakeFiles/lv_imp.elf.dir/TIMER/timer.c.obj
                0x080059f0                TIM3_Init
 .text.HAL_TIM_Base_MspInit
                0x08005a18       0x40 CMakeFiles/lv_imp.elf.dir/TIMER/timer.c.obj
                0x08005a18                HAL_TIM_Base_MspInit
 .text.TIM3_IRQHandler
                0x08005a58       0x10 CMakeFiles/lv_imp.elf.dir/TIMER/timer.c.obj
                0x08005a58                TIM3_IRQHandler
 .text.HAL_TIM_PeriodElapsedCallback
                0x08005a68       0x18 CMakeFiles/lv_imp.elf.dir/TIMER/timer.c.obj
                0x08005a68                HAL_TIM_PeriodElapsedCallback
 .text.disp_flush
                0x08005a80       0x36 CMakeFiles/lv_imp.elf.dir/lvgl/lv_port_disp.c.obj
 .text.disp_init
                0x08005ab6        0x8 CMakeFiles/lv_imp.elf.dir/lvgl/lv_port_disp.c.obj
 *fill*         0x08005abe        0x2 
 .text.lv_port_disp_init
                0x08005ac0       0x34 CMakeFiles/lv_imp.elf.dir/lvgl/lv_port_disp.c.obj
                0x08005ac0                lv_port_disp_init
 .text.keypad_get_key
                0x08005af4        0xa CMakeFiles/lv_imp.elf.dir/lvgl/lv_port_indev.c.obj
 *fill*         0x08005afe        0x2 
 .text.keypad_read
                0x08005b00       0x40 CMakeFiles/lv_imp.elf.dir/lvgl/lv_port_indev.c.obj
 .text.keypad_init
                0x08005b40        0x8 CMakeFiles/lv_imp.elf.dir/lvgl/lv_port_indev.c.obj
 .text.lv_port_indev_init
                0x08005b48       0x28 CMakeFiles/lv_imp.elf.dir/lvgl/lv_port_indev.c.obj
                0x08005b48                lv_port_indev_init
 .text.lv_disp_get_default
                0x08005b70        0xc CMakeFiles/lv_imp.elf.dir/lvgl/src/core/lv_disp.c.obj
                0x08005b70                lv_disp_get_default
 .text.lv_disp_get_next
                0x08005b7c       0x1c CMakeFiles/lv_imp.elf.dir/lvgl/src/core/lv_disp.c.obj
                0x08005b7c                lv_disp_get_next
 .text.lv_disp_get_hor_res
                0x08005b98       0x30 CMakeFiles/lv_imp.elf.dir/lvgl/src/core/lv_disp.c.obj
                0x08005b98                lv_disp_get_hor_res
 .text.lv_disp_get_ver_res
                0x08005bc8       0x30 CMakeFiles/lv_imp.elf.dir/lvgl/src/core/lv_disp.c.obj
                0x08005bc8                lv_disp_get_ver_res
 .text.lv_disp_get_dpi
                0x08005bf8       0x1a CMakeFiles/lv_imp.elf.dir/lvgl/src/core/lv_disp.c.obj
                0x08005bf8                lv_disp_get_dpi
 .text.lv_disp_set_draw_buffers
                0x08005c12       0x28 CMakeFiles/lv_imp.elf.dir/lvgl/src/core/lv_disp.c.obj
                0x08005c12                lv_disp_set_draw_buffers
 .text.lv_disp_set_flush_cb
                0x08005c3a       0x16 CMakeFiles/lv_imp.elf.dir/lvgl/src/core/lv_disp.c.obj
                0x08005c3a                lv_disp_set_flush_cb
 .text.lv_disp_flush_ready
                0x08005c50        0x8 CMakeFiles/lv_imp.elf.dir/lvgl/src/core/lv_disp.c.obj
                0x08005c50                lv_disp_flush_ready
 .text.lv_disp_is_double_buffered
                0x08005c58        0xa CMakeFiles/lv_imp.elf.dir/lvgl/src/core/lv_disp.c.obj
                0x08005c58                lv_disp_is_double_buffered
 .text.lv_disp_set_draw_ctx
                0x08005c62       0x4e CMakeFiles/lv_imp.elf.dir/lvgl/src/core/lv_disp.c.obj
                0x08005c62                lv_disp_set_draw_ctx
 .text.lv_disp_create
                0x08005cb0      0x160 CMakeFiles/lv_imp.elf.dir/lvgl/src/core/lv_disp.c.obj
                0x08005cb0                lv_disp_create
 .text.lv_disp_get_scr_act
                0x08005e10       0x1a CMakeFiles/lv_imp.elf.dir/lvgl/src/core/lv_disp.c.obj
                0x08005e10                lv_disp_get_scr_act
 .text.lv_disp_get_scr_prev
                0x08005e2a       0x1a CMakeFiles/lv_imp.elf.dir/lvgl/src/core/lv_disp.c.obj
                0x08005e2a                lv_disp_get_scr_prev
 .text.lv_disp_get_layer_top
                0x08005e44       0x1a CMakeFiles/lv_imp.elf.dir/lvgl/src/core/lv_disp.c.obj
                0x08005e44                lv_disp_get_layer_top
 .text.lv_disp_get_layer_sys
                0x08005e5e       0x1a CMakeFiles/lv_imp.elf.dir/lvgl/src/core/lv_disp.c.obj
                0x08005e5e                lv_disp_get_layer_sys
 .text.lv_disp_get_layer_bottom
                0x08005e78       0x1a CMakeFiles/lv_imp.elf.dir/lvgl/src/core/lv_disp.c.obj
                0x08005e78                lv_disp_get_layer_bottom
 .text.lv_disp_send_event
                0x08005e92       0x40 CMakeFiles/lv_imp.elf.dir/lvgl/src/core/lv_disp.c.obj
                0x08005e92                lv_disp_send_event
 .text.lv_disp_get_theme
                0x08005ed2       0x14 CMakeFiles/lv_imp.elf.dir/lvgl/src/core/lv_disp.c.obj
                0x08005ed2                lv_disp_get_theme
 .text.lv_disp_is_invalidation_enabled
                0x08005ee6       0x22 CMakeFiles/lv_imp.elf.dir/lvgl/src/core/lv_disp.c.obj
                0x08005ee6                lv_disp_is_invalidation_enabled
 .text.get_indev
                0x08005f08       0x60 CMakeFiles/lv_imp.elf.dir/lvgl/src/core/lv_group.c.obj
 .text.focus_next_core
                0x08005f68      0x114 CMakeFiles/lv_imp.elf.dir/lvgl/src/core/lv_group.c.obj
 .text._lv_group_init
                0x0800607c       0x10 CMakeFiles/lv_imp.elf.dir/lvgl/src/core/lv_group.c.obj
                0x0800607c                _lv_group_init
 .text.lv_group_create
                0x0800608c       0x48 CMakeFiles/lv_imp.elf.dir/lvgl/src/core/lv_group.c.obj
                0x0800608c                lv_group_create
 .text.lv_group_set_default
                0x080060d4        0xc CMakeFiles/lv_imp.elf.dir/lvgl/src/core/lv_group.c.obj
                0x080060d4                lv_group_set_default
 .text.lv_group_get_default
                0x080060e0        0xc CMakeFiles/lv_imp.elf.dir/lvgl/src/core/lv_group.c.obj
                0x080060e0                lv_group_get_default
 .text.lv_group_focus_next
                0x080060ec       0x24 CMakeFiles/lv_imp.elf.dir/lvgl/src/core/lv_group.c.obj
                0x080060ec                lv_group_focus_next
 .text.lv_group_focus_prev
                0x08006110       0x24 CMakeFiles/lv_imp.elf.dir/lvgl/src/core/lv_group.c.obj
                0x08006110                lv_group_focus_prev
 .text.lv_group_refocus
                0x08006134       0x2c CMakeFiles/lv_imp.elf.dir/lvgl/src/core/lv_group.c.obj
 .text.lv_group_remove_obj
                0x08006160       0xa2 CMakeFiles/lv_imp.elf.dir/lvgl/src/core/lv_group.c.obj
                0x08006160                lv_group_remove_obj
 .text.lv_group_add_obj
                0x08006202       0x7a CMakeFiles/lv_imp.elf.dir/lvgl/src/core/lv_group.c.obj
                0x08006202                lv_group_add_obj
 .text.lv_group_get_focused
                0x0800627c        0xc CMakeFiles/lv_imp.elf.dir/lvgl/src/core/lv_group.c.obj
                0x0800627c                lv_group_get_focused
 .text.lv_group_send_data
                0x08006288       0x2c CMakeFiles/lv_imp.elf.dir/lvgl/src/core/lv_group.c.obj
                0x08006288                lv_group_send_data
 .text.lv_group_set_editing
                0x080062b4       0x44 CMakeFiles/lv_imp.elf.dir/lvgl/src/core/lv_group.c.obj
                0x080062b4                lv_group_set_editing
 .text.lv_group_focus_obj
                0x080062f8       0x92 CMakeFiles/lv_imp.elf.dir/lvgl/src/core/lv_group.c.obj
                0x080062f8                lv_group_focus_obj
 .text.lv_group_get_editing
                0x0800638a        0xe CMakeFiles/lv_imp.elf.dir/lvgl/src/core/lv_group.c.obj
                0x0800638a                lv_group_get_editing
 .text.lv_group_get_obj_count
                0x08006398        0x8 CMakeFiles/lv_imp.elf.dir/lvgl/src/core/lv_group.c.obj
                0x08006398                lv_group_get_obj_count
 .text.indev_proc_reset_query_handler
                0x080063a0       0x54 CMakeFiles/lv_imp.elf.dir/lvgl/src/core/lv_indev.c.obj
 .text.indev_reset_check
                0x080063f4       0x18 CMakeFiles/lv_imp.elf.dir/lvgl/src/core/lv_indev.c.obj
 .text.indev_click_focus
                0x0800640c      0x108 CMakeFiles/lv_imp.elf.dir/lvgl/src/core/lv_indev.c.obj
 .text.indev_gesture
                0x08006514      0x11c CMakeFiles/lv_imp.elf.dir/lvgl/src/core/lv_indev.c.obj
 .text.indev_proc_release
                0x08006630      0x158 CMakeFiles/lv_imp.elf.dir/lvgl/src/core/lv_indev.c.obj
 .text.indev_keypad_proc
                0x08006788      0x2a0 CMakeFiles/lv_imp.elf.dir/lvgl/src/core/lv_indev.c.obj
 .text.indev_encoder_proc
                0x08006a28      0x438 CMakeFiles/lv_imp.elf.dir/lvgl/src/core/lv_indev.c.obj
 .text.lv_indev_create
                0x08006e60       0x64 CMakeFiles/lv_imp.elf.dir/lvgl/src/core/lv_indev.c.obj
                0x08006e60                lv_indev_create
 .text.lv_indev_get_next
                0x08006ec4       0x1c CMakeFiles/lv_imp.elf.dir/lvgl/src/core/lv_indev.c.obj
                0x08006ec4                lv_indev_get_next
 .text._lv_indev_read
                0x08006ee0       0x42 CMakeFiles/lv_imp.elf.dir/lvgl/src/core/lv_indev.c.obj
                0x08006ee0                _lv_indev_read
 *fill*         0x08006f22        0x2 
 .text.lv_indev_get_act
                0x08006f24        0xc CMakeFiles/lv_imp.elf.dir/lvgl/src/core/lv_indev.c.obj
                0x08006f24                lv_indev_get_act
 .text.lv_indev_set_type
                0x08006f30        0xe CMakeFiles/lv_imp.elf.dir/lvgl/src/core/lv_indev.c.obj
                0x08006f30                lv_indev_set_type
 .text.lv_indev_set_read_cb
                0x08006f3e        0x6 CMakeFiles/lv_imp.elf.dir/lvgl/src/core/lv_indev.c.obj
                0x08006f3e                lv_indev_set_read_cb
 .text.lv_indev_get_type
                0x08006f44        0xa CMakeFiles/lv_imp.elf.dir/lvgl/src/core/lv_indev.c.obj
                0x08006f44                lv_indev_get_type
 .text.lv_indev_get_group
                0x08006f4e        0x8 CMakeFiles/lv_imp.elf.dir/lvgl/src/core/lv_indev.c.obj
                0x08006f4e                lv_indev_get_group
 *fill*         0x08006f56        0x2 
 .text.lv_indev_reset
                0x08006f58       0xac CMakeFiles/lv_imp.elf.dir/lvgl/src/core/lv_indev.c.obj
                0x08006f58                lv_indev_reset
 .text.lv_indev_reset_long_press
                0x08007004       0x1a CMakeFiles/lv_imp.elf.dir/lvgl/src/core/lv_indev.c.obj
                0x08007004                lv_indev_reset_long_press
 .text.lv_indev_set_group
                0x0800701e        0xe CMakeFiles/lv_imp.elf.dir/lvgl/src/core/lv_indev.c.obj
                0x0800701e                lv_indev_set_group
 .text.lv_indev_get_point
                0x0800702c       0x2e CMakeFiles/lv_imp.elf.dir/lvgl/src/core/lv_indev.c.obj
                0x0800702c                lv_indev_get_point
 .text.lv_indev_get_scroll_dir
                0x0800705a       0x20 CMakeFiles/lv_imp.elf.dir/lvgl/src/core/lv_indev.c.obj
                0x0800705a                lv_indev_get_scroll_dir
 .text.lv_indev_get_scroll_obj
                0x0800707a       0x18 CMakeFiles/lv_imp.elf.dir/lvgl/src/core/lv_indev.c.obj
                0x0800707a                lv_indev_get_scroll_obj
 .text.lv_indev_get_vect
                0x08007092       0x22 CMakeFiles/lv_imp.elf.dir/lvgl/src/core/lv_indev.c.obj
                0x08007092                lv_indev_get_vect
 .text.lv_indev_wait_release
                0x080070b4        0xc CMakeFiles/lv_imp.elf.dir/lvgl/src/core/lv_indev.c.obj
                0x080070b4                lv_indev_wait_release
 .text.lv_indev_get_obj_act
                0x080070c0        0xc CMakeFiles/lv_imp.elf.dir/lvgl/src/core/lv_indev.c.obj
                0x080070c0                lv_indev_get_obj_act
 .text.lv_indev_search_obj
                0x080070cc       0x78 CMakeFiles/lv_imp.elf.dir/lvgl/src/core/lv_indev.c.obj
                0x080070cc                lv_indev_search_obj
 .text.indev_proc_press
                0x08007144      0x2a0 CMakeFiles/lv_imp.elf.dir/lvgl/src/core/lv_indev.c.obj
 .text.indev_pointer_proc
                0x080073e4       0xb4 CMakeFiles/lv_imp.elf.dir/lvgl/src/core/lv_indev.c.obj
 .text.indev_button_proc
                0x08007498       0x6c CMakeFiles/lv_imp.elf.dir/lvgl/src/core/lv_indev.c.obj
 .text.lv_indev_read_timer_cb
                0x08007504       0xcc CMakeFiles/lv_imp.elf.dir/lvgl/src/core/lv_indev.c.obj
                0x08007504                lv_indev_read_timer_cb
 .text.scroll_limit_diff
                0x080075d0       0x88 CMakeFiles/lv_imp.elf.dir/lvgl/src/core/lv_indev_scroll.c.obj
 .text.scroll_throw_predict_y
                0x08007658       0x38 CMakeFiles/lv_imp.elf.dir/lvgl/src/core/lv_indev_scroll.c.obj
 .text.scroll_throw_predict_x
                0x08007690       0x38 CMakeFiles/lv_imp.elf.dir/lvgl/src/core/lv_indev_scroll.c.obj
 .text.find_snap_point_y
                0x080076c8      0x128 CMakeFiles/lv_imp.elf.dir/lvgl/src/core/lv_indev_scroll.c.obj
 .text.find_snap_point_x
                0x080077f0      0x128 CMakeFiles/lv_imp.elf.dir/lvgl/src/core/lv_indev_scroll.c.obj
 .text.init_scroll_limits
                0x08007918      0x1d0 CMakeFiles/lv_imp.elf.dir/lvgl/src/core/lv_indev_scroll.c.obj
 .text.find_scroll_obj
                0x08007ae8      0x2a2 CMakeFiles/lv_imp.elf.dir/lvgl/src/core/lv_indev_scroll.c.obj
 .text.elastic_diff
                0x08007d8a      0x1d2 CMakeFiles/lv_imp.elf.dir/lvgl/src/core/lv_indev_scroll.c.obj
 .text._lv_indev_scroll_handler
                0x08007f5c      0x1a6 CMakeFiles/lv_imp.elf.dir/lvgl/src/core/lv_indev_scroll.c.obj
                0x08007f5c                _lv_indev_scroll_handler
 *fill*         0x08008102        0x2 
 .text._lv_indev_scroll_throw_handler
                0x08008104      0x29c CMakeFiles/lv_imp.elf.dir/lvgl/src/core/lv_indev_scroll.c.obj
                0x08008104                _lv_indev_scroll_throw_handler
 .text.lv_indev_scroll_throw_predict
                0x080083a0       0x4c CMakeFiles/lv_imp.elf.dir/lvgl/src/core/lv_indev_scroll.c.obj
                0x080083a0                lv_indev_scroll_throw_predict
 .text.scrollbar_init_draw_dsc
                0x080083ec      0x110 CMakeFiles/lv_imp.elf.dir/lvgl/src/core/lv_obj.c.obj
 .text.draw_scrollbar
                0x080084fc       0xac CMakeFiles/lv_imp.elf.dir/lvgl/src/core/lv_obj.c.obj
 .text.lv_obj_draw
                0x080085a8      0x2fc CMakeFiles/lv_imp.elf.dir/lvgl/src/core/lv_obj.c.obj
 .text.lv_obj_constructor
                0x080088a4       0x9c CMakeFiles/lv_imp.elf.dir/lvgl/src/core/lv_obj.c.obj
 .text.lv_obj_set_state
                0x08008940      0x29c CMakeFiles/lv_imp.elf.dir/lvgl/src/core/lv_obj.c.obj
 .text.lv_init  0x08008bdc       0x60 CMakeFiles/lv_imp.elf.dir/lvgl/src/core/lv_obj.c.obj
                0x08008bdc                lv_init
 .text.lv_obj_create
                0x08008c3c       0x18 CMakeFiles/lv_imp.elf.dir/lvgl/src/core/lv_obj.c.obj
                0x08008c3c                lv_obj_create
 .text.lv_obj_add_flag
                0x08008c54       0x72 CMakeFiles/lv_imp.elf.dir/lvgl/src/core/lv_obj.c.obj
                0x08008c54                lv_obj_add_flag
 .text.lv_obj_clear_flag
                0x08008cc6       0x7e CMakeFiles/lv_imp.elf.dir/lvgl/src/core/lv_obj.c.obj
                0x08008cc6                lv_obj_clear_flag
 .text.lv_obj_add_state
                0x08008d44       0x2a CMakeFiles/lv_imp.elf.dir/lvgl/src/core/lv_obj.c.obj
                0x08008d44                lv_obj_add_state
 .text.lv_obj_clear_state
                0x08008d6e       0x1a CMakeFiles/lv_imp.elf.dir/lvgl/src/core/lv_obj.c.obj
                0x08008d6e                lv_obj_clear_state
 .text.lv_obj_has_flag
                0x08008d88        0xe CMakeFiles/lv_imp.elf.dir/lvgl/src/core/lv_obj.c.obj
                0x08008d88                lv_obj_has_flag
 .text.lv_obj_has_flag_any
                0x08008d96        0xc CMakeFiles/lv_imp.elf.dir/lvgl/src/core/lv_obj.c.obj
                0x08008d96                lv_obj_has_flag_any
 .text.lv_obj_get_state
                0x08008da2        0x4 CMakeFiles/lv_imp.elf.dir/lvgl/src/core/lv_obj.c.obj
                0x08008da2                lv_obj_get_state
 .text.lv_obj_has_state
                0x08008da6        0xc CMakeFiles/lv_imp.elf.dir/lvgl/src/core/lv_obj.c.obj
                0x08008da6                lv_obj_has_state
 .text.lv_obj_get_group
                0x08008db2        0x8 CMakeFiles/lv_imp.elf.dir/lvgl/src/core/lv_obj.c.obj
                0x08008db2                lv_obj_get_group
 .text.lv_obj_event
                0x08008dba      0x3bc CMakeFiles/lv_imp.elf.dir/lvgl/src/core/lv_obj.c.obj
 .text.lv_obj_destructor
                0x08009176       0x64 CMakeFiles/lv_imp.elf.dir/lvgl/src/core/lv_obj.c.obj
 *fill*         0x080091da        0x2 
 .text.lv_obj_allocate_spec_attr
                0x080091dc       0x40 CMakeFiles/lv_imp.elf.dir/lvgl/src/core/lv_obj.c.obj
                0x080091dc                lv_obj_allocate_spec_attr
 .text.lv_obj_check_type
                0x0800921c       0x12 CMakeFiles/lv_imp.elf.dir/lvgl/src/core/lv_obj.c.obj
                0x0800921c                lv_obj_check_type
 .text.lv_obj_construct
                0x0800922e       0x1e CMakeFiles/lv_imp.elf.dir/lvgl/src/core/lv_obj_class.c.obj
 .text.get_instance_size
                0x0800924c       0x24 CMakeFiles/lv_imp.elf.dir/lvgl/src/core/lv_obj_class.c.obj
 .text.lv_obj_class_create_obj
                0x08009270       0xe4 CMakeFiles/lv_imp.elf.dir/lvgl/src/core/lv_obj_class.c.obj
                0x08009270                lv_obj_class_create_obj
 .text._lv_obj_destruct
                0x08009354       0x1e CMakeFiles/lv_imp.elf.dir/lvgl/src/core/lv_obj_class.c.obj
                0x08009354                _lv_obj_destruct
 .text.lv_obj_is_editable
                0x08009372       0x26 CMakeFiles/lv_imp.elf.dir/lvgl/src/core/lv_obj_class.c.obj
                0x08009372                lv_obj_is_editable
 .text.lv_obj_is_group_def
                0x08009398       0x26 CMakeFiles/lv_imp.elf.dir/lvgl/src/core/lv_obj_class.c.obj
                0x08009398                lv_obj_is_group_def
 .text.lv_obj_class_init_obj
                0x080093be       0x72 CMakeFiles/lv_imp.elf.dir/lvgl/src/core/lv_obj_class.c.obj
                0x080093be                lv_obj_class_init_obj
 .text.lv_obj_init_draw_rect_dsc
                0x08009430      0x2f0 CMakeFiles/lv_imp.elf.dir/lvgl/src/core/lv_obj_draw.c.obj
                0x08009430                lv_obj_init_draw_rect_dsc
 .text.lv_obj_init_draw_label_dsc
                0x08009720       0xae CMakeFiles/lv_imp.elf.dir/lvgl/src/core/lv_obj_draw.c.obj
                0x08009720                lv_obj_init_draw_label_dsc
 .text.lv_obj_init_draw_img_dsc
                0x080097ce       0xae CMakeFiles/lv_imp.elf.dir/lvgl/src/core/lv_obj_draw.c.obj
                0x080097ce                lv_obj_init_draw_img_dsc
 .text.lv_obj_init_draw_line_dsc
                0x0800987c       0xbc CMakeFiles/lv_imp.elf.dir/lvgl/src/core/lv_obj_draw.c.obj
                0x0800987c                lv_obj_init_draw_line_dsc
 .text.lv_obj_init_draw_arc_dsc
                0x08009938       0xa2 CMakeFiles/lv_imp.elf.dir/lvgl/src/core/lv_obj_draw.c.obj
                0x08009938                lv_obj_init_draw_arc_dsc
 .text.lv_obj_calculate_ext_draw_size
                0x080099da       0xd8 CMakeFiles/lv_imp.elf.dir/lvgl/src/core/lv_obj_draw.c.obj
                0x080099da                lv_obj_calculate_ext_draw_size
 .text.lv_obj_draw_dsc_init
                0x08009ab2       0x12 CMakeFiles/lv_imp.elf.dir/lvgl/src/core/lv_obj_draw.c.obj
                0x08009ab2                lv_obj_draw_dsc_init
 .text._lv_obj_get_ext_draw_size
                0x08009ac4        0xe CMakeFiles/lv_imp.elf.dir/lvgl/src/core/lv_obj_draw.c.obj
                0x08009ac4                _lv_obj_get_ext_draw_size
 .text.lv_obj_refresh_ext_draw_size
                0x08009ad2       0x64 CMakeFiles/lv_imp.elf.dir/lvgl/src/core/lv_obj_draw.c.obj
                0x08009ad2                lv_obj_refresh_ext_draw_size
 .text._lv_obj_get_layer_type
                0x08009b36       0x10 CMakeFiles/lv_imp.elf.dir/lvgl/src/core/lv_obj_draw.c.obj
                0x08009b36                _lv_obj_get_layer_type
 *fill*         0x08009b46        0x2 
 .text.event_is_bubbled
                0x08009b48       0xac CMakeFiles/lv_imp.elf.dir/lvgl/src/core/lv_obj_event.c.obj
 .text.lv_obj_event_base
                0x08009bf4       0x42 CMakeFiles/lv_imp.elf.dir/lvgl/src/core/lv_obj_event.c.obj
                0x08009bf4                lv_obj_event_base
 .text.event_send_core
                0x08009c36       0x80 CMakeFiles/lv_imp.elf.dir/lvgl/src/core/lv_obj_event.c.obj
 .text.lv_obj_send_event
                0x08009cb6       0x52 CMakeFiles/lv_imp.elf.dir/lvgl/src/core/lv_obj_event.c.obj
                0x08009cb6                lv_obj_send_event
 .text.lv_obj_add_event
                0x08009d08       0x1e CMakeFiles/lv_imp.elf.dir/lvgl/src/core/lv_obj_event.c.obj
                0x08009d08                lv_obj_add_event
 .text.lv_event_get_indev
                0x08009d26       0x32 CMakeFiles/lv_imp.elf.dir/lvgl/src/core/lv_obj_event.c.obj
                0x08009d26                lv_event_get_indev
 .text.lv_event_get_draw_ctx
                0x08009d58       0x24 CMakeFiles/lv_imp.elf.dir/lvgl/src/core/lv_obj_event.c.obj
                0x08009d58                lv_event_get_draw_ctx
 .text.lv_event_set_ext_draw_size
                0x08009d7c       0x1e CMakeFiles/lv_imp.elf.dir/lvgl/src/core/lv_obj_event.c.obj
                0x08009d7c                lv_event_set_ext_draw_size
 *fill*         0x08009d9a        0x2 
 .text.transform_point
                0x08009d9c      0x118 CMakeFiles/lv_imp.elf.dir/lvgl/src/core/lv_obj_pos.c.obj
 .text.lv_obj_set_x
                0x08009eb4       0x2e CMakeFiles/lv_imp.elf.dir/lvgl/src/core/lv_obj_pos.c.obj
                0x08009eb4                lv_obj_set_x
 .text.lv_obj_set_y
                0x08009ee2       0x2e CMakeFiles/lv_imp.elf.dir/lvgl/src/core/lv_obj_pos.c.obj
                0x08009ee2                lv_obj_set_y
 .text.lv_obj_set_pos
                0x08009f10       0x14 CMakeFiles/lv_imp.elf.dir/lvgl/src/core/lv_obj_pos.c.obj
                0x08009f10                lv_obj_set_pos
 .text.lv_obj_set_width
                0x08009f24       0x2e CMakeFiles/lv_imp.elf.dir/lvgl/src/core/lv_obj_pos.c.obj
                0x08009f24                lv_obj_set_width
 .text.lv_obj_set_height
                0x08009f52       0x2e CMakeFiles/lv_imp.elf.dir/lvgl/src/core/lv_obj_pos.c.obj
                0x08009f52                lv_obj_set_height
 .text.lv_obj_set_size
                0x08009f80       0x14 CMakeFiles/lv_imp.elf.dir/lvgl/src/core/lv_obj_pos.c.obj
                0x08009f80                lv_obj_set_size
 .text.lv_obj_is_layout_positioned
                0x08009f94       0x34 CMakeFiles/lv_imp.elf.dir/lvgl/src/core/lv_obj_pos.c.obj
                0x08009f94                lv_obj_is_layout_positioned
 .text.lv_obj_mark_layout_as_dirty
                0x08009fc8       0x2e CMakeFiles/lv_imp.elf.dir/lvgl/src/core/lv_obj_pos.c.obj
                0x08009fc8                lv_obj_mark_layout_as_dirty
 .text.lv_obj_set_layout
                0x08009ff6       0x14 CMakeFiles/lv_imp.elf.dir/lvgl/src/core/lv_obj_pos.c.obj
                0x08009ff6                lv_obj_set_layout
 *fill*         0x0800a00a        0x2 
 .text.lv_layout_register
                0x0800a00c       0x44 CMakeFiles/lv_imp.elf.dir/lvgl/src/core/lv_obj_pos.c.obj
                0x0800a00c                lv_layout_register
 .text.lv_obj_align
                0x0800a050       0x1a CMakeFiles/lv_imp.elf.dir/lvgl/src/core/lv_obj_pos.c.obj
                0x0800a050                lv_obj_align
 .text.lv_obj_get_coords
                0x0800a06a       0x1a CMakeFiles/lv_imp.elf.dir/lvgl/src/core/lv_obj_pos.c.obj
                0x0800a06a                lv_obj_get_coords
 .text.lv_obj_get_x
                0x0800a084       0x5e CMakeFiles/lv_imp.elf.dir/lvgl/src/core/lv_obj_pos.c.obj
                0x0800a084                lv_obj_get_x
 .text.lv_obj_get_y
                0x0800a0e2       0x5e CMakeFiles/lv_imp.elf.dir/lvgl/src/core/lv_obj_pos.c.obj
                0x0800a0e2                lv_obj_get_y
 .text.lv_obj_get_width
                0x0800a140       0x10 CMakeFiles/lv_imp.elf.dir/lvgl/src/core/lv_obj_pos.c.obj
                0x0800a140                lv_obj_get_width
 .text.lv_obj_get_height
                0x0800a150       0x10 CMakeFiles/lv_imp.elf.dir/lvgl/src/core/lv_obj_pos.c.obj
                0x0800a150                lv_obj_get_height
 .text.lv_obj_get_y2
                0x0800a160       0x18 CMakeFiles/lv_imp.elf.dir/lvgl/src/core/lv_obj_pos.c.obj
                0x0800a160                lv_obj_get_y2
 .text.lv_obj_get_content_width
                0x0800a178       0x74 CMakeFiles/lv_imp.elf.dir/lvgl/src/core/lv_obj_pos.c.obj
                0x0800a178                lv_obj_get_content_width
 .text.lv_obj_get_content_height
                0x0800a1ec       0x74 CMakeFiles/lv_imp.elf.dir/lvgl/src/core/lv_obj_pos.c.obj
                0x0800a1ec                lv_obj_get_content_height
 .text.lv_obj_get_content_coords
                0x0800a260       0xe8 CMakeFiles/lv_imp.elf.dir/lvgl/src/core/lv_obj_pos.c.obj
                0x0800a260                lv_obj_get_content_coords
 .text.lv_obj_get_self_width
                0x0800a348       0x24 CMakeFiles/lv_imp.elf.dir/lvgl/src/core/lv_obj_pos.c.obj
                0x0800a348                lv_obj_get_self_width
 .text.calc_content_width
                0x0800a36c      0x258 CMakeFiles/lv_imp.elf.dir/lvgl/src/core/lv_obj_pos.c.obj
 .text.lv_obj_get_self_height
                0x0800a5c4       0x24 CMakeFiles/lv_imp.elf.dir/lvgl/src/core/lv_obj_pos.c.obj
                0x0800a5c4                lv_obj_get_self_height
 .text.calc_content_height
                0x0800a5e8      0x164 CMakeFiles/lv_imp.elf.dir/lvgl/src/core/lv_obj_pos.c.obj
 .text.lv_obj_refresh_self_size
                0x0800a74c       0x34 CMakeFiles/lv_imp.elf.dir/lvgl/src/core/lv_obj_pos.c.obj
                0x0800a74c                lv_obj_refresh_self_size
 .text.lv_obj_move_children_by
                0x0800a780       0x6c CMakeFiles/lv_imp.elf.dir/lvgl/src/core/lv_obj_pos.c.obj
                0x0800a780                lv_obj_move_children_by
 .text.lv_obj_transform_point
                0x0800a7ec       0x66 CMakeFiles/lv_imp.elf.dir/lvgl/src/core/lv_obj_pos.c.obj
                0x0800a7ec                lv_obj_transform_point
 .text.lv_obj_get_transformed_area
                0x0800a852       0xec CMakeFiles/lv_imp.elf.dir/lvgl/src/core/lv_obj_pos.c.obj
                0x0800a852                lv_obj_get_transformed_area
 .text.lv_obj_area_is_visible
                0x0800a93e      0x122 CMakeFiles/lv_imp.elf.dir/lvgl/src/core/lv_obj_pos.c.obj
                0x0800a93e                lv_obj_area_is_visible
 .text.lv_obj_invalidate_area
                0x0800aa60       0x50 CMakeFiles/lv_imp.elf.dir/lvgl/src/core/lv_obj_pos.c.obj
                0x0800aa60                lv_obj_invalidate_area
 .text.lv_obj_invalidate
                0x0800aab0       0x52 CMakeFiles/lv_imp.elf.dir/lvgl/src/core/lv_obj_pos.c.obj
                0x0800aab0                lv_obj_invalidate
 .text.lv_obj_move_to
                0x0800ab02      0x174 CMakeFiles/lv_imp.elf.dir/lvgl/src/core/lv_obj_pos.c.obj
                0x0800ab02                lv_obj_move_to
 *fill*         0x0800ac76        0x2 
 .text.lv_obj_refr_pos
                0x0800ac78      0x29c CMakeFiles/lv_imp.elf.dir/lvgl/src/core/lv_obj_pos.c.obj
                0x0800ac78                lv_obj_refr_pos
 .text.lv_obj_is_visible
                0x0800af14       0x52 CMakeFiles/lv_imp.elf.dir/lvgl/src/core/lv_obj_pos.c.obj
                0x0800af14                lv_obj_is_visible
 .text.lv_obj_set_ext_click_area
                0x0800af66       0x10 CMakeFiles/lv_imp.elf.dir/lvgl/src/core/lv_obj_pos.c.obj
                0x0800af66                lv_obj_set_ext_click_area
 .text.lv_obj_get_click_area
                0x0800af76       0x42 CMakeFiles/lv_imp.elf.dir/lvgl/src/core/lv_obj_pos.c.obj
                0x0800af76                lv_obj_get_click_area
 .text.lv_obj_hit_test
                0x0800afb8       0x64 CMakeFiles/lv_imp.elf.dir/lvgl/src/core/lv_obj_pos.c.obj
                0x0800afb8                lv_obj_hit_test
 .text.lv_clamp_width
                0x0800b01c       0x7c CMakeFiles/lv_imp.elf.dir/lvgl/src/core/lv_obj_pos.c.obj
                0x0800b01c                lv_clamp_width
 .text.lv_clamp_height
                0x0800b098       0x7c CMakeFiles/lv_imp.elf.dir/lvgl/src/core/lv_obj_pos.c.obj
                0x0800b098                lv_clamp_height
 .text.lv_obj_refr_size
                0x0800b114      0x400 CMakeFiles/lv_imp.elf.dir/lvgl/src/core/lv_obj_pos.c.obj
                0x0800b114                lv_obj_refr_size
 .text.layout_update_core
                0x0800b514       0x84 CMakeFiles/lv_imp.elf.dir/lvgl/src/core/lv_obj_pos.c.obj
 .text.lv_obj_update_layout
                0x0800b598       0x40 CMakeFiles/lv_imp.elf.dir/lvgl/src/core/lv_obj_pos.c.obj
                0x0800b598                lv_obj_update_layout
 .text.lv_obj_align_to
                0x0800b5d8      0x4f2 CMakeFiles/lv_imp.elf.dir/lvgl/src/core/lv_obj_pos.c.obj
                0x0800b5d8                lv_obj_align_to
 .text.scroll_anim_ready_cb
                0x0800baca        0xe CMakeFiles/lv_imp.elf.dir/lvgl/src/core/lv_obj_scroll.c.obj
 .text.lv_obj_set_scrollbar_mode
                0x0800bad8       0x26 CMakeFiles/lv_imp.elf.dir/lvgl/src/core/lv_obj_scroll.c.obj
                0x0800bad8                lv_obj_set_scrollbar_mode
 .text.lv_obj_set_scroll_dir
                0x0800bafe       0x20 CMakeFiles/lv_imp.elf.dir/lvgl/src/core/lv_obj_scroll.c.obj
                0x0800bafe                lv_obj_set_scroll_dir
 .text.lv_obj_set_scroll_snap_x
                0x0800bb1e       0x16 CMakeFiles/lv_imp.elf.dir/lvgl/src/core/lv_obj_scroll.c.obj
                0x0800bb1e                lv_obj_set_scroll_snap_x
 .text.lv_obj_set_scroll_snap_y
                0x0800bb34       0x16 CMakeFiles/lv_imp.elf.dir/lvgl/src/core/lv_obj_scroll.c.obj
                0x0800bb34                lv_obj_set_scroll_snap_y
 .text.lv_obj_get_scrollbar_mode
                0x0800bb4a       0x10 CMakeFiles/lv_imp.elf.dir/lvgl/src/core/lv_obj_scroll.c.obj
                0x0800bb4a                lv_obj_get_scrollbar_mode
 .text.lv_obj_get_scroll_dir
                0x0800bb5a       0x10 CMakeFiles/lv_imp.elf.dir/lvgl/src/core/lv_obj_scroll.c.obj
                0x0800bb5a                lv_obj_get_scroll_dir
 .text.lv_obj_get_scroll_snap_x
                0x0800bb6a       0x10 CMakeFiles/lv_imp.elf.dir/lvgl/src/core/lv_obj_scroll.c.obj
                0x0800bb6a                lv_obj_get_scroll_snap_x
 .text.lv_obj_get_scroll_snap_y
                0x0800bb7a       0x10 CMakeFiles/lv_imp.elf.dir/lvgl/src/core/lv_obj_scroll.c.obj
                0x0800bb7a                lv_obj_get_scroll_snap_y
 .text.lv_obj_get_scroll_x
                0x0800bb8a       0x10 CMakeFiles/lv_imp.elf.dir/lvgl/src/core/lv_obj_scroll.c.obj
                0x0800bb8a                lv_obj_get_scroll_x
 .text.lv_obj_get_scroll_y
                0x0800bb9a       0x10 CMakeFiles/lv_imp.elf.dir/lvgl/src/core/lv_obj_scroll.c.obj
                0x0800bb9a                lv_obj_get_scroll_y
 .text.lv_obj_get_scroll_top
                0x0800bbaa       0x10 CMakeFiles/lv_imp.elf.dir/lvgl/src/core/lv_obj_scroll.c.obj
                0x0800bbaa                lv_obj_get_scroll_top
 *fill*         0x0800bbba        0x2 
 .text.lv_obj_get_scroll_bottom
                0x0800bbbc       0xf4 CMakeFiles/lv_imp.elf.dir/lvgl/src/core/lv_obj_scroll.c.obj
                0x0800bbbc                lv_obj_get_scroll_bottom
 .text.lv_obj_get_scroll_left
                0x0800bcb0      0x124 CMakeFiles/lv_imp.elf.dir/lvgl/src/core/lv_obj_scroll.c.obj
                0x0800bcb0                lv_obj_get_scroll_left
 .text.lv_obj_get_scroll_right
                0x0800bdd4      0x114 CMakeFiles/lv_imp.elf.dir/lvgl/src/core/lv_obj_scroll.c.obj
                0x0800bdd4                lv_obj_get_scroll_right
 .text.lv_obj_get_scroll_end
                0x0800bee8       0x44 CMakeFiles/lv_imp.elf.dir/lvgl/src/core/lv_obj_scroll.c.obj
                0x0800bee8                lv_obj_get_scroll_end
 .text._lv_obj_scroll_by_raw
                0x0800bf2c       0x4e CMakeFiles/lv_imp.elf.dir/lvgl/src/core/lv_obj_scroll.c.obj
                0x0800bf2c                _lv_obj_scroll_by_raw
 .text.scroll_y_anim
                0x0800bf7a       0x1a CMakeFiles/lv_imp.elf.dir/lvgl/src/core/lv_obj_scroll.c.obj
 .text.scroll_x_anim
                0x0800bf94       0x1a CMakeFiles/lv_imp.elf.dir/lvgl/src/core/lv_obj_scroll.c.obj
 *fill*         0x0800bfae        0x2 
 .text.lv_obj_scroll_by
                0x0800bfb0      0x120 CMakeFiles/lv_imp.elf.dir/lvgl/src/core/lv_obj_scroll.c.obj
                0x0800bfb0                lv_obj_scroll_by
 .text.lv_obj_scroll_by_bounded
                0x0800c0d0       0xfa CMakeFiles/lv_imp.elf.dir/lvgl/src/core/lv_obj_scroll.c.obj
                0x0800c0d0                lv_obj_scroll_by_bounded
 *fill*         0x0800c1ca        0x2 
 .text.lv_obj_scroll_to_x
                0x0800c1cc       0x28 CMakeFiles/lv_imp.elf.dir/lvgl/src/core/lv_obj_scroll.c.obj
                0x0800c1cc                lv_obj_scroll_to_x
 .text.lv_obj_scroll_to_y
                0x0800c1f4       0x28 CMakeFiles/lv_imp.elf.dir/lvgl/src/core/lv_obj_scroll.c.obj
                0x0800c1f4                lv_obj_scroll_to_y
 .text.lv_obj_scroll_to
                0x0800c21c       0x1a CMakeFiles/lv_imp.elf.dir/lvgl/src/core/lv_obj_scroll.c.obj
                0x0800c21c                lv_obj_scroll_to
 *fill*         0x0800c236        0x2 
 .text.scroll_area_into_view
                0x0800c238      0x430 CMakeFiles/lv_imp.elf.dir/lvgl/src/core/lv_obj_scroll.c.obj
 .text.lv_obj_scroll_to_view_recursive
                0x0800c668       0x40 CMakeFiles/lv_imp.elf.dir/lvgl/src/core/lv_obj_scroll.c.obj
                0x0800c668                lv_obj_scroll_to_view_recursive
 .text.lv_obj_get_scrollbar_area
                0x0800c6a8      0x810 CMakeFiles/lv_imp.elf.dir/lvgl/src/core/lv_obj_scroll.c.obj
                0x0800c6a8                lv_obj_get_scrollbar_area
 .text.lv_obj_scrollbar_invalidate
                0x0800ceb8       0x46 CMakeFiles/lv_imp.elf.dir/lvgl/src/core/lv_obj_scroll.c.obj
                0x0800ceb8                lv_obj_scrollbar_invalidate
 .text.lv_obj_readjust_scroll
                0x0800cefe       0x96 CMakeFiles/lv_imp.elf.dir/lvgl/src/core/lv_obj_scroll.c.obj
                0x0800cefe                lv_obj_readjust_scroll
 .text.trans_del
                0x0800cf94       0xb0 CMakeFiles/lv_imp.elf.dir/lvgl/src/core/lv_obj_style.c.obj
 .text.refresh_children_style
                0x0800d044       0x3a CMakeFiles/lv_imp.elf.dir/lvgl/src/core/lv_obj_style.c.obj
 .text.get_local_style
                0x0800d07e       0xd0 CMakeFiles/lv_imp.elf.dir/lvgl/src/core/lv_obj_style.c.obj
 .text.get_trans_style
                0x0800d14e       0xb6 CMakeFiles/lv_imp.elf.dir/lvgl/src/core/lv_obj_style.c.obj
 .text._lv_obj_style_init
                0x0800d204       0x10 CMakeFiles/lv_imp.elf.dir/lvgl/src/core/lv_obj_style.c.obj
                0x0800d204                _lv_obj_style_init
 .text.lv_obj_enable_style_refresh
                0x0800d214        0xc CMakeFiles/lv_imp.elf.dir/lvgl/src/core/lv_obj_style.c.obj
                0x0800d214                lv_obj_enable_style_refresh
 .text.lv_obj_get_local_style_prop
                0x0800d220       0x42 CMakeFiles/lv_imp.elf.dir/lvgl/src/core/lv_obj_style.c.obj
                0x0800d220                lv_obj_get_local_style_prop
 .text.lv_obj_style_get_selector_state
                0x0800d262        0x4 CMakeFiles/lv_imp.elf.dir/lvgl/src/core/lv_obj_style.c.obj
                0x0800d262                lv_obj_style_get_selector_state
 .text._lv_obj_style_state_compare
                0x0800d266      0x26a CMakeFiles/lv_imp.elf.dir/lvgl/src/core/lv_obj_style.c.obj
                0x0800d266                _lv_obj_style_state_compare
 .text.lv_obj_style_get_selector_part
                0x0800d4d0        0x6 CMakeFiles/lv_imp.elf.dir/lvgl/src/core/lv_obj_style.c.obj
                0x0800d4d0                lv_obj_style_get_selector_part
 .text.get_prop_core
                0x0800d4d6      0x12a CMakeFiles/lv_imp.elf.dir/lvgl/src/core/lv_obj_style.c.obj
 .text.lv_obj_get_style_prop
                0x0800d600       0x9c CMakeFiles/lv_imp.elf.dir/lvgl/src/core/lv_obj_style.c.obj
                0x0800d600                lv_obj_get_style_prop
 .text.calculate_layer_type
                0x0800d69c       0x52 CMakeFiles/lv_imp.elf.dir/lvgl/src/core/lv_obj_style.c.obj
 *fill*         0x0800d6ee        0x2 
 .text._lv_obj_style_create_transition
                0x0800d6f0      0x150 CMakeFiles/lv_imp.elf.dir/lvgl/src/core/lv_obj_style.c.obj
                0x0800d6f0                _lv_obj_style_create_transition
 .text._lv_obj_style_apply_color_filter
                0x0800d840       0x3c CMakeFiles/lv_imp.elf.dir/lvgl/src/core/lv_obj_style.c.obj
                0x0800d840                _lv_obj_style_apply_color_filter
 .text.lv_obj_refresh_style
                0x0800d87c      0x128 CMakeFiles/lv_imp.elf.dir/lvgl/src/core/lv_obj_style.c.obj
                0x0800d87c                lv_obj_refresh_style
 .text.lv_obj_add_style
                0x0800d9a4       0xce CMakeFiles/lv_imp.elf.dir/lvgl/src/core/lv_obj_style.c.obj
                0x0800d9a4                lv_obj_add_style
 .text.report_style_change_core
                0x0800da72       0x52 CMakeFiles/lv_imp.elf.dir/lvgl/src/core/lv_obj_style.c.obj
 .text.lv_obj_report_style_change
                0x0800dac4       0x44 CMakeFiles/lv_imp.elf.dir/lvgl/src/core/lv_obj_style.c.obj
                0x0800dac4                lv_obj_report_style_change
 .text.lv_obj_set_local_style_prop
                0x0800db08       0x24 CMakeFiles/lv_imp.elf.dir/lvgl/src/core/lv_obj_style.c.obj
                0x0800db08                lv_obj_set_local_style_prop
 .text.lv_obj_remove_local_style_prop
                0x0800db2c       0x5e CMakeFiles/lv_imp.elf.dir/lvgl/src/core/lv_obj_style.c.obj
                0x0800db2c                lv_obj_remove_local_style_prop
 *fill*         0x0800db8a        0x2 
 .text.trans_anim_cb
                0x0800db8c      0x194 CMakeFiles/lv_imp.elf.dir/lvgl/src/core/lv_obj_style.c.obj
 .text.lv_obj_remove_style
                0x0800dd20      0x132 CMakeFiles/lv_imp.elf.dir/lvgl/src/core/lv_obj_style.c.obj
                0x0800dd20                lv_obj_remove_style
 *fill*         0x0800de52        0x2 
 .text.lv_obj_remove_style_all
                0x0800de54       0x10 CMakeFiles/lv_imp.elf.dir/lvgl/src/core/lv_obj_style.c.obj
                0x0800de54                lv_obj_remove_style_all
 .text.trans_anim_ready_cb
                0x0800de64       0xac CMakeFiles/lv_imp.elf.dir/lvgl/src/core/lv_obj_style.c.obj
 .text.trans_anim_start_cb
                0x0800df10       0x40 CMakeFiles/lv_imp.elf.dir/lvgl/src/core/lv_obj_style.c.obj
 .text.lv_obj_calculate_style_text_align
                0x0800df50       0x20 CMakeFiles/lv_imp.elf.dir/lvgl/src/core/lv_obj_style.c.obj
                0x0800df50                lv_obj_calculate_style_text_align
 .text.lv_obj_set_style_width
                0x0800df70        0xe CMakeFiles/lv_imp.elf.dir/lvgl/src/core/lv_obj_style_gen.c.obj
                0x0800df70                lv_obj_set_style_width
 .text.lv_obj_set_style_min_width
                0x0800df7e        0xe CMakeFiles/lv_imp.elf.dir/lvgl/src/core/lv_obj_style_gen.c.obj
                0x0800df7e                lv_obj_set_style_min_width
 .text.lv_obj_set_style_height
                0x0800df8c        0xe CMakeFiles/lv_imp.elf.dir/lvgl/src/core/lv_obj_style_gen.c.obj
                0x0800df8c                lv_obj_set_style_height
 .text.lv_obj_set_style_x
                0x0800df9a        0xe CMakeFiles/lv_imp.elf.dir/lvgl/src/core/lv_obj_style_gen.c.obj
                0x0800df9a                lv_obj_set_style_x
 .text.lv_obj_set_style_y
                0x0800dfa8        0xe CMakeFiles/lv_imp.elf.dir/lvgl/src/core/lv_obj_style_gen.c.obj
                0x0800dfa8                lv_obj_set_style_y
 .text.lv_obj_set_style_align
                0x0800dfb6        0xe CMakeFiles/lv_imp.elf.dir/lvgl/src/core/lv_obj_style_gen.c.obj
                0x0800dfb6                lv_obj_set_style_align
 .text.lv_obj_set_style_bg_color
                0x0800dfc4        0xe CMakeFiles/lv_imp.elf.dir/lvgl/src/core/lv_obj_style_gen.c.obj
                0x0800dfc4                lv_obj_set_style_bg_color
 .text.lv_obj_set_style_bg_opa
                0x0800dfd2        0xe CMakeFiles/lv_imp.elf.dir/lvgl/src/core/lv_obj_style_gen.c.obj
                0x0800dfd2                lv_obj_set_style_bg_opa
 .text.lv_obj_set_style_bg_img_src
                0x0800dfe0        0xe CMakeFiles/lv_imp.elf.dir/lvgl/src/core/lv_obj_style_gen.c.obj
                0x0800dfe0                lv_obj_set_style_bg_img_src
 .text.lv_obj_set_style_text_font
                0x0800dfee        0xe CMakeFiles/lv_imp.elf.dir/lvgl/src/core/lv_obj_style_gen.c.obj
                0x0800dfee                lv_obj_set_style_text_font
 .text.lv_obj_set_style_text_align
                0x0800dffc        0xe CMakeFiles/lv_imp.elf.dir/lvgl/src/core/lv_obj_style_gen.c.obj
                0x0800dffc                lv_obj_set_style_text_align
 .text.lv_obj_set_style_anim_time
                0x0800e00a        0xe CMakeFiles/lv_imp.elf.dir/lvgl/src/core/lv_obj_style_gen.c.obj
                0x0800e00a                lv_obj_set_style_anim_time
 .text.lv_obj_set_style_layout
                0x0800e018        0xe CMakeFiles/lv_imp.elf.dir/lvgl/src/core/lv_obj_style_gen.c.obj
                0x0800e018                lv_obj_set_style_layout
 .text.lv_obj_set_style_base_dir
                0x0800e026        0xe CMakeFiles/lv_imp.elf.dir/lvgl/src/core/lv_obj_style_gen.c.obj
                0x0800e026                lv_obj_set_style_base_dir
 .text.lv_obj_get_parent
                0x0800e034        0x8 CMakeFiles/lv_imp.elf.dir/lvgl/src/core/lv_obj_tree.c.obj
                0x0800e034                lv_obj_get_parent
 .text.lv_obj_get_screen
                0x0800e03c       0x10 CMakeFiles/lv_imp.elf.dir/lvgl/src/core/lv_obj_tree.c.obj
                0x0800e03c                lv_obj_get_screen
 .text.lv_obj_get_disp
                0x0800e04c       0x40 CMakeFiles/lv_imp.elf.dir/lvgl/src/core/lv_obj_tree.c.obj
                0x0800e04c                lv_obj_get_disp
 .text.lv_obj_get_child
                0x0800e08c       0x2a CMakeFiles/lv_imp.elf.dir/lvgl/src/core/lv_obj_tree.c.obj
                0x0800e08c                lv_obj_get_child
 .text.lv_obj_get_child_cnt
                0x0800e0b6        0xc CMakeFiles/lv_imp.elf.dir/lvgl/src/core/lv_obj_tree.c.obj
                0x0800e0b6                lv_obj_get_child_cnt
 .text.lv_obj_get_index
                0x0800e0c2       0x34 CMakeFiles/lv_imp.elf.dir/lvgl/src/core/lv_obj_tree.c.obj
                0x0800e0c2                lv_obj_get_index
 *fill*         0x0800e0f6        0x2 
 .text.obj_del_core
                0x0800e0f8      0x13c CMakeFiles/lv_imp.elf.dir/lvgl/src/core/lv_obj_tree.c.obj
 .text.lv_obj_del
                0x0800e234       0x72 CMakeFiles/lv_imp.elf.dir/lvgl/src/core/lv_obj_tree.c.obj
                0x0800e234                lv_obj_del
 .text.lv_obj_del_async_cb
                0x0800e2a6        0x8 CMakeFiles/lv_imp.elf.dir/lvgl/src/core/lv_obj_tree.c.obj
 .text.lv_obj_set_parent
                0x0800e2ae       0xda CMakeFiles/lv_imp.elf.dir/lvgl/src/core/lv_obj_tree.c.obj
                0x0800e2ae                lv_obj_set_parent
 .text.lv_obj_move_to_index
                0x0800e388       0x80 CMakeFiles/lv_imp.elf.dir/lvgl/src/core/lv_obj_tree.c.obj
                0x0800e388                lv_obj_move_to_index
 .text.draw_buf_rotate_180
                0x0800e408       0x8a CMakeFiles/lv_imp.elf.dir/lvgl/src/core/lv_refr.c.obj
 .text.draw_buf_rotate_90
                0x0800e492       0x5a CMakeFiles/lv_imp.elf.dir/lvgl/src/core/lv_refr.c.obj
 .text.draw_buf_rotate_90_sqr
                0x0800e4ec       0xb6 CMakeFiles/lv_imp.elf.dir/lvgl/src/core/lv_refr.c.obj
 .text.call_flush_cb
                0x0800e5a2       0x44 CMakeFiles/lv_imp.elf.dir/lvgl/src/core/lv_refr.c.obj
 .text.lv_refr_get_top_obj
                0x0800e5e6       0x82 CMakeFiles/lv_imp.elf.dir/lvgl/src/core/lv_refr.c.obj
 .text.layer_get_area
                0x0800e668       0xb0 CMakeFiles/lv_imp.elf.dir/lvgl/src/core/lv_refr.c.obj
 .text.layer_alpha_test
                0x0800e718       0x6c CMakeFiles/lv_imp.elf.dir/lvgl/src/core/lv_refr.c.obj
 .text.lv_refr_join_area
                0x0800e784       0xd4 CMakeFiles/lv_imp.elf.dir/lvgl/src/core/lv_refr.c.obj
 .text.get_max_row
                0x0800e858       0x90 CMakeFiles/lv_imp.elf.dir/lvgl/src/core/lv_refr.c.obj
 .text.draw_buf_rotate
                0x0800e8e8      0x234 CMakeFiles/lv_imp.elf.dir/lvgl/src/core/lv_refr.c.obj
 .text.draw_buf_flush
                0x0800eb1c       0xa8 CMakeFiles/lv_imp.elf.dir/lvgl/src/core/lv_refr.c.obj
 .text._lv_refr_init
                0x0800ebc4        0x2 CMakeFiles/lv_imp.elf.dir/lvgl/src/core/lv_refr.c.obj
                0x0800ebc4                _lv_refr_init
 .text.lv_obj_redraw
                0x0800ebc6       0xf0 CMakeFiles/lv_imp.elf.dir/lvgl/src/core/lv_refr.c.obj
                0x0800ebc6                lv_obj_redraw
 *fill*         0x0800ecb6        0x2 
 .text.refr_obj
                0x0800ecb8      0x268 CMakeFiles/lv_imp.elf.dir/lvgl/src/core/lv_refr.c.obj
 .text.refr_obj_and_children
                0x0800ef20       0x90 CMakeFiles/lv_imp.elf.dir/lvgl/src/core/lv_refr.c.obj
 .text.refr_area_part
                0x0800efb0      0x108 CMakeFiles/lv_imp.elf.dir/lvgl/src/core/lv_refr.c.obj
 .text.refr_area
                0x0800f0b8      0x18c CMakeFiles/lv_imp.elf.dir/lvgl/src/core/lv_refr.c.obj
 .text.refr_invalid_areas