Archive member included to satisfy reference by file (symbol)

d:/clion_stm32/gcc-arm-none-eabi-10.3-2021.10/bin/../lib/gcc/arm-none-eabi/10.3.1/thumb/v7e-m/nofp\libgcc.a(_aeabi_uldivmod.o)
                              CMakeFiles/lv_imp.elf.dir/lvgl/src/misc/lv_printf.c.obj (__aeabi_uldivmod)
d:/clion_stm32/gcc-arm-none-eabi-10.3-2021.10/bin/../lib/gcc/arm-none-eabi/10.3.1/thumb/v7e-m/nofp\libgcc.a(_udivmoddi4.o)
                              d:/clion_stm32/gcc-arm-none-eabi-10.3-2021.10/bin/../lib/gcc/arm-none-eabi/10.3.1/thumb/v7e-m/nofp\libgcc.a(_aeabi_uldivmod.o) (__udivmoddi4)
d:/clion_stm32/gcc-arm-none-eabi-10.3-2021.10/bin/../lib/gcc/arm-none-eabi/10.3.1/thumb/v7e-m/nofp\libgcc.a(_dvmd_tls.o)
                              d:/clion_stm32/gcc-arm-none-eabi-10.3-2021.10/bin/../lib/gcc/arm-none-eabi/10.3.1/thumb/v7e-m/nofp\libgcc.a(_aeabi_uldivmod.o) (__aeabi_ldiv0)
d:/clion_stm32/gcc-arm-none-eabi-10.3-2021.10/bin/../lib/gcc/arm-none-eabi/10.3.1/../../../../arm-none-eabi/lib/thumb/v7e-m/nofp\libg.a(lib_a-assert.o)
                              CMakeFiles/lv_imp.elf.dir/lvgl/src/libs/qrcode/qrcodegen.c.obj (__assert_func)
d:/clion_stm32/gcc-arm-none-eabi-10.3-2021.10/bin/../lib/gcc/arm-none-eabi/10.3.1/../../../../arm-none-eabi/lib/thumb/v7e-m/nofp\libg.a(lib_a-errno.o)
                              CMakeFiles/lv_imp.elf.dir/Core/Src/syscalls.c.obj (__errno)
d:/clion_stm32/gcc-arm-none-eabi-10.3-2021.10/bin/../lib/gcc/arm-none-eabi/10.3.1/../../../../arm-none-eabi/lib/thumb/v7e-m/nofp\libg.a(lib_a-exit.o)
                              d:/clion_stm32/gcc-arm-none-eabi-10.3-2021.10/bin/../lib/gcc/arm-none-eabi/10.3.1/../../../../arm-none-eabi/lib/thumb/v7e-m/nofp/crt0.o (exit)
d:/clion_stm32/gcc-arm-none-eabi-10.3-2021.10/bin/../lib/gcc/arm-none-eabi/10.3.1/../../../../arm-none-eabi/lib/thumb/v7e-m/nofp\libg.a(lib_a-fiprintf.o)
                              d:/clion_stm32/gcc-arm-none-eabi-10.3-2021.10/bin/../lib/gcc/arm-none-eabi/10.3.1/../../../../arm-none-eabi/lib/thumb/v7e-m/nofp\libg.a(lib_a-assert.o) (fiprintf)
d:/clion_stm32/gcc-arm-none-eabi-10.3-2021.10/bin/../lib/gcc/arm-none-eabi/10.3.1/../../../../arm-none-eabi/lib/thumb/v7e-m/nofp\libg.a(lib_a-impure.o)
                              d:/clion_stm32/gcc-arm-none-eabi-10.3-2021.10/bin/../lib/gcc/arm-none-eabi/10.3.1/../../../../arm-none-eabi/lib/thumb/v7e-m/nofp\libg.a(lib_a-exit.o) (_global_impure_ptr)
d:/clion_stm32/gcc-arm-none-eabi-10.3-2021.10/bin/../lib/gcc/arm-none-eabi/10.3.1/../../../../arm-none-eabi/lib/thumb/v7e-m/nofp\libg.a(lib_a-init.o)
                              d:/clion_stm32/gcc-arm-none-eabi-10.3-2021.10/bin/../lib/gcc/arm-none-eabi/10.3.1/../../../../arm-none-eabi/lib/thumb/v7e-m/nofp/crt0.o (__libc_init_array)
d:/clion_stm32/gcc-arm-none-eabi-10.3-2021.10/bin/../lib/gcc/arm-none-eabi/10.3.1/../../../../arm-none-eabi/lib/thumb/v7e-m/nofp\libg.a(lib_a-memcmp.o)
                              CMakeFiles/lv_imp.elf.dir/lvgl/src/font/lv_font_loader.c.obj (memcmp)
d:/clion_stm32/gcc-arm-none-eabi-10.3-2021.10/bin/../lib/gcc/arm-none-eabi/10.3.1/../../../../arm-none-eabi/lib/thumb/v7e-m/nofp\libg.a(lib_a-memcpy.o)
                              CMakeFiles/lv_imp.elf.dir/lvgl/src/libs/qrcode/qrcodegen.c.obj (memcpy)
d:/clion_stm32/gcc-arm-none-eabi-10.3-2021.10/bin/../lib/gcc/arm-none-eabi/10.3.1/../../../../arm-none-eabi/lib/thumb/v7e-m/nofp\libg.a(lib_a-memmove.o)
                              CMakeFiles/lv_imp.elf.dir/lvgl/src/libs/qrcode/qrcodegen.c.obj (memmove)
d:/clion_stm32/gcc-arm-none-eabi-10.3-2021.10/bin/../lib/gcc/arm-none-eabi/10.3.1/../../../../arm-none-eabi/lib/thumb/v7e-m/nofp\libg.a(lib_a-memset.o)
                              d:/clion_stm32/gcc-arm-none-eabi-10.3-2021.10/bin/../lib/gcc/arm-none-eabi/10.3.1/../../../../arm-none-eabi/lib/thumb/v7e-m/nofp/crt0.o (memset)
d:/clion_stm32/gcc-arm-none-eabi-10.3-2021.10/bin/../lib/gcc/arm-none-eabi/10.3.1/../../../../arm-none-eabi/lib/thumb/v7e-m/nofp\libg.a(lib_a-strchr.o)
                              CMakeFiles/lv_imp.elf.dir/lvgl/src/libs/qrcode/qrcodegen.c.obj (strchr)
d:/clion_stm32/gcc-arm-none-eabi-10.3-2021.10/bin/../lib/gcc/arm-none-eabi/10.3.1/../../../../arm-none-eabi/lib/thumb/v7e-m/nofp\libg.a(lib_a-strcmp.o)
                              CMakeFiles/lv_imp.elf.dir/lvgl/src/draw/lv_img_decoder.c.obj (strcmp)
d:/clion_stm32/gcc-arm-none-eabi-10.3-2021.10/bin/../lib/gcc/arm-none-eabi/10.3.1/../../../../arm-none-eabi/lib/thumb/v7e-m/nofp\libg.a(lib_a-strcpy.o)
                              CMakeFiles/lv_imp.elf.dir/lvgl/src/draw/lv_img_decoder.c.obj (strcpy)
d:/clion_stm32/gcc-arm-none-eabi-10.3-2021.10/bin/../lib/gcc/arm-none-eabi/10.3.1/../../../../arm-none-eabi/lib/thumb/v7e-m/nofp\libg.a(lib_a-strlen.o)
                              CMakeFiles/lv_imp.elf.dir/lvgl/src/draw/lv_img_decoder.c.obj (strlen)
d:/clion_stm32/gcc-arm-none-eabi-10.3-2021.10/bin/../lib/gcc/arm-none-eabi/10.3.1/../../../../arm-none-eabi/lib/thumb/v7e-m/nofp\libg.a(lib_a-vfiprintf.o)
[...]
Memory Configuration

Name             Origin             Length             Attributes
RAM              0x20000000         0x00018000         xrw
RAM2             0x10000000         0x00008000         xrw
FLASH            0x08000000         0x00080000         xr
*default*        0x00000000         0xffffffff

Linker script and memory map

LOAD d:/clion_stm32/gcc-arm-none-eabi-10.3-2021.10/bin/../lib/gcc/arm-none-eabi/10.3.1/thumb/v7e-m/nofp/crti.o
LOAD d:/clion_stm32/gcc-arm-none-eabi-10.3-2021.10/bin/../lib/gcc/arm-none-eabi/10.3.1/thumb/v7e-m/nofp/crtbegin.o
LOAD d:/clion_stm32/gcc-arm-none-eabi-10.3-2021.10/bin/../lib/gcc/arm-none-eabi/10.3.1/../../../../arm-none-eabi/lib/thumb/v7e-m/nofp/crt0.o
LOAD CMakeFiles/lv_imp.elf.dir/Core/Src/main.c.obj
LOAD CMakeFiles/lv_imp.elf.dir/Core/Src/stm32l4xx_hal_msp.c.obj
LOAD CMakeFiles/lv_imp.elf.dir/Core/Src/stm32l4xx_it.c.obj
LOAD CMakeFiles/lv_imp.elf.dir/Core/Src/syscalls.c.obj
LOAD CMakeFiles/lv_imp.elf.dir/Core/Src/system_stm32l4xx.c.obj
LOAD CMakeFiles/lv_imp.elf.dir/Drivers/STM32L4xx_HAL_Driver/Src/stm32l4xx_hal.c.obj
LOAD CMakeFiles/lv_imp.elf.dir/Drivers/STM32L4xx_HAL_Driver/Src/stm32l4xx_hal_cortex.c.obj
LOAD CMakeFiles/lv_imp.elf.dir/Drivers/STM32L4xx_HAL_Driver/Src/stm32l4xx_hal_dma.c.obj
LOAD CMakeFiles/lv_imp.elf.dir/Drivers/STM32L4xx_HAL_Driver/Src/stm32l4xx_hal_dma_ex.c.obj
LOAD CMakeFiles/lv_imp.elf.dir/Drivers/STM32L4xx_HAL_Driver/Src/stm32l4xx_hal_exti.c.obj
LOAD CMakeFiles/lv_imp.elf.dir/Drivers/STM32L4xx_HAL_Driver/Src/stm32l4xx_hal_flash.c.obj
LOAD CMakeFiles/lv_imp.elf.dir/Drivers/STM32L4xx_HAL_Driver/Src/stm32l4xx_hal_flash_ex.c.obj
LOAD CMakeFiles/lv_imp.elf.dir/Drivers/STM32L4xx_HAL_Driver/Src/stm32l4xx_hal_flash_ramfunc.c.obj
LOAD CMakeFiles/lv_imp.elf.dir/Drivers/STM32L4xx_HAL_Driver/Src/stm32l4xx_hal_gpio.c.obj
LOAD CMakeFiles/lv_imp.elf.dir/Drivers/STM32L4xx_HAL_Driver/Src/stm32l4xx_hal_i2c.c.obj
LOAD CMakeFiles/lv_imp.elf.dir/Drivers/STM32L4xx_HAL_Driver/Src/stm32l4xx_hal_i2c_ex.c.obj
LOAD CMakeFiles/lv_imp.elf.dir/Drivers/STM32L4xx_HAL_Driver/Src/stm32l4xx_hal_pwr.c.obj
LOAD CMakeFiles/lv_imp.elf.dir/Drivers/STM32L4xx_HAL_Driver/Src/stm32l4xx_hal_pwr_ex.c.obj
LOAD CMakeFiles/lv_imp.elf.dir/Drivers/STM32L4xx_HAL_Driver/Src/stm32l4xx_hal_rcc.c.obj
LOAD CMakeFiles/lv_imp.elf.dir/Drivers/STM32L4xx_HAL_Driver/Src/stm32l4xx_hal_rcc_ex.c.obj
LOAD CMakeFiles/lv_imp.elf.dir/Drivers/STM32L4xx_HAL_Driver/Src/stm32l4xx_hal_spi.c.obj
LOAD CMakeFiles/lv_imp.elf.dir/Drivers/STM32L4xx_HAL_Driver/Src/stm32l4xx_hal_spi_ex.c.obj
LOAD CMakeFiles/lv_imp.elf.dir/Drivers/STM32L4xx_HAL_Driver/Src/stm32l4xx_hal_tim.c.obj
LOAD CMakeFiles/lv_imp.elf.dir/Drivers/STM32L4xx_HAL_Driver/Src/stm32l4xx_hal_tim_ex.c.obj
LOAD CMakeFiles/lv_imp.elf.dir/Drivers/STM32L4xx_HAL_Driver/Src/stm32l4xx_hal_usart.c.obj
LOAD CMakeFiles/lv_imp.elf.dir/Drivers/STM32L4xx_HAL_Driver/Src/stm32l4xx_hal_usart_ex.c.obj
LOAD CMakeFiles/lv_imp.elf.dir/KEY/key.c.obj
LOAD CMakeFiles/lv_imp.elf.dir/LCD/delay.c.obj
LOAD CMakeFiles/lv_imp.elf.dir/LCD/lcd.c.obj
LOAD CMakeFiles/lv_imp.elf.dir/LCD/spi3.c.obj
LOAD CMakeFiles/lv_imp.elf.dir/TIMER/timer.c.obj
LOAD CMakeFiles/lv_imp.elf.dir/lvgl/lv_port_disp.c.obj
LOAD CMakeFiles/lv_imp.elf.dir/lvgl/lv_port_indev.c.obj
LOAD CMakeFiles/lv_imp.elf.dir/lvgl/src/core/lv_disp.c.obj
LOAD CMakeFiles/lv_imp.elf.dir/lvgl/src/core/lv_group.c.obj
LOAD CMakeFiles/lv_imp.elf.dir/lvgl/src/core/lv_indev.c.obj
LOAD CMakeFiles/lv_imp.elf.dir/lvgl/src/core/lv_indev_scroll.c.obj
LOAD CMakeFiles/lv_imp.elf.dir/lvgl/src/core/lv_obj.c.obj
LOAD CMakeFiles/lv_imp.elf.dir/lvgl/src/core/lv_obj_class.c.obj
LOAD CMakeFiles/lv_imp.elf.dir/lvgl/src/core/lv_obj_draw.c.obj
LOAD CMakeFiles/lv_imp.elf.dir/lvgl/src/core/lv_obj_event.c.obj
LOAD CMakeFiles/lv_imp.elf.dir/lvgl/src/core/lv_obj_pos.c.obj
LOAD CMakeFiles/lv_imp.elf.dir/lvgl/src/core/lv_obj_scroll.c.obj
LOAD CMakeFiles/lv_imp.elf.dir/lvgl/src/core/lv_obj_style.c.obj
LOAD CMakeFiles/lv_imp.elf.dir/lvgl/src/core/lv_obj_style_gen.c.obj
LOAD CMakeFiles/lv_imp.elf.dir/lvgl/src/core/lv_obj_tree.c.obj
LOAD CMakeFiles/lv_imp.elf.dir/lvgl/src/core/lv_refr.c.obj
LOAD CMakeFiles/lv_imp.elf.dir/lvgl/src/core/lv_theme.c.obj
LOAD CMakeFiles/lv_imp.elf.dir/lvgl/src/dev/disp/fb/lv_linux_fbdev.c.obj
LOAD CMakeFiles/lv_imp.elf.dir/lvgl/src/dev/disp/tft_espi/lv_tft_espi.cpp.obj
LOAD CMakeFiles/lv_imp.elf.dir/lvgl/src/dev/sdl/lv_sdl_keyboard.c.obj
LOAD CMakeFiles/lv_imp.elf.dir/lvgl/src/dev/sdl/lv_sdl_mouse.c.obj
LOAD CMakeFiles/lv_imp.elf.dir/lvgl/src/dev/sdl/lv_sdl_mousewheel.c.obj
LOAD CMakeFiles/lv_imp.elf.dir/lvgl/src/dev/sdl/lv_sdl_window.c.obj
LOAD CMakeFiles/lv_imp.elf.dir/lvgl/src/draw/arm2d/lv_gpu_arm2d.c.obj
LOAD CMakeFiles/lv_imp.elf.dir/lvgl/src/draw/gd32_ipa/lv_gpu_gd32_ipa.c.obj
LOAD CMakeFiles/lv_imp.elf.dir/lvgl/src/draw/lv_draw.c.obj
LOAD CMakeFiles/lv_imp.elf.dir/lvgl/src/draw/lv_draw_arc.c.obj
LOAD CMakeFiles/lv_imp.elf.dir/lvgl/src/draw/lv_draw_img.c.obj
LOAD CMakeFiles/lv_imp.elf.dir/lvgl/src/draw/lv_draw_label.c.obj
LOAD CMakeFiles/lv_imp.elf.dir/lvgl/src/draw/lv_draw_layer.c.obj
LOAD CMakeFiles/lv_imp.elf.dir/lvgl/src/draw/lv_draw_line.c.obj
LOAD CMakeFiles/lv_imp.elf.dir/lvgl/src/draw/lv_draw_mask.c.obj
LOAD CMakeFiles/lv_imp.elf.dir/lvgl/src/draw/lv_draw_rect.c.obj
LOAD CMakeFiles/lv_imp.elf.dir/lvgl/src/draw/lv_draw_transform.c.obj
LOAD CMakeFiles/lv_imp.elf.dir/lvgl/src/draw/lv_draw_triangle.c.obj
LOAD CMakeFiles/lv_imp.elf.dir/lvgl/src/draw/lv_img_buf.c.obj
LOAD CMakeFiles/lv_imp.elf.dir/lvgl/src/draw/lv_img_cache.c.obj
LOAD CMakeFiles/lv_imp.elf.dir/lvgl/src/draw/lv_img_cache_builtin.c.obj
LOAD CMakeFiles/lv_imp.elf.dir/lvgl/src/draw/lv_img_decoder.c.obj
LOAD CMakeFiles/lv_imp.elf.dir/lvgl/src/draw/nxp/pxp/lv_draw_pxp.c.obj
LOAD CMakeFiles/lv_imp.elf.dir/lvgl/src/draw/nxp/pxp/lv_draw_pxp_blend.c.obj
LOAD CMakeFiles/lv_imp.elf.dir/lvgl/src/draw/nxp/pxp/lv_gpu_nxp_pxp.c.obj
LOAD CMakeFiles/lv_imp.elf.dir/lvgl/src/draw/nxp/pxp/lv_gpu_nxp_pxp_osa.c.obj
LOAD CMakeFiles/lv_imp.elf.dir/lvgl/src/draw/nxp/vglite/lv_draw_vglite.c.obj
LOAD CMakeFiles/lv_imp.elf.dir/lvgl/src/draw/nxp/vglite/lv_draw_vglite_arc.c.obj
LOAD CMakeFiles/lv_imp.elf.dir/lvgl/src/draw/nxp/vglite/lv_draw_vglite_blend.c.obj
LOAD CMakeFiles/lv_imp.elf.dir/lvgl/src/draw/nxp/vglite/lv_draw_vglite_line.c.obj
LOAD CMakeFiles/lv_imp.elf.dir/lvgl/src/draw/nxp/vglite/lv_draw_vglite_rect.c.obj
LOAD CMakeFiles/lv_imp.elf.dir/lvgl/src/draw/nxp/vglite/lv_vglite_buf.c.obj
LOAD CMakeFiles/lv_imp.elf.dir/lvgl/src/draw/nxp/vglite/lv_vglite_utils.c.obj
LOAD CMakeFiles/lv_imp.elf.dir/lvgl/src/draw/sdl/lv_draw_sdl.c.obj
LOAD CMakeFiles/lv_imp.elf.dir/lvgl/src/draw/sdl/lv_draw_sdl_arc.c.obj
LOAD CMakeFiles/lv_imp.elf.dir/lvgl/src/draw/sdl/lv_draw_sdl_bg.c.obj
LOAD CMakeFiles/lv_imp.elf.dir/lvgl/src/draw/sdl/lv_draw_sdl_composite.c.obj
LOAD CMakeFiles/lv_imp.elf.dir/lvgl/src/draw/sdl/lv_draw_sdl_img.c.obj
LOAD CMakeFiles/lv_imp.elf.dir/lvgl/src/draw/sdl/lv_draw_sdl_label.c.obj
LOAD CMakeFiles/lv_imp.elf.dir/lvgl/src/draw/sdl/lv_draw_sdl_layer.c.obj
LOAD CMakeFiles/lv_imp.elf.dir/lvgl/src/draw/sdl/lv_draw_sdl_line.c.obj
LOAD CMakeFiles/lv_imp.elf.dir/lvgl/src/draw/sdl/lv_draw_sdl_mask.c.obj
LOAD CMakeFiles/lv_imp.elf.dir/lvgl/src/draw/sdl/lv_draw_sdl_polygon.c.obj
LOAD CMakeFiles/lv_imp.elf.dir/lvgl/src/draw/sdl/lv_draw_sdl_rect.c.obj
LOAD CMakeFiles/lv_imp.elf.dir/lvgl/src/draw/sdl/lv_draw_sdl_stack_blur.c.obj
LOAD CMakeFiles/lv_imp.elf.dir/lvgl/src/draw/sdl/lv_draw_sdl_texture_cache.c.obj
LOAD CMakeFiles/lv_imp.elf.dir/lvgl/src/draw/sdl/lv_draw_sdl_utils.c.obj
LOAD CMakeFiles/lv_imp.elf.dir/lvgl/src/draw/stm32_dma2d/lv_gpu_stm32_dma2d.c.obj
LOAD CMakeFiles/lv_imp.elf.dir/lvgl/src/draw/sw/lv_draw_sw.c.obj
LOAD CMakeFiles/lv_imp.elf.dir/lvgl/src/draw/sw/lv_draw_sw_arc.c.obj
LOAD CMakeFiles/lv_imp.elf.dir/lvgl/src/draw/sw/lv_draw_sw_blend.c.obj
LOAD CMakeFiles/lv_imp.elf.dir/lvgl/src/draw/sw/lv_draw_sw_dither.c.obj
LOAD CMakeFiles/lv_imp.elf.dir/lvgl/src/draw/sw/lv_draw_sw_gradient.c.obj
LOAD CMakeFiles/lv_imp.elf.dir/lvgl/src/draw/sw/lv_draw_sw_img.c.obj
LOAD CMakeFiles/lv_imp.elf.dir/lvgl/src/draw/sw/lv_draw_sw_layer.c.obj
LOAD CMakeFiles/lv_imp.elf.dir/lvgl/src/draw/sw/lv_draw_sw_letter.c.obj
LOAD CMakeFiles/lv_imp.elf.dir/lvgl/src/draw/sw/lv_draw_sw_line.c.obj
LOAD CMakeFiles/lv_imp.elf.dir/lvgl/src/draw/sw/lv_draw_sw_polygon.c.obj
LOAD CMakeFiles/lv_imp.elf.dir/lvgl/src/draw/sw/lv_draw_sw_rect.c.obj
LOAD CMakeFiles/lv_imp.elf.dir/lvgl/src/draw/sw/lv_draw_sw_transform.c.obj
LOAD CMakeFiles/lv_imp.elf.dir/lvgl/src/draw/swm341_dma2d/lv_gpu_swm341_dma2d.c.obj
LOAD CMakeFiles/lv_imp.elf.dir/lvgl/src/font/lv_font.c.obj
LOAD CMakeFiles/lv_imp.elf.dir/lvgl/src/font/lv_font_dejavu_16_persian_hebrew.c.obj
LOAD CMakeFiles/lv_imp.elf.dir/lvgl/src/font/lv_font_fmt_txt.c.obj
LOAD CMakeFiles/lv_imp.elf.dir/lvgl/src/font/lv_font_loader.c.obj
LOAD CMakeFiles/lv_imp.elf.dir/lvgl/src/font/lv_font_montserrat_10.c.obj
LOAD CMakeFiles/lv_imp.elf.dir/lvgl/src/font/lv_font_montserrat_12.c.obj
LOAD CMakeFiles/lv_imp.elf.dir/lvgl/src/font/lv_font_montserrat_12_subpx.c.obj
LOAD CMakeFiles/lv_imp.elf.dir/lvgl/src/font/lv_font_montserrat_14.c.obj
LOAD CMakeFiles/lv_imp.elf.dir/lvgl/src/font/lv_font_montserrat_16.c.obj
LOAD CMakeFiles/lv_imp.elf.dir/lvgl/src/font/lv_font_montserrat_18.c.obj
LOAD CMakeFiles/lv_imp.elf.dir/lvgl/src/font/lv_font_montserrat_20.c.obj
LOAD CMakeFiles/lv_imp.elf.dir/lvgl/src/font/lv_font_montserrat_22.c.obj
LOAD CMakeFiles/lv_imp.elf.dir/lvgl/src/font/lv_font_montserrat_24.c.obj
LOAD CMakeFiles/lv_imp.elf.dir/lvgl/src/font/lv_font_montserrat_26.c.obj
LOAD CMakeFiles/lv_imp.elf.dir/lvgl/src/font/lv_font_montserrat_28.c.obj
LOAD CMakeFiles/lv_imp.elf.dir/lvgl/src/font/lv_font_montserrat_28_compressed.c.obj
LOAD CMakeFiles/lv_imp.elf.dir/lvgl/src/font/lv_font_montserrat_30.c.obj
LOAD CMakeFiles/lv_imp.elf.dir/lvgl/src/font/lv_font_montserrat_32.c.obj
LOAD CMakeFiles/lv_imp.elf.dir/lvgl/src/font/lv_font_montserrat_34.c.obj
LOAD CMakeFiles/lv_imp.elf.dir/lvgl/src/font/lv_font_montserrat_36.c.obj
LOAD CMakeFiles/lv_imp.elf.dir/lvgl/src/font/lv_font_montserrat_38.c.obj
LOAD CMakeFiles/lv_imp.elf.dir/lvgl/src/font/lv_font_montserrat_40.c.obj
LOAD CMakeFiles/lv_imp.elf.dir/lvgl/src/font/lv_font_montserrat_42.c.obj
LOAD CMakeFiles/lv_imp.elf.dir/lvgl/src/font/lv_font_montserrat_44.c.obj
LOAD CMakeFiles/lv_imp.elf.dir/lvgl/src/font/lv_font_montserrat_46.c.obj
LOAD CMakeFiles/lv_imp.elf.dir/lvgl/src/font/lv_font_montserrat_48.c.obj
LOAD CMakeFiles/lv_imp.elf.dir/lvgl/src/font/lv_font_montserrat_8.c.obj
LOAD CMakeFiles/lv_imp.elf.dir/lvgl/src/font/lv_font_simsun_16_cjk.c.obj
LOAD CMakeFiles/lv_imp.elf.dir/lvgl/src/font/lv_font_unscii_16.c.obj
LOAD CMakeFiles/lv_imp.elf.dir/lvgl/src/font/lv_font_unscii_8.c.obj
LOAD CMakeFiles/lv_imp.elf.dir/lvgl/src/hal/lv_hal_tick.c.obj
LOAD CMakeFiles/lv_imp.elf.dir/lvgl/src/layouts/flex/lv_flex.c.obj
LOAD CMakeFiles/lv_imp.elf.dir/lvgl/src/layouts/grid/lv_grid.c.obj
LOAD CMakeFiles/lv_imp.elf.dir/lvgl/src/libs/barcode/code128.c.obj
LOAD CMakeFiles/lv_imp.elf.dir/lvgl/src/libs/barcode/lv_barcode.c.obj
LOAD CMakeFiles/lv_imp.elf.dir/lvgl/src/libs/bmp/lv_bmp.c.obj
LOAD CMakeFiles/lv_imp.elf.dir/lvgl/src/libs/ffmpeg/lv_ffmpeg.c.obj
LOAD CMakeFiles/lv_imp.elf.dir/lvgl/src/libs/freetype/lv_freetype.c.obj
LOAD CMakeFiles/lv_imp.elf.dir/lvgl/src/libs/freetype/lv_ftsystem.c.obj
LOAD CMakeFiles/lv_imp.elf.dir/lvgl/src/libs/fsdrv/lv_fs_cbfs.c.obj
LOAD CMakeFiles/lv_imp.elf.dir/lvgl/src/libs/fsdrv/lv_fs_fatfs.c.obj
LOAD CMakeFiles/lv_imp.elf.dir/lvgl/src/libs/fsdrv/lv_fs_posix.c.obj
LOAD CMakeFiles/lv_imp.elf.dir/lvgl/src/libs/fsdrv/lv_fs_stdio.c.obj
LOAD CMakeFiles/lv_imp.elf.dir/lvgl/src/libs/fsdrv/lv_fs_win32.c.obj
LOAD CMakeFiles/lv_imp.elf.dir/lvgl/src/libs/gif/gifdec.c.obj
LOAD CMakeFiles/lv_imp.elf.dir/lvgl/src/libs/gif/lv_gif.c.obj
LOAD CMakeFiles/lv_imp.elf.dir/lvgl/src/libs/png/lodepng.c.obj
LOAD CMakeFiles/lv_imp.elf.dir/lvgl/src/libs/png/lv_png.c.obj
LOAD CMakeFiles/lv_imp.elf.dir/lvgl/src/libs/qrcode/lv_qrcode.c.obj
LOAD CMakeFiles/lv_imp.elf.dir/lvgl/src/libs/qrcode/qrcodegen.c.obj
LOAD CMakeFiles/lv_imp.elf.dir/lvgl/src/libs/rlottie/lv_rlottie.c.obj
LOAD CMakeFiles/lv_imp.elf.dir/lvgl/src/libs/sjpg/lv_sjpg.c.obj
LOAD CMakeFiles/lv_imp.elf.dir/lvgl/src/libs/sjpg/tjpgd.c.obj
LOAD CMakeFiles/lv_imp.elf.dir/lvgl/src/libs/tiny_ttf/lv_tiny_ttf.c.obj
LOAD CMakeFiles/lv_imp.elf.dir/lvgl/src/misc/lv_anim.c.obj
LOAD CMakeFiles/lv_imp.elf.dir/lvgl/src/misc/lv_anim_timeline.c.obj
LOAD CMakeFiles/lv_imp.elf.dir/lvgl/src/misc/lv_area.c.obj
LOAD CMakeFiles/lv_imp.elf.dir/lvgl/src/misc/lv_async.c.obj
LOAD CMakeFiles/lv_imp.elf.dir/lvgl/src/misc/lv_bidi.c.obj
LOAD CMakeFiles/lv_imp.elf.dir/lvgl/src/misc/lv_color.c.obj
LOAD CMakeFiles/lv_imp.elf.dir/lvgl/src/misc/lv_event.c.obj
LOAD CMakeFiles/lv_imp.elf.dir/lvgl/src/misc/lv_fs.c.obj
LOAD CMakeFiles/lv_imp.elf.dir/lvgl/src/misc/lv_gc.c.obj
LOAD CMakeFiles/lv_imp.elf.dir/lvgl/src/misc/lv_ll.c.obj
LOAD CMakeFiles/lv_imp.elf.dir/lvgl/src/misc/lv_log.c.obj
LOAD CMakeFiles/lv_imp.elf.dir/lvgl/src/misc/lv_lru.c.obj
LOAD CMakeFiles/lv_imp.elf.dir/lvgl/src/misc/lv_malloc_builtin.c.obj
LOAD CMakeFiles/lv_imp.elf.dir/lvgl/src/misc/lv_math.c.obj
LOAD CMakeFiles/lv_imp.elf.dir/lvgl/src/misc/lv_mem.c.obj
LOAD CMakeFiles/lv_imp.elf.dir/lvgl/src/misc/lv_memcpy_builtin.c.obj
LOAD CMakeFiles/lv_imp.elf.dir/lvgl/src/misc/lv_printf.c.obj
LOAD CMakeFiles/lv_imp.elf.dir/lvgl/src/misc/lv_style.c.obj
LOAD CMakeFiles/lv_imp.elf.dir/lvgl/src/misc/lv_style_gen.c.obj
LOAD CMakeFiles/lv_imp.elf.dir/lvgl/src/misc/lv_templ.c.obj
LOAD CMakeFiles/lv_imp.elf.dir/lvgl/src/misc/lv_timer.c.obj
LOAD CMakeFiles/lv_imp.elf.dir/lvgl/src/misc/lv_tlsf.c.obj
LOAD CMakeFiles/lv_imp.elf.dir/lvgl/src/misc/lv_txt.c.obj
LOAD CMakeFiles/lv_imp.elf.dir/lvgl/src/misc/lv_txt_ap.c.obj
LOAD CMakeFiles/lv_imp.elf.dir/lvgl/src/misc/lv_utils.c.obj
LOAD CMakeFiles/lv_imp.elf.dir/lvgl/src/others/file_explorer/lv_file_explorer.c.obj
LOAD CMakeFiles/lv_imp.elf.dir/lvgl/src/others/fragment/lv_fragment.c.obj
LOAD CMakeFiles/lv_imp.elf.dir/lvgl/src/others/fragment/lv_fragment_manager.c.obj
LOAD CMakeFiles/lv_imp.elf.dir/lvgl/src/others/gridnav/lv_gridnav.c.obj
LOAD CMakeFiles/lv_imp.elf.dir/lvgl/src/others/ime/lv_ime_pinyin.c.obj
LOAD CMakeFiles/lv_imp.elf.dir/lvgl/src/others/imgfont/lv_imgfont.c.obj
LOAD CMakeFiles/lv_imp.elf.dir/lvgl/src/others/monkey/lv_monkey.c.obj
LOAD CMakeFiles/lv_imp.elf.dir/lvgl/src/others/msg/lv_msg.c.obj
LOAD CMakeFiles/lv_imp.elf.dir/lvgl/src/others/snapshot/lv_snapshot.c.obj
LOAD CMakeFiles/lv_imp.elf.dir/lvgl/src/themes/basic/lv_theme_basic.c.obj
LOAD CMakeFiles/lv_imp.elf.dir/lvgl/src/themes/default/lv_theme_default.c.obj
LOAD CMakeFiles/lv_imp.elf.dir/lvgl/src/themes/mono/lv_theme_mono.c.obj
LOAD CMakeFiles/lv_imp.elf.dir/lvgl/src/widgets/animimg/lv_animimg.c.obj
LOAD CMakeFiles/lv_imp.elf.dir/lvgl/src/widgets/arc/lv_arc.c.obj
LOAD CMakeFiles/lv_imp.elf.dir/lvgl/src/widgets/bar/lv_bar.c.obj
LOAD CMakeFiles/lv_imp.elf.dir/lvgl/src/widgets/btn/lv_btn.c.obj
LOAD CMakeFiles/lv_imp.elf.dir/lvgl/src/widgets/btnmatrix/lv_btnmatrix.c.obj
LOAD CMakeFiles/lv_imp.elf.dir/lvgl/src/widgets/calendar/lv_calendar.c.obj
LOAD CMakeFiles/lv_imp.elf.dir/lvgl/src/widgets/calendar/lv_calendar_header_arrow.c.obj
LOAD CMakeFiles/lv_imp.elf.dir/lvgl/src/widgets/calendar/lv_calendar_header_dropdown.c.obj
LOAD CMakeFiles/lv_imp.elf.dir/lvgl/src/widgets/canvas/lv_canvas.c.obj
LOAD CMakeFiles/lv_imp.elf.dir/lvgl/src/widgets/chart/lv_chart.c.obj
LOAD CMakeFiles/lv_imp.elf.dir/lvgl/src/widgets/checkbox/lv_checkbox.c.obj
LOAD CMakeFiles/lv_imp.elf.dir/lvgl/src/widgets/colorwheel/lv_colorwheel.c.obj
LOAD CMakeFiles/lv_imp.elf.dir/lvgl/src/widgets/dropdown/lv_dropdown.c.obj
LOAD CMakeFiles/lv_imp.elf.dir/lvgl/src/widgets/img/lv_img.c.obj
LOAD CMakeFiles/lv_imp.elf.dir/lvgl/src/widgets/imgbtn/lv_imgbtn.c.obj
LOAD CMakeFiles/lv_imp.elf.dir/lvgl/src/widgets/keyboard/lv_keyboard.c.obj
LOAD CMakeFiles/lv_imp.elf.dir/lvgl/src/widgets/label/lv_label.c.obj
LOAD CMakeFiles/lv_imp.elf.dir/lvgl/src/widgets/led/lv_led.c.obj
LOAD CMakeFiles/lv_imp.elf.dir/lvgl/src/widgets/line/lv_line.c.obj
LOAD CMakeFiles/lv_imp.elf.dir/lvgl/src/widgets/list/lv_list.c.obj
LOAD CMakeFiles/lv_imp.elf.dir/lvgl/src/widgets/menu/lv_menu.c.obj
LOAD CMakeFiles/lv_imp.elf.dir/lvgl/src/widgets/meter/lv_meter.c.obj
LOAD CMakeFiles/lv_imp.elf.dir/lvgl/src/widgets/msgbox/lv_msgbox.c.obj
LOAD CMakeFiles/lv_imp.elf.dir/lvgl/src/widgets/objx_templ/lv_objx_templ.c.obj
LOAD CMakeFiles/lv_imp.elf.dir/lvgl/src/widgets/roller/lv_roller.c.obj
LOAD CMakeFiles/lv_imp.elf.dir/lvgl/src/widgets/slider/lv_slider.c.obj
LOAD CMakeFiles/lv_imp.elf.dir/lvgl/src/widgets/span/lv_span.c.obj
LOAD CMakeFiles/lv_imp.elf.dir/lvgl/src/widgets/spinbox/lv_spinbox.c.obj
LOAD CMakeFiles/lv_imp.elf.dir/lvgl/src/widgets/spinner/lv_spinner.c.obj
LOAD CMakeFiles/lv_imp.elf.dir/lvgl/src/widgets/switch/lv_switch.c.obj
LOAD CMakeFiles/lv_imp.elf.dir/lvgl/src/widgets/table/lv_table.c.obj
LOAD CMakeFiles/lv_imp.elf.dir/lvgl/src/widgets/tabview/lv_tabview.c.obj
LOAD CMakeFiles/lv_imp.elf.dir/lvgl/src/widgets/textarea/lv_textarea.c.obj
LOAD CMakeFiles/lv_imp.elf.dir/lvgl/src/widgets/tileview/lv_tileview.c.obj
LOAD CMakeFiles/lv_imp.elf.dir/lvgl/src/widgets/win/lv_win.c.obj
LOAD CMakeFiles/lv_imp.elf.dir/myGui/lv_show.c.obj
LOAD CMakeFiles/lv_imp.elf.dir/myGui/myGui.c.obj
LOAD CMakeFiles/lv_imp.elf.dir/startup/startup_stm32l475xx.s.obj
LOAD d:/clion_stm32/gcc-arm-none-eabi-10.3-2021.10/bin/../lib/gcc/arm-none-eabi/10.3.1/../../../../arm-none-eabi/lib/thumb/v7e-m/nofp\libstdc++.a
LOAD d:/clion_stm32/gcc-arm-none-eabi-10.3-2021.10/bin/../lib/gcc/arm-none-eabi/10.3.1/../../../../arm-none-eabi/lib/thumb/v7e-m/nofp\libm.a
START GROUP
LOAD d:/clion_stm32/gcc-arm-none-eabi-10.3-2021.10/bin/../lib/gcc/arm-none-eabi/10.3.1/thumb/v7e-m/nofp\libgcc.a
LOAD d:/clion_stm32/gcc-arm-none-eabi-10.3-2021.10/bin/../lib/gcc/arm-none-eabi/10.3.1/../../../../arm-none-eabi/lib/thumb/v7e-m/nofp\libg.a
LOAD d:/clion_stm32/gcc-arm-none-eabi-10.3-2021.10/bin/../lib/gcc/arm-none-eabi/10.3.1/../../../../arm-none-eabi/lib/thumb/v7e-m/nofp\libc.a
END GROUP
LOAD d:/clion_stm32/gcc-arm-none-eabi-10.3-2021.10/bin/../lib/gcc/arm-none-eabi/10.3.1/thumb/v7e-m/nofp/crtend.o
LOAD d:/clion_stm32/gcc-arm-none-eabi-10.3-2021.10/bin/../lib/gcc/arm-none-eabi/10.3.1/thumb/v7e-m/nofp/crtn.o
                0x20018000                _estack = 0x20018000
                0x00000200                _Min_Heap_Size = 0x200
                0x00000400                _Min_Stack_Size = 0x400

.isr_vector     0x08000000      0x188
                0x08000000                . = ALIGN (0x8)
 *(.isr_vector)
 .isr_vector    0x08000000      0x188 CMakeFiles/lv_imp.elf.dir/startup/startup_stm32l475xx.s.obj
                0x08000000                g_pfnVectors
                0x08000188                . = ALIGN (0x8)

.text           0x080001c0    0x2f420
                0x080001c0                . = ALIGN (0x8)
 *(.text)
 .text          0x080001c0       0x40 d:/clion_stm32/gcc-arm-none-eabi-10.3-2021.10/bin/../lib/gcc/arm-none-eabi/10.3.1/thumb/v7e-m/nofp/crtbegin.o
 .text          0x08000200       0x30 d:/clion_stm32/gcc-arm-none-eabi-10.3-2021.10/bin/../lib/gcc/arm-none-eabi/10.3.1/thumb/v7e-m/nofp\libgcc.a(_aeabi_uldivmod.o)
                0x08000200                __aeabi_uldivmod
 .text          0x08000230      0x2d0 d:/clion_stm32/gcc-arm-none-eabi-10.3-2021.10/bin/../lib/gcc/arm-none-eabi/10.3.1/thumb/v7e-m/nofp\libgcc.a(_udivmoddi4.o)
                0x08000230                __udivmoddi4
 .text          0x08000500        0x4 d:/clion_stm32/gcc-arm-none-eabi-10.3-2021.10/bin/../lib/gcc/arm-none-eabi/10.3.1/thumb/v7e-m/nofp\libgcc.a(_dvmd_tls.o)
                0x08000500                __aeabi_idiv0
                0x08000500                __aeabi_ldiv0
 *fill*         0x08000504       0x1c 
 .text          0x08000520      0x2dc d:/clion_stm32/gcc-arm-none-eabi-10.3-2021.10/bin/../lib/gcc/arm-none-eabi/10.3.1/../../../../arm-none-eabi/lib/thumb/v7e-m/nofp\libg.a(lib_a-strcmp.o)
                0x08000528                strcmp
 *fill*         0x080007fc        0x4 
 .text          0x08000800       0xdc d:/clion_stm32/gcc-arm-none-eabi-10.3-2021.10/bin/../lib/gcc/arm-none-eabi/10.3.1/../../../../arm-none-eabi/lib/thumb/v7e-m/nofp\libg.a(lib_a-strlen.o)
                0x08000800                strlen
 *(.text*)
 .text.MX_GPIO_Init
                0x080008dc       0x44 CMakeFiles/lv_imp.elf.dir/Core/Src/main.c.obj
 .text.lvgl_init
                0x08000920       0x14 CMakeFiles/lv_imp.elf.dir/Core/Src/main.c.obj
 .text.Error_Handler
                0x08000934        0x4 CMakeFiles/lv_imp.elf.dir/Core/Src/main.c.obj
                0x08000934                Error_Handler
 .text.MX_SPI3_Init
                0x08000938       0x4c CMakeFiles/lv_imp.elf.dir/Core/Src/main.c.obj
 .text.MX_DMA_Init
                0x08000984       0x7c CMakeFiles/lv_imp.elf.dir/Core/Src/main.c.obj
 .text.MX_TIM3_Init
                0x08000a00       0x68 CMakeFiles/lv_imp.elf.dir/Core/Src/main.c.obj
 .text.MX_USART1_Init
                0x08000a68       0x34 CMakeFiles/lv_imp.elf.dir/Core/Src/main.c.obj
 .text.SystemClock_Config
                0x08000a9c       0x7a CMakeFiles/lv_imp.elf.dir/Core/Src/main.c.obj
                0x08000a9c                SystemClock_Config
 .text.main     0x08000b16       0x40 CMakeFiles/lv_imp.elf.dir/Core/Src/main.c.obj
                0x08000b16                main
 *fill*         0x08000b56        0x2 
 .text.HAL_MspInit
                0x08000b58       0x30 CMakeFiles/lv_imp.elf.dir/Core/Src/stm32l4xx_hal_msp.c.obj
                0x08000b58                HAL_MspInit
 .text.HAL_USART_MspInit
                0x08000b88       0x88 CMakeFiles/lv_imp.elf.dir/Core/Src/stm32l4xx_hal_msp.c.obj
                0x08000b88                HAL_USART_MspInit
 .text.NMI_Handler
                0x08000c10        0x2 CMakeFiles/lv_imp.elf.dir/Core/Src/stm32l4xx_it.c.obj
                0x08000c10                NMI_Handler
 .text.HardFault_Handler
                0x08000c12        0x2 CMakeFiles/lv_imp.elf.dir/Core/Src/stm32l4xx_it.c.obj
                0x08000c12                HardFault_Handler
 .text.MemManage_Handler
                0x08000c14        0x2 CMakeFiles/lv_imp.elf.dir/Core/Src/stm32l4xx_it.c.obj
                0x08000c14                MemManage_Handler
 .text.BusFault_Handler
                0x08000c16        0x2 CMakeFiles/lv_imp.elf.dir/Core/Src/stm32l4xx_it.c.obj
                0x08000c16                BusFault_Handler
 .text.UsageFault_Handler
                0x08000c18        0x2 CMakeFiles/lv_imp.elf.dir/Core/Src/stm32l4xx_it.c.obj
                0x08000c18                UsageFault_Handler
 .text.SVC_Handler
                0x08000c1a        0x2 CMakeFiles/lv_imp.elf.dir/Core/Src/stm32l4xx_it.c.obj
                0x08000c1a                SVC_Handler
 .text.DebugMon_Handler
                0x08000c1c        0x2 CMakeFiles/lv_imp.elf.dir/Core/Src/stm32l4xx_it.c.obj
                0x08000c1c                DebugMon_Handler
 .text.PendSV_Handler
                0x08000c1e        0x2 CMakeFiles/lv_imp.elf.dir/Core/Src/stm32l4xx_it.c.obj
                0x08000c1e                PendSV_Handler
 .text.SysTick_Handler
                0x08000c20        0x8 CMakeFiles/lv_imp.elf.dir/Core/Src/stm32l4xx_it.c.obj
                0x08000c20                SysTick_Handler
 .text.DMA2_Channel7_IRQHandler
                0x08000c28       0x10 CMakeFiles/lv_imp.elf.dir/Core/Src/stm32l4xx_it.c.obj
                0x08000c28                DMA2_Channel7_IRQHandler
 .text.SystemInit
                0x08000c38        0x2 CMakeFiles/lv_imp.elf.dir/Core/Src/system_stm32l4xx.c.obj
                0x08000c38                SystemInit
 *fill*         0x08000c3a        0x2 
 .text.HAL_InitTick
                0x08000c3c       0x50 CMakeFiles/lv_imp.elf.dir/Drivers/STM32L4xx_HAL_Driver/Src/stm32l4xx_hal.c.obj
                0x08000c3c                HAL_InitTick
 .text.HAL_Init
                0x08000c8c       0x1e CMakeFiles/lv_imp.elf.dir/Drivers/STM32L4xx_HAL_Driver/Src/stm32l4xx_hal.c.obj
                0x08000c8c                HAL_Init
 *fill*         0x08000caa        0x2 
 .text.HAL_IncTick
                0x08000cac       0x18 CMakeFiles/lv_imp.elf.dir/Drivers/STM32L4xx_HAL_Driver/Src/stm32l4xx_hal.c.obj
                0x08000cac                HAL_IncTick
 .text.HAL_GetTick
                0x08000cc4        0xc CMakeFiles/lv_imp.elf.dir/Drivers/STM32L4xx_HAL_Driver/Src/stm32l4xx_hal.c.obj
                0x08000cc4                HAL_GetTick
 .text.HAL_Delay
                0x08000cd0       0x28 CMakeFiles/lv_imp.elf.dir/Drivers/STM32L4xx_HAL_Driver/Src/stm32l4xx_hal.c.obj
                0x08000cd0                HAL_Delay
 .text.HAL_NVIC_SetPriorityGrouping
                0x08000cf8       0x24 CMakeFiles/lv_imp.elf.dir/Drivers/STM32L4xx_HAL_Driver/Src/stm32l4xx_hal_cortex.c.obj
                0x08000cf8                HAL_NVIC_SetPriorityGrouping
 .text.HAL_NVIC_SetPriority
                0x08000d1c       0x70 CMakeFiles/lv_imp.elf.dir/Drivers/STM32L4xx_HAL_Driver/Src/stm32l4xx_hal_cortex.c.obj
                0x08000d1c                HAL_NVIC_SetPriority
 .text.HAL_NVIC_EnableIRQ
                0x08000d8c       0x1c CMakeFiles/lv_imp.elf.dir/Drivers/STM32L4xx_HAL_Driver/Src/stm32l4xx_hal_cortex.c.obj
                0x08000d8c                HAL_NVIC_EnableIRQ
 .text.HAL_SYSTICK_Config
                0x08000da8       0x28 CMakeFiles/lv_imp.elf.dir/Drivers/STM32L4xx_HAL_Driver/Src/stm32l4xx_hal_cortex.c.obj
                0x08000da8                HAL_SYSTICK_Config
 .text.HAL_DMA_Init
                0x08000dd0      0x108 CMakeFiles/lv_imp.elf.dir/Drivers/STM32L4xx_HAL_Driver/Src/stm32l4xx_hal_dma.c.obj
                0x08000dd0                HAL_DMA_Init
 .text.HAL_DMA_IRQHandler
                0x08000ed8       0xc4 CMakeFiles/lv_imp.elf.dir/Drivers/STM32L4xx_HAL_Driver/Src/stm32l4xx_hal_dma.c.obj
                0x08000ed8                HAL_DMA_IRQHandler
 .text.HAL_DMA_RegisterCallback
                0x08000f9c       0x4c CMakeFiles/lv_imp.elf.dir/Drivers/STM32L4xx_HAL_Driver/Src/stm32l4xx_hal_dma.c.obj
                0x08000f9c                HAL_DMA_RegisterCallback
 .text.HAL_GPIO_Init
                0x08000fe8      0x20c CMakeFiles/lv_imp.elf.dir/Drivers/STM32L4xx_HAL_Driver/Src/stm32l4xx_hal_gpio.c.obj
                0x08000fe8                HAL_GPIO_Init
 .text.HAL_GPIO_ReadPin
                0x080011f4        0xe CMakeFiles/lv_imp.elf.dir/Drivers/STM32L4xx_HAL_Driver/Src/stm32l4xx_hal_gpio.c.obj
                0x080011f4                HAL_GPIO_ReadPin
 .text.HAL_GPIO_WritePin
                0x08001202        0xa CMakeFiles/lv_imp.elf.dir/Drivers/STM32L4xx_HAL_Driver/Src/stm32l4xx_hal_gpio.c.obj
                0x08001202                HAL_GPIO_WritePin
 .text.HAL_PWREx_GetVoltageRange
                0x0800120c       0x10 CMakeFiles/lv_imp.elf.dir/Drivers/STM32L4xx_HAL_Driver/Src/stm32l4xx_hal_pwr_ex.c.obj
                0x0800120c                HAL_PWREx_GetVoltageRange
 .text.HAL_PWREx_ControlVoltageScaling
                0x0800121c       0x90 CMakeFiles/lv_imp.elf.dir/Drivers/STM32L4xx_HAL_Driver/Src/stm32l4xx_hal_pwr_ex.c.obj
                0x0800121c                HAL_PWREx_ControlVoltageScaling
 .text.RCC_SetFlashLatencyFromMSIRange
                0x080012ac       0x90 CMakeFiles/lv_imp.elf.dir/Drivers/STM32L4xx_HAL_Driver/Src/stm32l4xx_hal_rcc.c.obj
 .text.HAL_RCC_GetSysClockFreq
                0x0800133c       0xb4 CMakeFiles/lv_imp.elf.dir/Drivers/STM32L4xx_HAL_Driver/Src/stm32l4xx_hal_rcc.c.obj
                0x0800133c                HAL_RCC_GetSysClockFreq
 .text.HAL_RCC_OscConfig
                0x080013f0      0x61c CMakeFiles/lv_imp.elf.dir/Drivers/STM32L4xx_HAL_Driver/Src/stm32l4xx_hal_rcc.c.obj
                0x080013f0                HAL_RCC_OscConfig
 .text.HAL_RCC_ClockConfig
                0x08001a0c      0x188 CMakeFiles/lv_imp.elf.dir/Drivers/STM32L4xx_HAL_Driver/Src/stm32l4xx_hal_rcc.c.obj
                0x08001a0c                HAL_RCC_ClockConfig
 .text.HAL_RCC_GetHCLKFreq
                0x08001b94        0xc CMakeFiles/lv_imp.elf.dir/Drivers/STM32L4xx_HAL_Driver/Src/stm32l4xx_hal_rcc.c.obj
                0x08001b94                HAL_RCC_GetHCLKFreq
 .text.HAL_RCC_GetPCLK1Freq
                0x08001ba0       0x24 CMakeFiles/lv_imp.elf.dir/Drivers/STM32L4xx_HAL_Driver/Src/stm32l4xx_hal_rcc.c.obj
                0x08001ba0                HAL_RCC_GetPCLK1Freq
 .text.HAL_RCC_GetPCLK2Freq
                0x08001bc4       0x24 CMakeFiles/lv_imp.elf.dir/Drivers/STM32L4xx_HAL_Driver/Src/stm32l4xx_hal_rcc.c.obj
                0x08001bc4                HAL_RCC_GetPCLK2Freq
 .text.RCCEx_PLLSAI1_Config
                0x08001be8      0x170 CMakeFiles/lv_imp.elf.dir/Drivers/STM32L4xx_HAL_Driver/Src/stm32l4xx_hal_rcc_ex.c.obj
 .text.RCCEx_PLLSAI2_Config
                0x08001d58      0x14c CMakeFiles/lv_imp.elf.dir/Drivers/STM32L4xx_HAL_Driver/Src/stm32l4xx_hal_rcc_ex.c.obj
 .text.HAL_RCCEx_PeriphCLKConfig
                0x08001ea4      0x454 CMakeFiles/lv_imp.elf.dir/Drivers/STM32L4xx_HAL_Driver/Src/stm32l4xx_hal_rcc_ex.c.obj
                0x08001ea4                HAL_RCCEx_PeriphCLKConfig
 .text.SPI_WaitFlagStateUntilTimeout
                0x080022f8       0xd4 CMakeFiles/lv_imp.elf.dir/Drivers/STM32L4xx_HAL_Driver/Src/stm32l4xx_hal_spi.c.obj
 .text.SPI_WaitFifoStateUntilTimeout
                0x080023cc       0xf4 CMakeFiles/lv_imp.elf.dir/Drivers/STM32L4xx_HAL_Driver/Src/stm32l4xx_hal_spi.c.obj
 .text.SPI_EndRxTxTransaction
                0x080024c0       0x62 CMakeFiles/lv_imp.elf.dir/Drivers/STM32L4xx_HAL_Driver/Src/stm32l4xx_hal_spi.c.obj
 .text.HAL_SPI_Init
                0x08002522       0xde CMakeFiles/lv_imp.elf.dir/Drivers/STM32L4xx_HAL_Driver/Src/stm32l4xx_hal_spi.c.obj
                0x08002522                HAL_SPI_Init
 .text.HAL_SPI_Transmit
                0x08002600      0x202 CMakeFiles/lv_imp.elf.dir/Drivers/STM32L4xx_HAL_Driver/Src/stm32l4xx_hal_spi.c.obj
                0x08002600                HAL_SPI_Transmit
 .text.TIM_TI1_ConfigInputStage
                0x08002802       0x24 CMakeFiles/lv_imp.elf.dir/Drivers/STM32L4xx_HAL_Driver/Src/stm32l4xx_hal_tim.c.obj
 .text.TIM_TI2_ConfigInputStage
                0x08002826       0x26 CMakeFiles/lv_imp.elf.dir/Drivers/STM32L4xx_HAL_Driver/Src/stm32l4xx_hal_tim.c.obj
 .text.TIM_ITRx_SetConfig
                0x0800284c       0x10 CMakeFiles/lv_imp.elf.dir/Drivers/STM32L4xx_HAL_Driver/Src/stm32l4xx_hal_tim.c.obj
 .text.HAL_TIM_Base_Start_IT
                0x0800285c       0x8c CMakeFiles/lv_imp.elf.dir/Drivers/STM32L4xx_HAL_Driver/Src/stm32l4xx_hal_tim.c.obj
                0x0800285c                HAL_TIM_Base_Start_IT
 .text.HAL_TIM_OC_DelayElapsedCallback
                0x080028e8        0x2 CMakeFiles/lv_imp.elf.dir/Drivers/STM32L4xx_HAL_Driver/Src/stm32l4xx_hal_tim.c.obj
                0x080028e8                HAL_TIM_OC_DelayElapsedCallback
 .text.HAL_TIM_IC_CaptureCallback
                0x080028ea        0x2 CMakeFiles/lv_imp.elf.dir/Drivers/STM32L4xx_HAL_Driver/Src/stm32l4xx_hal_tim.c.obj
                0x080028ea                HAL_TIM_IC_CaptureCallback
 .text.HAL_TIM_PWM_PulseFinishedCallback
                0x080028ec        0x2 CMakeFiles/lv_imp.elf.dir/Drivers/STM32L4xx_HAL_Driver/Src/stm32l4xx_hal_tim.c.obj
                0x080028ec                HAL_TIM_PWM_PulseFinishedCallback
 .text.HAL_TIM_TriggerCallback
                0x080028ee        0x2 CMakeFiles/lv_imp.elf.dir/Drivers/STM32L4xx_HAL_Driver/Src/stm32l4xx_hal_tim.c.obj
                0x080028ee                HAL_TIM_TriggerCallback
 .text.HAL_TIM_IRQHandler
                0x080028f0      0x19a CMakeFiles/lv_imp.elf.dir/Drivers/STM32L4xx_HAL_Driver/Src/stm32l4xx_hal_tim.c.obj
                0x080028f0                HAL_TIM_IRQHandler
 *fill*         0x08002a8a        0x2 
 .text.TIM_Base_SetConfig
                0x08002a8c       0xc8 CMakeFiles/lv_imp.elf.dir/Drivers/STM32L4xx_HAL_Driver/Src/stm32l4xx_hal_tim.c.obj
                0x08002a8c                TIM_Base_SetConfig
 .text.HAL_TIM_Base_Init
                0x08002b54       0x60 CMakeFiles/lv_imp.elf.dir/Drivers/STM32L4xx_HAL_Driver/Src/stm32l4xx_hal_tim.c.obj
                0x08002b54                HAL_TIM_Base_Init
 .text.TIM_ETR_SetConfig
                0x08002bb4       0x18 CMakeFiles/lv_imp.elf.dir/Drivers/STM32L4xx_HAL_Driver/Src/stm32l4xx_hal_tim.c.obj
                0x08002bb4                TIM_ETR_SetConfig
 .text.HAL_TIM_ConfigClockSource
                0x08002bcc      0x100 CMakeFiles/lv_imp.elf.dir/Drivers/STM32L4xx_HAL_Driver/Src/stm32l4xx_hal_tim.c.obj
                0x08002bcc                HAL_TIM_ConfigClockSource
 .text.HAL_TIMEx_MasterConfigSynchronization
                0x08002ccc       0x98 CMakeFiles/lv_imp.elf.dir/Drivers/STM32L4xx_HAL_Driver/Src/stm32l4xx_hal_tim_ex.c.obj
                0x08002ccc                HAL_TIMEx_MasterConfigSynchronization
 .text.HAL_TIMEx_CommutCallback
                0x08002d64        0x2 CMakeFiles/lv_imp.elf.dir/Drivers/STM32L4xx_HAL_Driver/Src/stm32l4xx_hal_tim_ex.c.obj
                0x08002d64                HAL_TIMEx_CommutCallback
 .text.HAL_TIMEx_BreakCallback
                0x08002d66        0x2 CMakeFiles/lv_imp.elf.dir/Drivers/STM32L4xx_HAL_Driver/Src/stm32l4xx_hal_tim_ex.c.obj
                0x08002d66                HAL_TIMEx_BreakCallback
 .text.HAL_TIMEx_Break2Callback
                0x08002d68        0x2 CMakeFiles/lv_imp.elf.dir/Drivers/STM32L4xx_HAL_Driver/Src/stm32l4xx_hal_tim_ex.c.obj
                0x08002d68                HAL_TIMEx_Break2Callback
 *fill*         0x08002d6a        0x2 
 .text.USART_SetConfig
                0x08002d6c      0x158 CMakeFiles/lv_imp.elf.dir/Drivers/STM32L4xx_HAL_Driver/Src/stm32l4xx_hal_usart.c.obj
 .text.USART_WaitOnFlagUntilTimeout
                0x08002ec4       0x54 CMakeFiles/lv_imp.elf.dir/Drivers/STM32L4xx_HAL_Driver/Src/stm32l4xx_hal_usart.c.obj
 .text.USART_CheckIdleState
                0x08002f18       0x6c CMakeFiles/lv_imp.elf.dir/Drivers/STM32L4xx_HAL_Driver/Src/stm32l4xx_hal_usart.c.obj
 .text.HAL_USART_Init
                0x08002f84       0x5a CMakeFiles/lv_imp.elf.dir/Drivers/STM32L4xx_HAL_Driver/Src/stm32l4xx_hal_usart.c.obj
                0x08002f84                HAL_USART_Init
 *fill*         0x08002fde        0x2 
 .text.KEY_Init
                0x08002fe0       0x6c CMakeFiles/lv_imp.elf.dir/KEY/key.c.obj
                0x08002fe0                KEY_Init
 .text.KEY_Scan
                0x0800304c       0xf4 CMakeFiles/lv_imp.elf.dir/KEY/key.c.obj
                0x0800304c                KEY_Scan
 .text.delay_us
                0x08003140       0x3c CMakeFiles/lv_imp.elf.dir/LCD/delay.c.obj
                0x08003140                delay_us
 .text.delay_ms
                0x0800317c       0x18 CMakeFiles/lv_imp.elf.dir/LCD/delay.c.obj
                0x0800317c                delay_ms
 .text.LCD_SPI_Send
                0x08003194       0x4c CMakeFiles/lv_imp.elf.dir/LCD/lcd.c.obj
 .text.LCD_Write_Data
                0x080031e0       0x28 CMakeFiles/lv_imp.elf.dir/LCD/lcd.c.obj
 .text.LCD_Write_Cmd
                0x08003208       0x28 CMakeFiles/lv_imp.elf.dir/LCD/lcd.c.obj
 .text.LCD_Gpio_Init
                0x08003230       0xa0 CMakeFiles/lv_imp.elf.dir/LCD/lcd.c.obj
 .text.LCD_Write_HalfWord
                0x080032d0       0x30 CMakeFiles/lv_imp.elf.dir/LCD/lcd.c.obj
                0x080032d0                LCD_Write_HalfWord
 .text.LCD_Address_Set
                0x08003300       0x4e CMakeFiles/lv_imp.elf.dir/LCD/lcd.c.obj
                0x08003300                LCD_Address_Set
 *fill*         0x0800334e        0x2 
 .text.LCD_Clear
                0x08003350       0x68 CMakeFiles/lv_imp.elf.dir/LCD/lcd.c.obj
                0x08003350                LCD_Clear
 .text.LCD_Init
                0x080033b8      0x1a0 CMakeFiles/lv_imp.elf.dir/LCD/lcd.c.obj
                0x080033b8                LCD_Init
 .text.LCD_ColorFill
                0x08003558       0x3c CMakeFiles/lv_imp.elf.dir/LCD/lcd.c.obj
                0x08003558                LCD_ColorFill
 .text.SPI3_Init
                0x08003594       0x4c CMakeFiles/lv_imp.elf.dir/LCD/spi3.c.obj
                0x08003594                SPI3_Init
 .text.HAL_SPI_MspInit
                0x080035e0       0x54 CMakeFiles/lv_imp.elf.dir/LCD/spi3.c.obj
                0x080035e0                HAL_SPI_MspInit
 .text.SPI3_WriteByte
                0x08003634       0x18 CMakeFiles/lv_imp.elf.dir/LCD/spi3.c.obj
                0x08003634                SPI3_WriteByte
 .text.TIM3_Init
                0x0800364c       0x28 CMakeFiles/lv_imp.elf.dir/TIMER/timer.c.obj
                0x0800364c                TIM3_Init
 .text.HAL_TIM_Base_MspInit
                0x08003674       0x40 CMakeFiles/lv_imp.elf.dir/TIMER/timer.c.obj
                0x08003674                HAL_TIM_Base_MspInit
 .text.TIM3_IRQHandler
                0x080036b4       0x10 CMakeFiles/lv_imp.elf.dir/TIMER/timer.c.obj
                0x080036b4                TIM3_IRQHandler
 .text.HAL_TIM_PeriodElapsedCallback
                0x080036c4       0x18 CMakeFiles/lv_imp.elf.dir/TIMER/timer.c.obj
                0x080036c4                HAL_TIM_PeriodElapsedCallback
 .text.disp_flush
                0x080036dc       0x36 CMakeFiles/lv_imp.elf.dir/lvgl/lv_port_disp.c.obj
 .text.disp_init
                0x08003712        0x8 CMakeFiles/lv_imp.elf.dir/lvgl/lv_port_disp.c.obj
 *fill*         0x0800371a        0x2 
 .text.lv_port_disp_init
                0x0800371c       0x34 CMakeFiles/lv_imp.elf.dir/lvgl/lv_port_disp.c.obj
                0x0800371c                lv_port_disp_init
 .text.LVGL_LCD_FSMC_DMA_pCallback
                0x08003750       0x10 CMakeFiles/lv_imp.elf.dir/lvgl/lv_port_disp.c.obj
                0x08003750                LVGL_LCD_FSMC_DMA_pCallback
 .text.keypad_get_key
                0x08003760        0xa CMakeFiles/lv_imp.elf.dir/lvgl/lv_port_indev.c.obj
 *fill*         0x0800376a        0x2 
 .text.keypad_read
                0x0800376c       0x40 CMakeFiles/lv_imp.elf.dir/lvgl/lv_port_indev.c.obj
 .text.keypad_init
                0x080037ac        0x8 CMakeFiles/lv_imp.elf.dir/lvgl/lv_port_indev.c.obj
 .text.lv_port_indev_init
                0x080037b4       0x28 CMakeFiles/lv_imp.elf.dir/lvgl/lv_port_indev.c.obj
                0x080037b4                lv_port_indev_init
 .text.lv_disp_get_default
                0x080037dc        0xc CMakeFiles/lv_imp.elf.dir/lvgl/src/core/lv_disp.c.obj
                0x080037dc                lv_disp_get_default
 .text.lv_disp_get_next
                0x080037e8       0x1c CMakeFiles/lv_imp.elf.dir/lvgl/src/core/lv_disp.c.obj
                0x080037e8                lv_disp_get_next
 .text.lv_disp_get_hor_res
                0x08003804       0x30 CMakeFiles/lv_imp.elf.dir/lvgl/src/core/lv_disp.c.obj
                0x08003804                lv_disp_get_hor_res
 .text.lv_disp_get_ver_res
                0x08003834       0x30 CMakeFiles/lv_imp.elf.dir/lvgl/src/core/lv_disp.c.obj
                0x08003834                lv_disp_get_ver_res
 .text.lv_disp_get_dpi
                0x08003864       0x1a CMakeFiles/lv_imp.elf.dir/lvgl/src/core/lv_disp.c.obj
                0x08003864                lv_disp_get_dpi
 .text.lv_disp_set_draw_buffers
                0x0800387e       0x28 CMakeFiles/lv_imp.elf.dir/lvgl/src/core/lv_disp.c.obj
                0x0800387e                lv_disp_set_draw_buffers
 .text.lv_disp_set_flush_cb
                0x080038a6       0x16 CMakeFiles/lv_imp.elf.dir/lvgl/src/core/lv_disp.c.obj
                0x080038a6                lv_disp_set_flush_cb
 .text.lv_disp_flush_ready
                0x080038bc        0x8 CMakeFiles/lv_imp.elf.dir/lvgl/src/core/lv_disp.c.obj
                0x080038bc                lv_disp_flush_ready
 .text.lv_disp_is_double_buffered
                0x080038c4        0xa CMakeFiles/lv_imp.elf.dir/lvgl/src/core/lv_disp.c.obj
                0x080038c4                lv_disp_is_double_buffered
 .text.lv_disp_set_draw_ctx
                0x080038ce       0x4e CMakeFiles/lv_imp.elf.dir/lvgl/src/core/lv_disp.c.obj
                0x080038ce                lv_disp_set_draw_ctx
 .text.lv_disp_create
                0x0800391c      0x160 CMakeFiles/lv_imp.elf.dir/lvgl/src/core/lv_disp.c.obj
                0x0800391c                lv_disp_create
 .text.lv_disp_get_scr_act
                0x08003a7c       0x1a CMakeFiles/lv_imp.elf.dir/lvgl/src/core/lv_disp.c.obj
                0x08003a7c                lv_disp_get_scr_act
 .text.lv_disp_get_scr_prev
                0x08003a96       0x1a CMakeFiles/lv_imp.elf.dir/lvgl/src/core/lv_disp.c.obj
                0x08003a96                lv_disp_get_scr_prev
 .text.lv_disp_get_layer_top
                0x08003ab0       0x1a CMakeFiles/lv_imp.elf.dir/lvgl/src/core/lv_disp.c.obj
                0x08003ab0                lv_disp_get_layer_top
 .text.lv_disp_get_layer_sys
                0x08003aca       0x1a CMakeFiles/lv_imp.elf.dir/lvgl/src/core/lv_disp.c.obj
                0x08003aca                lv_disp_get_layer_sys
 .text.lv_disp_get_layer_bottom
                0x08003ae4       0x1a CMakeFiles/lv_imp.elf.dir/lvgl/src/core/lv_disp.c.obj
                0x08003ae4                lv_disp_get_layer_bottom
 .text.lv_disp_send_event
                0x08003afe       0x40 CMakeFiles/lv_imp.elf.dir/lvgl/src/core/lv_disp.c.obj
                0x08003afe                lv_disp_send_event
 .text.lv_disp_get_theme
                0x08003b3e       0x14 CMakeFiles/lv_imp.elf.dir/lvgl/src/core/lv_disp.c.obj
                0x08003b3e                lv_disp_get_theme
 .text.lv_disp_is_invalidation_enabled
                0x08003b52       0x22 CMakeFiles/lv_imp.elf.dir/lvgl/src/core/lv_disp.c.obj
                0x08003b52                lv_disp_is_invalidation_enabled
 .text.get_indev
                0x08003b74       0x60 CMakeFiles/lv_imp.elf.dir/lvgl/src/core/lv_group.c.obj
 .text.focus_next_core
                0x08003bd4      0x114 CMakeFiles/lv_imp.elf.dir/lvgl/src/core/lv_group.c.obj
 .text._lv_group_init
                0x08003ce8       0x10 CMakeFiles/lv_imp.elf.dir/lvgl/src/core/lv_group.c.obj
                0x08003ce8                _lv_group_init
 .text.lv_group_create
                0x08003cf8       0x48 CMakeFiles/lv_imp.elf.dir/lvgl/src/core/lv_group.c.obj
                0x08003cf8                lv_group_create
 .text.lv_group_set_default
                0x08003d40        0xc CMakeFiles/lv_imp.elf.dir/lvgl/src/core/lv_group.c.obj
                0x08003d40                lv_group_set_default
 .text.lv_group_get_default
                0x08003d4c        0xc CMakeFiles/lv_imp.elf.dir/lvgl/src/core/lv_group.c.obj
                0x08003d4c                lv_group_get_default
 .text.lv_group_focus_next
                0x08003d58       0x24 CMakeFiles/lv_imp.elf.dir/lvgl/src/core/lv_group.c.obj
                0x08003d58                lv_group_focus_next
 .text.lv_group_focus_prev
                0x08003d7c       0x24 CMakeFiles/lv_imp.elf.dir/lvgl/src/core/lv_group.c.obj
                0x08003d7c                lv_group_focus_prev
 .text.lv_group_refocus
                0x08003da0       0x2c CMakeFiles/lv_imp.elf.dir/lvgl/src/core/lv_group.c.obj
 .text.lv_group_remove_obj
                0x08003dcc       0xa2 CMakeFiles/lv_imp.elf.dir/lvgl/src/core/lv_group.c.obj
                0x08003dcc                lv_group_remove_obj
 .text.lv_group_add_obj
                0x08003e6e       0x7a CMakeFiles/lv_imp.elf.dir/lvgl/src/core/lv_group.c.obj
                0x08003e6e                lv_group_add_obj
 .text.lv_group_get_focused
                0x08003ee8        0xc CMakeFiles/lv_imp.elf.dir/lvgl/src/core/lv_group.c.obj
                0x08003ee8                lv_group_get_focused
 .text.lv_group_send_data
                0x08003ef4       0x2c CMakeFiles/lv_imp.elf.dir/lvgl/src/core/lv_group.c.obj
                0x08003ef4                lv_group_send_data
 .text.lv_group_set_editing
                0x08003f20       0x44 CMakeFiles/lv_imp.elf.dir/lvgl/src/core/lv_group.c.obj
                0x08003f20                lv_group_set_editing
 .text.lv_group_focus_obj
                0x08003f64       0x92 CMakeFiles/lv_imp.elf.dir/lvgl/src/core/lv_group.c.obj
                0x08003f64                lv_group_focus_obj
 .text.lv_group_get_editing
                0x08003ff6        0xe CMakeFiles/lv_imp.elf.dir/lvgl/src/core/lv_group.c.obj
                0x08003ff6                lv_group_get_editing
 .text.lv_group_get_obj_count
                0x08004004        0x8 CMakeFiles/lv_imp.elf.dir/lvgl/src/core/lv_group.c.obj
                0x08004004                lv_group_get_obj_count
 .text.indev_proc_reset_query_handler
                0x0800400c       0x54 CMakeFiles/lv_imp.elf.dir/lvgl/src/core/lv_indev.c.obj
 .text.indev_reset_check
                0x08004060       0x18 CMakeFiles/lv_imp.elf.dir/lvgl/src/core/lv_indev.c.obj
 .text.indev_click_focus
                0x08004078      0x108 CMakeFiles/lv_imp.elf.dir/lvgl/src/core/lv_indev.c.obj
 .text.indev_gesture
                0x08004180      0x11c CMakeFiles/lv_imp.elf.dir/lvgl/src/core/lv_indev.c.obj
 .text.indev_proc_release
                0x0800429c      0x158 CMakeFiles/lv_imp.elf.dir/lvgl/src/core/lv_indev.c.obj
 .text.indev_keypad_proc
                0x080043f4      0x2a0 CMakeFiles/lv_imp.elf.dir/lvgl/src/core/lv_indev.c.obj
 .text.indev_encoder_proc
                0x08004694      0x438 CMakeFiles/lv_imp.elf.dir/lvgl/src/core/lv_indev.c.obj
 .text.lv_indev_create
                0x08004acc       0x64 CMakeFiles/lv_imp.elf.dir/lvgl/src/core/lv_indev.c.obj
                0x08004acc                lv_indev_create
 .text.lv_indev_get_next
                0x08004b30       0x1c CMakeFiles/lv_imp.elf.dir/lvgl/src/core/lv_indev.c.obj
                0x08004b30                lv_indev_get_next
 .text._lv_indev_read
                0x08004b4c       0x42 CMakeFiles/lv_imp.elf.dir/lvgl/src/core/lv_indev.c.obj
                0x08004b4c                _lv_indev_read
 *fill*         0x08004b8e        0x2 
 .text.lv_indev_get_act
                0x08004b90        0xc CMakeFiles/lv_imp.elf.dir/lvgl/src/core/lv_indev.c.obj
                0x08004b90                lv_indev_get_act
 .text.lv_indev_set_type
                0x08004b9c        0xe CMakeFiles/lv_imp.elf.dir/lvgl/src/core/lv_indev.c.obj
                0x08004b9c                lv_indev_set_type
 .text.lv_indev_set_read_cb
                0x08004baa        0x6 CMakeFiles/lv_imp.elf.dir/lvgl/src/core/lv_indev.c.obj
                0x08004baa                lv_indev_set_read_cb
 .text.lv_indev_get_type
                0x08004bb0        0xa CMakeFiles/lv_imp.elf.dir/lvgl/src/core/lv_indev.c.obj
                0x08004bb0                lv_indev_get_type
 .text.lv_indev_get_group
                0x08004bba        0x8 CMakeFiles/lv_imp.elf.dir/lvgl/src/core/lv_indev.c.obj
                0x08004bba                lv_indev_get_group
 *fill*         0x08004bc2        0x2 
 .text.lv_indev_reset
                0x08004bc4       0xac CMakeFiles/lv_imp.elf.dir/lvgl/src/core/lv_indev.c.obj
                0x08004bc4                lv_indev_reset
 .text.lv_indev_reset_long_press
                0x08004c70       0x1a CMakeFiles/lv_imp.elf.dir/lvgl/src/core/lv_indev.c.obj
                0x08004c70                lv_indev_reset_long_press
 .text.lv_indev_set_group
                0x08004c8a        0xe CMakeFiles/lv_imp.elf.dir/lvgl/src/core/lv_indev.c.obj
                0x08004c8a                lv_indev_set_group
 .text.lv_indev_get_point
                0x08004c98       0x2e CMakeFiles/lv_imp.elf.dir/lvgl/src/core/lv_indev.c.obj
                0x08004c98                lv_indev_get_point
 .text.lv_indev_get_scroll_dir
                0x08004cc6       0x20 CMakeFiles/lv_imp.elf.dir/lvgl/src/core/lv_indev.c.obj
                0x08004cc6                lv_indev_get_scroll_dir
 .text.lv_indev_get_scroll_obj
                0x08004ce6       0x18 CMakeFiles/lv_imp.elf.dir/lvgl/src/core/lv_indev.c.obj
                0x08004ce6                lv_indev_get_scroll_obj
 .text.lv_indev_get_vect
                0x08004cfe       0x22 CMakeFiles/lv_imp.elf.dir/lvgl/src/core/lv_indev.c.obj
                0x08004cfe                lv_indev_get_vect
 .text.lv_indev_wait_release
                0x08004d20        0xc CMakeFiles/lv_imp.elf.dir/lvgl/src/core/lv_indev.c.obj
                0x08004d20                lv_indev_wait_release
 .text.lv_indev_get_obj_act
                0x08004d2c        0xc CMakeFiles/lv_imp.elf.dir/lvgl/src/core/lv_indev.c.obj
                0x08004d2c                lv_indev_get_obj_act
 .text.lv_indev_search_obj
                0x08004d38       0x78 CMakeFiles/lv_imp.elf.dir/lvgl/src/core/lv_indev.c.obj
                0x08004d38                lv_indev_search_obj
 .text.indev_proc_press
                0x08004db0      0x2a0 CMakeFiles/lv_imp.elf.dir/lvgl/src/core/lv_indev.c.obj
 .text.indev_pointer_proc
                0x08005050       0xb4 CMakeFiles/lv_imp.elf.dir/lvgl/src/core/lv_indev.c.obj
 .text.indev_button_proc
                0x08005104       0x6c CMakeFiles/lv_imp.elf.dir/lvgl/src/core/lv_indev.c.obj
 .text.lv_indev_read_timer_cb
                0x08005170       0xcc CMakeFiles/lv_imp.elf.dir/lvgl/src/core/lv_indev.c.obj
                0x08005170                lv_indev_read_timer_cb
 .text.scroll_limit_diff
                0x0800523c       0x88 CMakeFiles/lv_imp.elf.dir/lvgl/src/core/lv_indev_scroll.c.obj
 .text.scroll_throw_predict_y
                0x080052c4       0x38 CMakeFiles/lv_imp.elf.dir/lvgl/src/core/lv_indev_scroll.c.obj
 .text.scroll_throw_predict_x
                0x080052fc       0x38 CMakeFiles/lv_imp.elf.dir/lvgl/src/core/lv_indev_scroll.c.obj
 .text.find_snap_point_y
                0x08005334      0x128 CMakeFiles/lv_imp.elf.dir/lvgl/src/core/lv_indev_scroll.c.obj
 .text.find_snap_point_x
                0x0800545c      0x128 CMakeFiles/lv_imp.elf.dir/lvgl/src/core/lv_indev_scroll.c.obj
 .text.init_scroll_limits
                0x08005584      0x1d0 CMakeFiles/lv_imp.elf.dir/lvgl/src/core/lv_indev_scroll.c.obj
 .text.find_scroll_obj
                0x08005754      0x2a2 CMakeFiles/lv_imp.elf.dir/lvgl/src/core/lv_indev_scroll.c.obj
 .text.elastic_diff
                0x080059f6      0x1d2 CMakeFiles/lv_imp.elf.dir/lvgl/src/core/lv_indev_scroll.c.obj
 .text._lv_indev_scroll_handler
                0x08005bc8      0x1a6 CMakeFiles/lv_imp.elf.dir/lvgl/src/core/lv_indev_scroll.c.obj
                0x08005bc8                _lv_indev_scroll_handler
 *fill*         0x08005d6e        0x2 
 .text._lv_indev_scroll_throw_handler
                0x08005d70      0x29c CMakeFiles/lv_imp.elf.dir/lvgl/src/core/lv_indev_scroll.c.obj
                0x08005d70                _lv_indev_scroll_throw_handler
 .text.lv_indev_scroll_throw_predict
                0x0800600c       0x4c CMakeFiles/lv_imp.elf.dir/lvgl/src/core/lv_indev_scroll.c.obj
                0x0800600c                lv_indev_scroll_throw_predict
 .text.scrollbar_init_draw_dsc
                0x08006058      0x110 CMakeFiles/lv_imp.elf.dir/lvgl/src/core/lv_obj.c.obj
 .text.draw_scrollbar
                0x08006168       0xac CMakeFiles/lv_imp.elf.dir/lvgl/src/core/lv_obj.c.obj
 .text.lv_obj_draw
                0x08006214      0x2fc CMakeFiles/lv_imp.elf.dir/lvgl/src/core/lv_obj.c.obj
 .text.lv_obj_constructor
                0x08006510       0x9c CMakeFiles/lv_imp.elf.dir/lvgl/src/core/lv_obj.c.obj
 .text.lv_obj_set_state
                0x080065ac      0x29c CMakeFiles/lv_imp.elf.dir/lvgl/src/core/lv_obj.c.obj
 .text.lv_init  0x08006848       0x60 CMakeFiles/lv_imp.elf.dir/lvgl/src/core/lv_obj.c.obj
                0x08006848                lv_init
 .text.lv_obj_create
                0x080068a8       0x18 CMakeFiles/lv_imp.elf.dir/lvgl/src/core/lv_obj.c.obj
                0x080068a8                lv_obj_create
 .text.lv_obj_add_flag
                0x080068c0       0x72 CMakeFiles/lv_imp.elf.dir/lvgl/src/core/lv_obj.c.obj
                0x080068c0                lv_obj_add_flag
 .text.lv_obj_clear_flag
                0x08006932       0x7e CMakeFiles/lv_imp.elf.dir/lvgl/src/core/lv_obj.c.obj
                0x08006932                lv_obj_clear_flag
 .text.lv_obj_add_state
                0x080069b0       0x2a CMakeFiles/lv_imp.elf.dir/lvgl/src/core/lv_obj.c.obj
                0x080069b0                lv_obj_add_state
 .text.lv_obj_clear_state
                0x080069da       0x1a CMakeFiles/lv_imp.elf.dir/lvgl/src/core/lv_obj.c.obj
                0x080069da                lv_obj_clear_state
 .text.lv_obj_has_flag
                0x080069f4        0xe CMakeFiles/lv_imp.elf.dir/lvgl/src/core/lv_obj.c.obj
                0x080069f4                lv_obj_has_flag
 .text.lv_obj_has_flag_any
                0x08006a02        0xc CMakeFiles/lv_imp.elf.dir/lvgl/src/core/lv_obj.c.obj
                0x08006a02                lv_obj_has_flag_any
 .text.lv_obj_get_state
                0x08006a0e        0x4 CMakeFiles/lv_imp.elf.dir/lvgl/src/core/lv_obj.c.obj
                0x08006a0e                lv_obj_get_state
 .text.lv_obj_has_state
                0x08006a12        0xc CMakeFiles/lv_imp.elf.dir/lvgl/src/core/lv_obj.c.obj
                0x08006a12                lv_obj_has_state
 .text.lv_obj_get_group
                0x08006a1e        0x8 CMakeFiles/lv_imp.elf.dir/lvgl/src/core/lv_obj.c.obj
                0x08006a1e                lv_obj_get_group
 .text.lv_obj_event
                0x08006a26      0x3bc CMakeFiles/lv_imp.elf.dir/lvgl/src/core/lv_obj.c.obj
 .text.lv_obj_destructor
                0x08006de2       0x64 CMakeFiles/lv_imp.elf.dir/lvgl/src/core/lv_obj.c.obj
 *fill*         0x08006e46        0x2 
 .text.lv_obj_allocate_spec_attr
                0x08006e48       0x40 CMakeFiles/lv_imp.elf.dir/lvgl/src/core/lv_obj.c.obj
                0x08006e48                lv_obj_allocate_spec_attr
 .text.lv_obj_check_type
                0x08006e88       0x12 CMakeFiles/lv_imp.elf.dir/lvgl/src/core/lv_obj.c.obj
                0x08006e88                lv_obj_check_type
 .text.lv_obj_construct
                0x08006e9a       0x1e CMakeFiles/lv_imp.elf.dir/lvgl/src/core/lv_obj_class.c.obj
 .text.get_instance_size
                0x08006eb8       0x24 CMakeFiles/lv_imp.elf.dir/lvgl/src/core/lv_obj_class.c.obj
 .text.lv_obj_class_create_obj
                0x08006edc       0xe4 CMakeFiles/lv_imp.elf.dir/lvgl/src/core/lv_obj_class.c.obj
                0x08006edc                lv_obj_class_create_obj
 .text._lv_obj_destruct
                0x08006fc0       0x1e CMakeFiles/lv_imp.elf.dir/lvgl/src/core/lv_obj_class.c.obj
                0x08006fc0                _lv_obj_destruct
 .text.lv_obj_is_editable
                0x08006fde       0x26 CMakeFiles/lv_imp.elf.dir/lvgl/src/core/lv_obj_class.c.obj
                0x08006fde                lv_obj_is_editable
 .text.lv_obj_is_group_def
                0x08007004       0x26 CMakeFiles/lv_imp.elf.dir/lvgl/src/core/lv_obj_class.c.obj
                0x08007004                lv_obj_is_group_def
 .text.lv_obj_class_init_obj
                0x0800702a       0x72 CMakeFiles/lv_imp.elf.dir/lvgl/src/core/lv_obj_class.c.obj
                0x0800702a                lv_obj_class_init_obj
 .text.lv_obj_init_draw_rect_dsc
                0x0800709c      0x2f0 CMakeFiles/lv_imp.elf.dir/lvgl/src/core/lv_obj_draw.c.obj
                0x0800709c                lv_obj_init_draw_rect_dsc
 .text.lv_obj_init_draw_label_dsc
                0x0800738c       0xae CMakeFiles/lv_imp.elf.dir/lvgl/src/core/lv_obj_draw.c.obj
                0x0800738c                lv_obj_init_draw_label_dsc
 .text.lv_obj_init_draw_img_dsc
                0x0800743a       0xae CMakeFiles/lv_imp.elf.dir/lvgl/src/core/lv_obj_draw.c.obj
                0x0800743a                lv_obj_init_draw_img_dsc
 .text.lv_obj_init_draw_line_dsc
                0x080074e8       0xbc CMakeFiles/lv_imp.elf.dir/lvgl/src/core/lv_obj_draw.c.obj
                0x080074e8                lv_obj_init_draw_line_dsc
 .text.lv_obj_init_draw_arc_dsc
                0x080075a4       0xa2 CMakeFiles/lv_imp.elf.dir/lvgl/src/core/lv_obj_draw.c.obj
                0x080075a4                lv_obj_init_draw_arc_dsc
 .text.lv_obj_calculate_ext_draw_size
                0x08007646       0xd8 CMakeFiles/lv_imp.elf.dir/lvgl/src/core/lv_obj_draw.c.obj
                0x08007646                lv_obj_calculate_ext_draw_size
 .text.lv_obj_draw_dsc_init
                0x0800771e       0x12 CMakeFiles/lv_imp.elf.dir/lvgl/src/core/lv_obj_draw.c.obj
                0x0800771e                lv_obj_draw_dsc_init
 .text._lv_obj_get_ext_draw_size
                0x08007730        0xe CMakeFiles/lv_imp.elf.dir/lvgl/src/core/lv_obj_draw.c.obj
                0x08007730                _lv_obj_get_ext_draw_size
 .text.lv_obj_refresh_ext_draw_size
                0x0800773e       0x64 CMakeFiles/lv_imp.elf.dir/lvgl/src/core/lv_obj_draw.c.obj
                0x0800773e                lv_obj_refresh_ext_draw_size
 .text._lv_obj_get_layer_type
                0x080077a2       0x10 CMakeFiles/lv_imp.elf.dir/lvgl/src/core/lv_obj_draw.c.obj
                0x080077a2                _lv_obj_get_layer_type
 *fill*         0x080077b2        0x2 
 .text.event_is_bubbled
                0x080077b4       0xac CMakeFiles/lv_imp.elf.dir/lvgl/src/core/lv_obj_event.c.obj
 .text.lv_obj_event_base
                0x08007860       0x42 CMakeFiles/lv_imp.elf.dir/lvgl/src/core/lv_obj_event.c.obj
                0x08007860                lv_obj_event_base
 .text.event_send_core
                0x080078a2       0x80 CMakeFiles/lv_imp.elf.dir/lvgl/src/core/lv_obj_event.c.obj
 .text.lv_obj_send_event
                0x08007922       0x52 CMakeFiles/lv_imp.elf.dir/lvgl/src/core/lv_obj_event.c.obj
                0x08007922                lv_obj_send_event
 .text.lv_obj_add_event
                0x08007974       0x1e CMakeFiles/lv_imp.elf.dir/lvgl/src/core/lv_obj_event.c.obj
                0x08007974                lv_obj_add_event
 .text.lv_event_get_indev
                0x08007992       0x32 CMakeFiles/lv_imp.elf.dir/lvgl/src/core/lv_obj_event.c.obj
                0x08007992                lv_event_get_indev
 .text.lv_event_get_draw_ctx
                0x080079c4       0x24 CMakeFiles/lv_imp.elf.dir/lvgl/src/core/lv_obj_event.c.obj
                0x080079c4                lv_event_get_draw_ctx
 .text.lv_event_set_ext_draw_size
                0x080079e8       0x1e CMakeFiles/lv_imp.elf.dir/lvgl/src/core/lv_obj_event.c.obj
                0x080079e8                lv_event_set_ext_draw_size
 *fill*         0x08007a06        0x2 
 .text.transform_point
                0x08007a08      0x118 CMakeFiles/lv_imp.elf.dir/lvgl/src/core/lv_obj_pos.c.obj
 .text.lv_obj_set_x
                0x08007b20       0x2e CMakeFiles/lv_imp.elf.dir/lvgl/src/core/lv_obj_pos.c.obj
                0x08007b20                lv_obj_set_x
 .text.lv_obj_set_y
                0x08007b4e       0x2e CMakeFiles/lv_imp.elf.dir/lvgl/src/core/lv_obj_pos.c.obj
                0x08007b4e                lv_obj_set_y
 .text.lv_obj_set_pos
                0x08007b7c       0x14 CMakeFiles/lv_imp.elf.dir/lvgl/src/core/lv_obj_pos.c.obj
                0x08007b7c                lv_obj_set_pos
 .text.lv_obj_set_width
                0x08007b90       0x2e CMakeFiles/lv_imp.elf.dir/lvgl/src/core/lv_obj_pos.c.obj
                0x08007b90                lv_obj_set_width
 .text.lv_obj_set_height
                0x08007bbe       0x2e CMakeFiles/lv_imp.elf.dir/lvgl/src/core/lv_obj_pos.c.obj
                0x08007bbe                lv_obj_set_height
 .text.lv_obj_set_size
                0x08007bec       0x14 CMakeFiles/lv_imp.elf.dir/lvgl/src/core/lv_obj_pos.c.obj
                0x08007bec                lv_obj_set_size
 .text.lv_obj_is_layout_positioned
                0x08007c00       0x34 CMakeFiles/lv_imp.elf.dir/lvgl/src/core/lv_obj_pos.c.obj
                0x08007c00                lv_obj_is_layout_positioned
 .text.lv_obj_mark_layout_as_dirty
                0x08007c34       0x2e CMakeFiles/lv_imp.elf.dir/lvgl/src/core/lv_obj_pos.c.obj
                0x08007c34                lv_obj_mark_layout_as_dirty
 .text.lv_obj_set_layout
                0x08007c62       0x14 CMakeFiles/lv_imp.elf.dir/lvgl/src/core/lv_obj_pos.c.obj
                0x08007c62                lv_obj_set_layout
 *fill*         0x08007c76        0x2 
 .text.lv_layout_register
                0x08007c78       0x44 CMakeFiles/lv_imp.elf.dir/lvgl/src/core/lv_obj_pos.c.obj
                0x08007c78                lv_layout_register
 .text.lv_obj_align
                0x08007cbc       0x1a CMakeFiles/lv_imp.elf.dir/lvgl/src/core/lv_obj_pos.c.obj
                0x08007cbc                lv_obj_align
 .text.lv_obj_get_coords
                0x08007cd6       0x1a CMakeFiles/lv_imp.elf.dir/lvgl/src/core/lv_obj_pos.c.obj
                0x08007cd6                lv_obj_get_coords
 .text.lv_obj_get_x
                0x08007cf0       0x5e CMakeFiles/lv_imp.elf.dir/lvgl/src/core/lv_obj_pos.c.obj
                0x08007cf0                lv_obj_get_x
 .text.lv_obj_get_y
                0x08007d4e       0x5e CMakeFiles/lv_imp.elf.dir/lvgl/src/core/lv_obj_pos.c.obj
                0x08007d4e                lv_obj_get_y
 .text.lv_obj_get_width
                0x08007dac       0x10 CMakeFiles/lv_imp.elf.dir/lvgl/src/core/lv_obj_pos.c.obj
                0x08007dac                lv_obj_get_width
 .text.lv_obj_get_height
                0x08007dbc       0x10 CMakeFiles/lv_imp.elf.dir/lvgl/src/core/lv_obj_pos.c.obj
                0x08007dbc                lv_obj_get_height
 .text.lv_obj_get_y2
                0x08007dcc       0x18 CMakeFiles/lv_imp.elf.dir/lvgl/src/core/lv_obj_pos.c.obj
                0x08007dcc                lv_obj_get_y2
 .text.lv_obj_get_content_width
                0x08007de4       0x74 CMakeFiles/lv_imp.elf.dir/lvgl/src/core/lv_obj_pos.c.obj
                0x08007de4                lv_obj_get_content_width
 .text.lv_obj_get_content_height
                0x08007e58       0x74 CMakeFiles/lv_imp.elf.dir/lvgl/src/core/lv_obj_pos.c.obj
                0x08007e58                lv_obj_get_content_height
 .text.lv_obj_get_content_coords
                0x08007ecc       0xe8 CMakeFiles/lv_imp.elf.dir/lvgl/src/core/lv_obj_pos.c.obj
                0x08007ecc                lv_obj_get_content_coords
 .text.lv_obj_get_self_width
                0x08007fb4       0x24 CMakeFiles/lv_imp.elf.dir/lvgl/src/core/lv_obj_pos.c.obj
                0x08007fb4                lv_obj_get_self_width
 .text.calc_content_width
                0x08007fd8      0x258 CMakeFiles/lv_imp.elf.dir/lvgl/src/core/lv_obj_pos.c.obj
 .text.lv_obj_get_self_height
                0x08008230       0x24 CMakeFiles/lv_imp.elf.dir/lvgl/src/core/lv_obj_pos.c.obj
                0x08008230                lv_obj_get_self_height
 .text.calc_content_height
                0x08008254      0x164 CMakeFiles/lv_imp.elf.dir/lvgl/src/core/lv_obj_pos.c.obj
 .text.lv_obj_refresh_self_size
                0x080083b8       0x34 CMakeFiles/lv_imp.elf.dir/lvgl/src/core/lv_obj_pos.c.obj
                0x080083b8                lv_obj_refresh_self_size
 .text.lv_obj_move_children_by
                0x080083ec       0x6c CMakeFiles/lv_imp.elf.dir/lvgl/src/core/lv_obj_pos.c.obj
                0x080083ec                lv_obj_move_children_by
 .text.lv_obj_transform_point
                0x08008458       0x66 CMakeFiles/lv_imp.elf.dir/lvgl/src/core/lv_obj_pos.c.obj
                0x08008458                lv_obj_transform_point
 .text.lv_obj_get_transformed_area
                0x080084be       0xec CMakeFiles/lv_imp.elf.dir/lvgl/src/core/lv_obj_pos.c.obj
                0x080084be                lv_obj_get_transformed_area
 .text.lv_obj_area_is_visible
                0x080085aa      0x122 CMakeFiles/lv_imp.elf.dir/lvgl/src/core/lv_obj_pos.c.obj
                0x080085aa                lv_obj_area_is_visible
 .text.lv_obj_invalidate_area
                0x080086cc       0x50 CMakeFiles/lv_imp.elf.dir/lvgl/src/core/lv_obj_pos.c.obj
                0x080086cc                lv_obj_invalidate_area
 .text.lv_obj_invalidate
                0x0800871c       0x52 CMakeFiles/lv_imp.elf.dir/lvgl/src/core/lv_obj_pos.c.obj
                0x0800871c                lv_obj_invalidate
 .text.lv_obj_move_to
                0x0800876e      0x174 CMakeFiles/lv_imp.elf.dir/lvgl/src/core/lv_obj_pos.c.obj
                0x0800876e                lv_obj_move_to
 *fill*         0x080088e2        0x2 
 .text.lv_obj_refr_pos
                0x080088e4      0x29c CMakeFiles/lv_imp.elf.dir/lvgl/src/core/lv_obj_pos.c.obj
                0x080088e4                lv_obj_refr_pos
 .text.lv_obj_is_visible
                0x08008b80       0x52 CMakeFiles/lv_imp.elf.dir/lvgl/src/core/lv_obj_pos.c.obj
                0x08008b80                lv_obj_is_visible
 .text.lv_obj_set_ext_click_area
                0x08008bd2       0x10 CMakeFiles/lv_imp.elf.dir/lvgl/src/core/lv_obj_pos.c.obj
                0x08008bd2                lv_obj_set_ext_click_area
 .text.lv_obj_get_click_area
                0x08008be2       0x42 CMakeFiles/lv_imp.elf.dir/lvgl/src/core/lv_obj_pos.c.obj
                0x08008be2                lv_obj_get_click_area
 .text.lv_obj_hit_test
                0x08008c24       0x64 CMakeFiles/lv_imp.elf.dir/lvgl/src/core/lv_obj_pos.c.obj
                0x08008c24                lv_obj_hit_test
 .text.lv_clamp_width
                0x08008c88       0x7c CMakeFiles/lv_imp.elf.dir/lvgl/src/core/lv_obj_pos.c.obj
                0x08008c88                lv_clamp_width
 .text.lv_clamp_height
                0x08008d04       0x7c CMakeFiles/lv_imp.elf.dir/lvgl/src/core/lv_obj_pos.c.obj
                0x08008d04                lv_clamp_height
 .text.lv_obj_refr_size
                0x08008d80      0x400 CMakeFiles/lv_imp.elf.dir/lvgl/src/core/lv_obj_pos.c.obj
                0x08008d80                lv_obj_refr_size
 .text.layout_update_core
                0x08009180       0x84 CMakeFiles/lv_imp.elf.dir/lvgl/src/core/lv_obj_pos.c.obj
 .text.lv_obj_update_layout
                0x08009204       0x40 CMakeFiles/lv_imp.elf.dir/lvgl/src/core/lv_obj_pos.c.obj
                0x08009204                lv_obj_update_layout
 .text.lv_obj_align_to
                0x08009244      0x4f2 CMakeFiles/lv_imp.elf.dir/lvgl/src/core/lv_obj_pos.c.obj
                0x08009244                lv_obj_align_to
 .text.scroll_anim_ready_cb
                0x08009736        0xe CMakeFiles/lv_imp.elf.dir/lvgl/src/core/lv_obj_scroll.c.obj
 .text.lv_obj_set_scrollbar_mode
                0x08009744       0x26 CMakeFiles/lv_imp.elf.dir/lvgl/src/core/lv_obj_scroll.c.obj
                0x08009744                lv_obj_set_scrollbar_mode
 .text.lv_obj_set_scroll_dir
                0x0800976a       0x20 CMakeFiles/lv_imp.elf.dir/lvgl/src/core/lv_obj_scroll.c.obj
                0x0800976a                lv_obj_set_scroll_dir
 .text.lv_obj_set_scroll_snap_x
                0x0800978a       0x16 CMakeFiles/lv_imp.elf.dir/lvgl/src/core/lv_obj_scroll.c.obj
                0x0800978a                lv_obj_set_scroll_snap_x
 .text.lv_obj_set_scroll_snap_y
                0x080097a0       0x16 CMakeFiles/lv_imp.elf.dir/lvgl/src/core/lv_obj_scroll.c.obj
                0x080097a0                lv_obj_set_scroll_snap_y
 .text.lv_obj_get_scrollbar_mode
                0x080097b6       0x10 CMakeFiles/lv_imp.elf.dir/lvgl/src/core/lv_obj_scroll.c.obj
                0x080097b6                lv_obj_get_scrollbar_mode
 .text.lv_obj_get_scroll_dir
                0x080097c6       0x10 CMakeFiles/lv_imp.elf.dir/lvgl/src/core/lv_obj_scroll.c.obj
                0x080097c6                lv_obj_get_scroll_dir
 .text.lv_obj_get_scroll_snap_x
                0x080097d6       0x10 CMakeFiles/lv_imp.elf.dir/lvgl/src/core/lv_obj_scroll.c.obj
                0x080097d6                lv_obj_get_scroll_snap_x
 .text.lv_obj_get_scroll_snap_y
                0x080097e6       0x10 CMakeFiles/lv_imp.elf.dir/lvgl/src/core/lv_obj_scroll.c.obj
                0x080097e6                lv_obj_get_scroll_snap_y
 .text.lv_obj_get_scroll_x
                0x080097f6       0x10 CMakeFiles/lv_imp.elf.dir/lvgl/src/core/lv_obj_scroll.c.obj
                0x080097f6                lv_obj_get_scroll_x
 .text.lv_obj_get_scroll_y
                0x08009806       0x10 CMakeFiles/lv_imp.elf.dir/lvgl/src/core/lv_obj_scroll.c.obj
                0x08009806                lv_obj_get_scroll_y
 .text.lv_obj_get_scroll_top
                0x08009816       0x10 CMakeFiles/lv_imp.elf.dir/lvgl/src/core/lv_obj_scroll.c.obj
                0x08009816                lv_obj_get_scroll_top
 *fill*         0x08009826        0x2 
 .text.lv_obj_get_scroll_bottom
                0x08009828       0xf4 CMakeFiles/lv_imp.elf.dir/lvgl/src/core/lv_obj_scroll.c.obj
                0x08009828                lv_obj_get_scroll_bottom
 .text.lv_obj_get_scroll_left
                0x0800991c      0x124 CMakeFiles/lv_imp.elf.dir/lvgl/src/core/lv_obj_scroll.c.obj
                0x0800991c                lv_obj_get_scroll_left
 .text.lv_obj_get_scroll_right
                0x08009a40      0x114 CMakeFiles/lv_imp.elf.dir/lvgl/src/core/lv_obj_scroll.c.obj
                0x08009a40                lv_obj_get_scroll_right
 .text.lv_obj_get_scroll_end
                0x08009b54       0x44 CMakeFiles/lv_imp.elf.dir/lvgl/src/core/lv_obj_scroll.c.obj
                0x08009b54                lv_obj_get_scroll_end
 .text._lv_obj_scroll_by_raw
                0x08009b98       0x4e CMakeFiles/lv_imp.elf.dir/lvgl/src/core/lv_obj_scroll.c.obj
                0x08009b98                _lv_obj_scroll_by_raw
 .text.scroll_y_anim
                0x08009be6       0x1a CMakeFiles/lv_imp.elf.dir/lvgl/src/core/lv_obj_scroll.c.obj
 .text.scroll_x_anim
                0x08009c00       0x1a CMakeFiles/lv_imp.elf.dir/lvgl/src/core/lv_obj_scroll.c.obj
 *fill*         0x08009c1a        0x2 
 .text.lv_obj_scroll_by
                0x08009c1c      0x120 CMakeFiles/lv_imp.elf.dir/lvgl/src/core/lv_obj_scroll.c.obj
                0x08009c1c                lv_obj_scroll_by
 .text.lv_obj_scroll_by_bounded
                0x08009d3c       0xfa CMakeFiles/lv_imp.elf.dir/lvgl/src/core/lv_obj_scroll.c.obj
                0x08009d3c                lv_obj_scroll_by_bounded
 *fill*         0x08009e36        0x2 
 .text.lv_obj_scroll_to_x
                0x08009e38       0x28 CMakeFiles/lv_imp.elf.dir/lvgl/src/core/lv_obj_scroll.c.obj
                0x08009e38                lv_obj_scroll_to_x
 .text.lv_obj_scroll_to_y
                0x08009e60       0x28 CMakeFiles/lv_imp.elf.dir/lvgl/src/core/lv_obj_scroll.c.obj
                0x08009e60                lv_obj_scroll_to_y
 .text.lv_obj_scroll_to
                0x08009e88       0x1a CMakeFiles/lv_imp.elf.dir/lvgl/src/core/lv_obj_scroll.c.obj
                0x08009e88                lv_obj_scroll_to
 *fill*         0x08009ea2        0x2 
 .text.scroll_area_into_view
                0x08009ea4      0x430 CMakeFiles/lv_imp.elf.dir/lvgl/src/core/lv_obj_scroll.c.obj
 .text.lv_obj_scroll_to_view_recursive
                0x0800a2d4       0x40 CMakeFiles/lv_imp.elf.dir/lvgl/src/core/lv_obj_scroll.c.obj
                0x0800a2d4                lv_obj_scroll_to_view_recursive
 .text.lv_obj_get_scrollbar_area
                0x0800a314      0x810 CMakeFiles/lv_imp.elf.dir/lvgl/src/core/lv_obj_scroll.c.obj
                0x0800a314                lv_obj_get_scrollbar_area
 .text.lv_obj_scrollbar_invalidate
                0x0800ab24       0x46 CMakeFiles/lv_imp.elf.dir/lvgl/src/core/lv_obj_scroll.c.obj
                0x0800ab24                lv_obj_scrollbar_invalidate
 .text.lv_obj_readjust_scroll
                0x0800ab6a       0x96 CMakeFiles/lv_imp.elf.dir/lvgl/src/core/lv_obj_scroll.c.obj
                0x0800ab6a                lv_obj_readjust_scroll
 .text.trans_del
                0x0800ac00       0xb0 CMakeFiles/lv_imp.elf.dir/lvgl/src/core/lv_obj_style.c.obj
 .text.refresh_children_style
                0x0800acb0       0x3a CMakeFiles/lv_imp.elf.dir/lvgl/src/core/lv_obj_style.c.obj
 .text.get_local_style
                0x0800acea       0xd0 CMakeFiles/lv_imp.elf.dir/lvgl/src/core/lv_obj_style.c.obj
 .text.get_trans_style
                0x0800adba       0xb6 CMakeFiles/lv_imp.elf.dir/lvgl/src/core/lv_obj_style.c.obj
 .text._lv_obj_style_init
                0x0800ae70       0x10 CMakeFiles/lv_imp.elf.dir/lvgl/src/core/lv_obj_style.c.obj
                0x0800ae70                _lv_obj_style_init
 .text.lv_obj_enable_style_refresh
                0x0800ae80        0xc CMakeFiles/lv_imp.elf.dir/lvgl/src/core/lv_obj_style.c.obj
                0x0800ae80                lv_obj_enable_style_refresh
 .text.lv_obj_get_local_style_prop
                0x0800ae8c       0x42 CMakeFiles/lv_imp.elf.dir/lvgl/src/core/lv_obj_style.c.obj
                0x0800ae8c                lv_obj_get_local_style_prop
 .text.lv_obj_style_get_selector_state
                0x0800aece        0x4 CMakeFiles/lv_imp.elf.dir/lvgl/src/core/lv_obj_style.c.obj
                0x0800aece                lv_obj_style_get_selector_state
 .text._lv_obj_style_state_compare
                0x0800aed2      0x26a CMakeFiles/lv_imp.elf.dir/lvgl/src/core/lv_obj_style.c.obj
                0x0800aed2                _lv_obj_style_state_compare
 .text.lv_obj_style_get_selector_part
                0x0800b13c        0x6 CMakeFiles/lv_imp.elf.dir/lvgl/src/core/lv_obj_style.c.obj
                0x0800b13c                lv_obj_style_get_selector_part
 .text.get_prop_core
                0x0800b142      0x12a CMakeFiles/lv_imp.elf.dir/lvgl/src/core/lv_obj_style.c.obj
 .text.lv_obj_get_style_prop
                0x0800b26c       0x9c CMakeFiles/lv_imp.elf.dir/lvgl/src/core/lv_obj_style.c.obj
                0x0800b26c                lv_obj_get_style_prop
 .text.calculate_layer_type
                0x0800b308       0x52 CMakeFiles/lv_imp.elf.dir/lvgl/src/core/lv_obj_style.c.obj
 *fill*         0x0800b35a        0x2 
 .text._lv_obj_style_create_transition
                0x0800b35c      0x150 CMakeFiles/lv_imp.elf.dir/lvgl/src/core/lv_obj_style.c.obj
                0x0800b35c                _lv_obj_style_create_transition
 .text._lv_obj_style_apply_color_filter
                0x0800b4ac       0x3c CMakeFiles/lv_imp.elf.dir/lvgl/src/core/lv_obj_style.c.obj
                0x0800b4ac                _lv_obj_style_apply_color_filter
 .text.lv_obj_refresh_style
                0x0800b4e8      0x128 CMakeFiles/lv_imp.elf.dir/lvgl/src/core/lv_obj_style.c.obj
                0x0800b4e8                lv_obj_refresh_style
 .text.lv_obj_add_style
                0x0800b610       0xce CMakeFiles/lv_imp.elf.dir/lvgl/src/core/lv_obj_style.c.obj
                0x0800b610                lv_obj_add_style
 .text.report_style_change_core
                0x0800b6de       0x52 CMakeFiles/lv_imp.elf.dir/lvgl/src/core/lv_obj_style.c.obj
 .text.lv_obj_report_style_change
                0x0800b730       0x44 CMakeFiles/lv_imp.elf.dir/lvgl/src/core/lv_obj_style.c.obj
                0x0800b730                lv_obj_report_style_change
 .text.lv_obj_set_local_style_prop
                0x0800b774       0x24 CMakeFiles/lv_imp.elf.dir/lvgl/src/core/lv_obj_style.c.obj
                0x0800b774                lv_obj_set_local_style_prop
 .text.lv_obj_remove_local_style_prop
                0x0800b798       0x5e CMakeFiles/lv_imp.elf.dir/lvgl/src/core/lv_obj_style.c.obj
                0x0800b798                lv_obj_remove_local_style_prop
 *fill*         0x0800b7f6        0x2 
 .text.trans_anim_cb
                0x0800b7f8      0x194 CMakeFiles/lv_imp.elf.dir/lvgl/src/core/lv_obj_style.c.obj
 .text.lv_obj_remove_style
                0x0800b98c      0x132 CMakeFiles/lv_imp.elf.dir/lvgl/src/core/lv_obj_style.c.obj
                0x0800b98c                lv_obj_remove_style
 *fill*         0x0800babe        0x2 
 .text.lv_obj_remove_style_all
                0x0800bac0       0x10 CMakeFiles/lv_imp.elf.dir/lvgl/src/core/lv_obj_style.c.obj
                0x0800bac0                lv_obj_remove_style_all
 .text.trans_anim_ready_cb
                0x0800bad0       0xac CMakeFiles/lv_imp.elf.dir/lvgl/src/core/lv_obj_style.c.obj
 .text.trans_anim_start_cb
                0x0800bb7c       0x40 CMakeFiles/lv_imp.elf.dir/lvgl/src/core/lv_obj_style.c.obj
 .text.lv_obj_calculate_style_text_align
                0x0800bbbc       0x20 CMakeFiles/lv_imp.elf.dir/lvgl/src/core/lv_obj_style.c.obj
                0x0800bbbc                lv_obj_calculate_style_text_align
 .text.lv_obj_set_style_width
                0x0800bbdc        0xe CMakeFiles/lv_imp.elf.dir/lvgl/src/core/lv_obj_style_gen.c.obj
                0x0800bbdc                lv_obj_set_style_width
 .text.lv_obj_set_style_min_width
                0x0800bbea        0xe CMakeFiles/lv_imp.elf.dir/lvgl/src/core/lv_obj_style_gen.c.obj
                0x0800bbea                lv_obj_set_style_min_width
 .text.lv_obj_set_style_height
                0x0800bbf8        0xe CMakeFiles/lv_imp.elf.dir/lvgl/src/core/lv_obj_style_gen.c.obj
                0x0800bbf8                lv_obj_set_style_height
 .text.lv_obj_set_style_x
                0x0800bc06        0xe CMakeFiles/lv_imp.elf.dir/lvgl/src/core/lv_obj_style_gen.c.obj
                0x0800bc06                lv_obj_set_style_x
 .text.lv_obj_set_style_y
                0x0800bc14        0xe CMakeFiles/lv_imp.elf.dir/lvgl/src/core/lv_obj_style_gen.c.obj
                0x0800bc14                lv_obj_set_style_y
 .text.lv_obj_set_style_align
                0x0800bc22        0xe CMakeFiles/lv_imp.elf.dir/lvgl/src/core/lv_obj_style_gen.c.obj
                0x0800bc22                lv_obj_set_style_align
 .text.lv_obj_set_style_bg_img_src
                0x0800bc30        0xe CMakeFiles/lv_imp.elf.dir/lvgl/src/core/lv_obj_style_gen.c.obj
                0x0800bc30                lv_obj_set_style_bg_img_src
 .text.lv_obj_set_style_text_align
                0x0800bc3e        0xe CMakeFiles/lv_imp.elf.dir/lvgl/src/core/lv_obj_style_gen.c.obj
                0x0800bc3e                lv_obj_set_style_text_align
 .text.lv_obj_set_style_layout
                0x0800bc4c        0xe CMakeFiles/lv_imp.elf.dir/lvgl/src/core/lv_obj_style_gen.c.obj
                0x0800bc4c                lv_obj_set_style_layout
 .text.lv_obj_set_style_base_dir
                0x0800bc5a        0xe CMakeFiles/lv_imp.elf.dir/lvgl/src/core/lv_obj_style_gen.c.obj
                0x0800bc5a                lv_obj_set_style_base_dir
 .text.lv_obj_get_parent
                0x0800bc68        0x8 CMakeFiles/lv_imp.elf.dir/lvgl/src/core/lv_obj_tree.c.obj
                0x0800bc68                lv_obj_get_parent
 .text.lv_obj_get_screen
                0x0800bc70       0x10 CMakeFiles/lv_imp.elf.dir/lvgl/src/core/lv_obj_tree.c.obj
                0x0800bc70                lv_obj_get_screen
 .text.lv_obj_get_disp
                0x0800bc80       0x40 CMakeFiles/lv_imp.elf.dir/lvgl/src/core/lv_obj_tree.c.obj
                0x0800bc80                lv_obj_get_disp
 .text.lv_obj_get_child
                0x0800bcc0       0x2a CMakeFiles/lv_imp.elf.dir/lvgl/src/core/lv_obj_tree.c.obj
                0x0800bcc0                lv_obj_get_child
 .text.lv_obj_get_child_cnt
                0x0800bcea        0xc CMakeFiles/lv_imp.elf.dir/lvgl/src/core/lv_obj_tree.c.obj
                0x0800bcea                lv_obj_get_child_cnt
 .text.lv_obj_get_index
                0x0800bcf6       0x34 CMakeFiles/lv_imp.elf.dir/lvgl/src/core/lv_obj_tree.c.obj
                0x0800bcf6                lv_obj_get_index
 *fill*         0x0800bd2a        0x2 
 .text.obj_del_core
                0x0800bd2c      0x13c CMakeFiles/lv_imp.elf.dir/lvgl/src/core/lv_obj_tree.c.obj
 .text.lv_obj_del
                0x0800be68       0x72 CMakeFiles/lv_imp.elf.dir/lvgl/src/core/lv_obj_tree.c.obj
                0x0800be68                lv_obj_del
 .text.lv_obj_del_async_cb
                0x0800beda        0x8 CMakeFiles/lv_imp.elf.dir/lvgl/src/core/lv_obj_tree.c.obj
 .text.lv_obj_set_parent
                0x0800bee2       0xda CMakeFiles/lv_imp.elf.dir/lvgl/src/core/lv_obj_tree.c.obj
                0x0800bee2                lv_obj_set_parent
 .text.lv_obj_move_to_index
                0x0800bfbc       0x80 CMakeFiles/lv_imp.elf.dir/lvgl/src/core/lv_obj_tree.c.obj
                0x0800bfbc                lv_obj_move_to_index
 .text.draw_buf_rotate_180
                0x0800c03c       0x8a CMakeFiles/lv_imp.elf.dir/lvgl/src/core/lv_refr.c.obj
 .text.draw_buf_rotate_90
                0x0800c0c6       0x5a CMakeFiles/lv_imp.elf.dir/lvgl/src/core/lv_refr.c.obj
 .text.draw_buf_rotate_90_sqr
                0x0800c120       0xb6 CMakeFiles/lv_imp.elf.dir/lvgl/src/core/lv_refr.c.obj
 .text.call_flush_cb
                0x0800c1d6       0x44 CMakeFiles/lv_imp.elf.dir/lvgl/src/core/lv_refr.c.obj
 .text.lv_refr_get_top_obj
                0x0800c21a       0x82 CMakeFiles/lv_imp.elf.dir/lvgl/src/core/lv_refr.c.obj
 .text.layer_get_area
                0x0800c29c       0xb0 CMakeFiles/lv_imp.elf.dir/lvgl/src/core/lv_refr.c.obj
 .text.layer_alpha_test
                0x0800c34c       0x6c CMakeFiles/lv_imp.elf.dir/lvgl/src/core/lv_refr.c.obj
 .text.lv_refr_join_area
                0x0800c3b8       0xd4 CMakeFiles/lv_imp.elf.dir/lvgl/src/core/lv_refr.c.obj
 .text.get_max_row
                0x0800c48c       0x90 CMakeFiles/lv_imp.elf.dir/lvgl/src/core/lv_refr.c.obj
 .text.draw_buf_rotate
                0x0800c51c      0x234 CMakeFiles/lv_imp.elf.dir/lvgl/src/core/lv_refr.c.obj
 .text.draw_buf_flush
                0x0800c750       0xa8 CMakeFiles/lv_imp.elf.dir/lvgl/src/core/lv_refr.c.obj
 .text._lv_refr_init
                0x0800c7f8        0x2 CMakeFiles/lv_imp.elf.dir/lvgl/src/core/lv_refr.c.obj
                0x0800c7f8                _lv_refr_init
 .text.lv_obj_redraw
                0x0800c7fa       0xf0 CMakeFiles/lv_imp.elf.dir/lvgl/src/core/lv_refr.c.obj
                0x0800c7fa                lv_obj_redraw
 *fill*         0x0800c8ea        0x2 
 .text.refr_obj
                0x0800c8ec      0x268 CMakeFiles/lv_imp.elf.dir/lvgl/src/core/lv_refr.c.obj
 .text.refr_obj_and_children
                0x0800cb54       0x90 CMakeFiles/lv_imp.elf.dir/lvgl/src/core/lv_refr.c.obj
 .text.refr_area_part
                0x0800cbe4      0x108 CMakeFiles/lv_imp.elf.dir/lvgl/src/core/lv_refr.c.obj
 .text.refr_area
                0x0800ccec      0x18c CMakeFiles/lv_imp.elf.dir/lvgl/src/core/lv_refr.c.obj
 .text.refr_invalid_areas
                0x0800ce78       0xc8 CMakeFiles/lv_imp.elf.dir/lvgl/src/core/lv_refr.c.obj
 .text._lv_inv_area
                0x0800cf40      0x11e CMakeFiles/lv_imp.elf.dir/lvgl/src/core/lv_refr.c.obj
                0x0800cf40                _lv_inv_area
 *fill*         0x0800d05e        0x2 
 .text._lv_refr_get_disp_refreshing
                0x0800d060        0xc CMakeFiles/lv_imp.elf.dir/lvgl/src/core/lv_refr.c.obj
                0x0800d060                _lv_refr_get_disp_refreshing
 .text._lv_disp_refr_timer
                0x0800d06c      0x170 CMakeFiles/lv_imp.elf.dir/lvgl/src/core/lv_refr.c.obj
                0x0800d06c                _lv_disp_refr_timer
 .text.apply_theme
                0x0800d1dc       0x1a CMakeFiles/lv_imp.elf.dir/lvgl/src/core/lv_theme.c.obj
 .text.apply_theme_recursion
                0x0800d1f6       0x28 CMakeFiles/lv_imp.elf.dir/lvgl/src/core/lv_theme.c.obj
 .text.lv_theme_get_from_obj
                0x0800d21e       0x14 CMakeFiles/lv_imp.elf.dir/lvgl/src/core/lv_theme.c.obj
                0x0800d21e                lv_theme_get_from_obj
 .text.lv_theme_apply
                0x0800d232       0x1c CMakeFiles/lv_imp.elf.dir/lvgl/src/core/lv_theme.c.obj
                0x0800d232                lv_theme_apply
 .text.lv_theme_get_color_primary
                0x0800d24e       0x14 CMakeFiles/lv_imp.elf.dir/lvgl/src/core/lv_theme.c.obj
                0x0800d24e                lv_theme_get_color_primary
 .text.lv_draw_init
                0x0800d262        0x2 CMakeFiles/lv_imp.elf.dir/lvgl/src/draw/lv_draw.c.obj
                0x0800d262                lv_draw_init
 .text.lv_draw_wait_for_finish
                0x0800d264        0xa CMakeFiles/lv_imp.elf.dir/lvgl/src/draw/lv_draw.c.obj
                0x0800d264                lv_draw_wait_for_finish
 .text.lv_draw_arc_dsc_init
                0x0800d26e       0x1c CMakeFiles/lv_imp.elf.dir/lvgl/src/draw/lv_draw_arc.c.obj
                0x0800d26e                lv_draw_arc_dsc_init
 .text.lv_draw_arc
                0x0800d28a       0x2c CMakeFiles/lv_imp.elf.dir/lvgl/src/draw/lv_draw_arc.c.obj
                0x0800d28a                lv_draw_arc
 *fill*         0x0800d2b6        0x2 
 .text.lv_draw_arc_get_area
                0x0800d2b8      0x4bc CMakeFiles/lv_imp.elf.dir/lvgl/src/draw/lv_draw_arc.c.obj
                0x0800d2b8                lv_draw_arc_get_area
 .text.draw_cleanup
                0x0800d774        0x8 CMakeFiles/lv_imp.elf.dir/lvgl/src/draw/lv_draw_img.c.obj
 .text.show_error
                0x0800d77c       0x3c CMakeFiles/lv_imp.elf.dir/lvgl/src/draw/lv_draw_img.c.obj
 .text.lv_draw_img_dsc_init
                0x0800d7b8       0x26 CMakeFiles/lv_imp.elf.dir/lvgl/src/draw/lv_draw_img.c.obj
                0x0800d7b8                lv_draw_img_dsc_init
 .text.lv_img_src_get_type
                0x0800d7de       0x24 CMakeFiles/lv_imp.elf.dir/lvgl/src/draw/lv_draw_img.c.obj
                0x0800d7de                lv_img_src_get_type
 .text.lv_draw_img_decoded
                0x0800d802       0x18 CMakeFiles/lv_imp.elf.dir/lvgl/src/draw/lv_draw_img.c.obj
                0x0800d802                lv_draw_img_decoded
 .text.decode_and_draw
                0x0800d81a      0x25c CMakeFiles/lv_imp.elf.dir/lvgl/src/draw/lv_draw_img.c.obj
 *fill*         0x0800da76        0x2 
 .text.lv_draw_img
                0x0800da78       0x40 CMakeFiles/lv_imp.elf.dir/lvgl/src/draw/lv_draw_img.c.obj
                0x0800da78                lv_draw_img
 .text.hex_char_to_num
                0x0800dab8       0x3e CMakeFiles/lv_imp.elf.dir/lvgl/src/draw/lv_draw_label.c.obj
 *fill*         0x0800daf6        0x2 
 .text.lv_draw_label_dsc_init
                0x0800daf8       0x3c CMakeFiles/lv_imp.elf.dir/lvgl/src/draw/lv_draw_label.c.obj
                0x0800daf8                lv_draw_label_dsc_init
 .text.lv_draw_letter
                0x0800db34        0x8 CMakeFiles/lv_imp.elf.dir/lvgl/src/draw/lv_draw_label.c.obj
                0x0800db34                lv_draw_letter
 .text.lv_draw_label
                0x0800db3c      0x5bc CMakeFiles/lv_imp.elf.dir/lvgl/src/draw/lv_draw_label.c.obj
                0x0800db3c                lv_draw_label
 .text.lv_draw_layer_create
                0x0800e0f8       0x58 CMakeFiles/lv_imp.elf.dir/lvgl/src/draw/lv_draw_layer.c.obj
                0x0800e0f8                lv_draw_layer_create
 .text.lv_draw_layer_adjust
                0x0800e150        0xa CMakeFiles/lv_imp.elf.dir/lvgl/src/draw/lv_draw_layer.c.obj
                0x0800e150                lv_draw_layer_adjust
 .text.lv_draw_layer_blend
                0x0800e15a        0xa CMakeFiles/lv_imp.elf.dir/lvgl/src/draw/lv_draw_layer.c.obj
                0x0800e15a                lv_draw_layer_blend
 .text.lv_draw_layer_destroy
                0x0800e164       0x2e CMakeFiles/lv_imp.elf.dir/lvgl/src/draw/lv_draw_layer.c.obj
                0x0800e164                lv_draw_layer_destroy
 .text.lv_draw_line_dsc_init
                0x0800e192       0x1c CMakeFiles/lv_imp.elf.dir/lvgl/src/draw/lv_draw_line.c.obj
                0x0800e192                lv_draw_line_dsc_init
 .text.lv_draw_line
                0x0800e1ae       0x14 CMakeFiles/lv_imp.elf.dir/lvgl/src/draw/lv_draw_line.c.obj
                0x0800e1ae                lv_draw_line
 .text.circ_init
                0x0800e1c2        0xe CMakeFiles/lv_imp.elf.dir/lvgl/src/draw/lv_draw_mask.c.obj
 .text.circ_cont
                0x0800e1d0       0x12 CMakeFiles/lv_imp.elf.dir/lvgl/src/draw/lv_draw_mask.c.obj
 .text.circ_next
                0x0800e1e2       0x3c CMakeFiles/lv_imp.elf.dir/lvgl/src/draw/lv_draw_mask.c.obj
 .text.get_next_line
                0x0800e21e       0x2e CMakeFiles/lv_imp.elf.dir/lvgl/src/draw/lv_draw_mask.c.obj
 .text.line_mask_flat
                0x0800e24c      0x212 CMakeFiles/lv_imp.elf.dir/lvgl/src/draw/lv_draw_mask.c.obj
 .text.line_mask_steep
                0x0800e45e      0x2fc CMakeFiles/lv_imp.elf.dir/lvgl/src/draw/lv_draw_mask.c.obj
 .text.lv_draw_mask_line
                0x0800e75a       0xe2 CMakeFiles/lv_imp.elf.dir/lvgl/src/draw/lv_draw_mask.c.obj
 .text.lv_draw_mask_angle
                0x0800e83c      0x36a CMakeFiles/lv_imp.elf.dir/lvgl/src/draw/lv_draw_mask.c.obj
 .text.lv_draw_mask_radius
                0x0800eba6      0x310 CMakeFiles/lv_imp.elf.dir/lvgl/src/draw/lv_draw_mask.c.obj
 .text.circ_calc_aa4
                0x0800eeb6      0x2ee CMakeFiles/lv_imp.elf.dir/lvgl/src/draw/lv_draw_mask.c.obj
 .text.lv_draw_mask_add
                0x0800f1a4       0x34 CMakeFiles/lv_imp.elf.dir/lvgl/src/draw/lv_draw_mask.c.obj
                0x0800f1a4                lv_draw_mask_add
 .text.lv_draw_mask_apply
                0x0800f1d8       0x54 CMakeFiles/lv_imp.elf.dir/lvgl/src/draw/lv_draw_mask.c.obj
                0x0800f1d8                lv_draw_mask_apply
 .text.lv_draw_mask_remove_id
                0x0800f22c       0x24 CMakeFiles/lv_imp.elf.dir/lvgl/src/draw/lv_draw_mask.c.obj
                0x0800f22c                lv_draw_mask_remove_id
 .text.lv_draw_mask_remove_custom
                0x0800f250       0x34 CMakeFiles/lv_imp.elf.dir/lvgl/src/draw/lv_draw_mask.c.obj
                0x0800f250                lv_draw_mask_remove_custom
 .text.lv_draw_mask_free_param
                0x0800f284       0x3a CMakeFiles/lv_imp.elf.dir/lvgl/src/draw/lv_draw_mask.c.obj
                0x0800f284                lv_draw_mask_free_param
 *fill*         0x0800f2be        0x2 
 .text._lv_draw_mask_cleanup
                0x0800f2c0       0x3c CMakeFiles/lv_imp.elf.dir/lvgl/src/draw/lv_draw_mask.c.obj
                0x0800f2c0                _lv_draw_mask_cleanup
 .text.lv_draw_mask_is_any
                0x0800f2fc       0x68 CMakeFiles/lv_imp.elf.dir/lvgl/src/draw/lv_draw_mask.c.obj
                0x0800f2fc                lv_draw_mask_is_any
 .text.lv_draw_mask_line_points_init
                0x0800f364      0x174 CMakeFiles/lv_imp.elf.dir/lvgl/src/draw/lv_draw_mask.c.obj
                0x0800f364                lv_draw_mask_line_points_init
 .text.lv_draw_mask_line_angle_init
                0x0800f4d8       0x52 CMakeFiles/lv_imp.elf.dir/lvgl/src/draw/lv_draw_mask.c.obj
                0x0800f4d8                lv_draw_mask_line_angle_init
 *fill*         0x0800f52a        0x2 
 .text.lv_draw_mask_angle_init
                0x0800f52c       0xc8 CMakeFiles/lv_imp.elf.dir/lvgl/src/draw/lv_draw_mask.c.obj
                0x0800f52c                lv_draw_mask_angle_init
 .text.lv_draw_mask_radius_init
                0x0800f5f4      0x168 CMakeFiles/lv_imp.elf.dir/lvgl/src/draw/lv_draw_mask.c.obj
                0x0800f5f4                lv_draw_mask_radius_init
 .text.lv_draw_rect_dsc_init
                0x0800f75c       0x54 CMakeFiles/lv_imp.elf.dir/lvgl/src/draw/lv_draw_rect.c.obj
                0x0800f75c                lv_draw_rect_dsc_init
 .text.lv_draw_rect
                0x0800f7b0       0x30 CMakeFiles/lv_imp.elf.dir/lvgl/src/draw/lv_draw_rect.c.obj
                0x0800f7b0                lv_draw_rect
 .text.lv_draw_transform
                0x0800f7e0       0x38 CMakeFiles/lv_imp.elf.dir/lvgl/src/draw/lv_draw_transform.c.obj
                0x0800f7e0                lv_draw_transform
 .text._lv_img_buf_get_transformed_area
                0x0800f818      0x102 CMakeFiles/lv_imp.elf.dir/lvgl/src/draw/lv_img_buf.c.obj
                0x0800f818                _lv_img_buf_get_transformed_area
 .text.lv_img_cache_manager_init
                0x0800f91a       0x10 CMakeFiles/lv_imp.elf.dir/lvgl/src/draw/lv_img_cache.c.obj
                0x0800f91a                lv_img_cache_manager_init
 *fill*         0x0800f92a        0x2 
 .text.lv_img_cache_manager_apply
                0x0800f92c       0x18 CMakeFiles/lv_imp.elf.dir/lvgl/src/draw/lv_img_cache.c.obj
                0x0800f92c                lv_img_cache_manager_apply
 .text._lv_img_cache_open
                0x0800f944       0x14 CMakeFiles/lv_imp.elf.dir/lvgl/src/draw/lv_img_cache.c.obj
                0x0800f944                _lv_img_cache_open
 .text.lv_img_cache_invalidate_src
                0x0800f958       0x14 CMakeFiles/lv_imp.elf.dir/lvgl/src/draw/lv_img_cache.c.obj
                0x0800f958                lv_img_cache_invalidate_src
 .text.lv_img_cache_set_size_builtin
                0x0800f96c        0x2 CMakeFiles/lv_imp.elf.dir/lvgl/src/draw/lv_img_cache_builtin.c.obj
 .text.lv_img_cache_invalidate_src_builtin
                0x0800f96e        0x2 CMakeFiles/lv_imp.elf.dir/lvgl/src/draw/lv_img_cache_builtin.c.obj
 .text._lv_img_cache_open_builtin
                0x0800f970       0x60 CMakeFiles/lv_imp.elf.dir/lvgl/src/draw/lv_img_cache_builtin.c.obj
 .text._lv_img_cache_builtin_init
                0x0800f9d0       0x30 CMakeFiles/lv_imp.elf.dir/lvgl/src/draw/lv_img_cache_builtin.c.obj
                0x0800f9d0                _lv_img_cache_builtin_init
 .text.lv_img_decoder_built_in_info
                0x0800fa00       0xac CMakeFiles/lv_imp.elf.dir/lvgl/src/draw/lv_img_decoder.c.obj
                0x0800fa00                lv_img_decoder_built_in_info
 .text.lv_img_decoder_built_in_close
                0x0800faac       0x32 CMakeFiles/lv_imp.elf.dir/lvgl/src/draw/lv_img_decoder.c.obj
                0x0800faac                lv_img_decoder_built_in_close
 *fill*         0x0800fade        0x2 
 .text.lv_img_decoder_built_in_open
                0x0800fae0       0xbc CMakeFiles/lv_imp.elf.dir/lvgl/src/draw/lv_img_decoder.c.obj
                0x0800fae0                lv_img_decoder_built_in_open
 .text.lv_img_decoder_get_info
                0x0800fb9c       0x58 CMakeFiles/lv_imp.elf.dir/lvgl/src/draw/lv_img_decoder.c.obj
                0x0800fb9c                lv_img_decoder_get_info
 .text.lv_img_decoder_open